
> vitalium-backend@0.0.1 test:e2e
> jest --config ./test/jest-e2e.json --verbose

  console.log
    prisma:query DELETE FROM "public"."users" WHERE "public"."users"."email"::text LIKE $1

      at Object.Kl (../node_modules/@prisma/internals/src/logger.ts:13:11)

  console.log
    prisma:query DELETE FROM "public"."units" WHERE "public"."units"."name"::text LIKE $1

      at Object.Kl (../node_modules/@prisma/internals/src/logger.ts:13:11)

  console.log
    prisma:query DELETE FROM "public"."doctors" WHERE "public"."doctors"."crm"::text LIKE $1

      at Object.Kl (../node_modules/@prisma/internals/src/logger.ts:13:11)

  console.log
    prisma:query DELETE FROM "public"."users" WHERE "public"."users"."email"::text LIKE $1

      at Object.Kl (../node_modules/@prisma/internals/src/logger.ts:13:11)

  console.log
    prisma:query INSERT INTO "public"."users" ("id","email","password","firstName","lastName","phone","isActive","role","createdAt","updatedAt") VALUES ($1,$2,$3,$4,$5,$6,$7,CAST($8::text AS "public"."UserRole"),$9,$10) RETURNING "public"."users"."id", "public"."users"."email", "public"."users"."password", "public"."users"."firstName", "public"."users"."lastName", "public"."users"."phone", "public"."users"."avatar", "public"."users"."isActive", "public"."users"."role"::text, "public"."users"."createdAt", "public"."users"."updatedAt"

      at Object.Kl (../node_modules/@prisma/internals/src/logger.ts:13:11)

node.exe : PASS test/app.e2e-spec.ts
No linha:1 caractere:1
+ & "C:\Program Files\nodejs/node.exe" "C:\Program Files\nodejs/node_mo ...
+ ~~~~~~~~~~~~~~~~~~~~~~~~~~~~~~~~~~~~~~~~~~~~~~~~~~~~~~~~~~~~~~~~~~~~~
    + CategoryInfo          : NotSpecified: (PASS test/app.e2e-spec.ts:String) [], RemoteException
    + FullyQualifiedErrorId : NativeCommandError
 
  AppController (e2e)
    ÔêÜ /health (GET) (355 ms)

  console.log
    prisma:query SELECT "public"."users"."id", "public"."users"."email", "public"."users"."password", "public"."users"."firstName", "public"."users"."lastName", "public"."users"."phone", "public"."users"."avatar", "public"."users"."isActive", "public"."users"."role"::text, "public"."users"."createdAt", "public"."users"."updatedAt" FROM "public"."users" WHERE ("public"."users"."email" = $1 AND "public"."users"."isActive" = $2) LIMIT $3 OFFSET $4

      at Object.Kl (../node_modules/@prisma/internals/src/logger.ts:13:11)

  console.log
    prisma:query DELETE FROM "public"."doctor_units" WHERE EXISTS(SELECT "t0"."id" FROM "public"."doctors" AS "t0" WHERE ("t0"."crm"::text LIKE $1 AND ("public"."doctor_units"."doctorId") = ("t0"."id") AND "t0"."id" IS NOT NULL))

      at Object.Kl (../node_modules/@prisma/internals/src/logger.ts:13:11)

  console.log
    prisma:query DELETE FROM "public"."doctors" WHERE "public"."doctors"."crm"::text LIKE $1

      at Object.Kl (../node_modules/@prisma/internals/src/logger.ts:13:11)

  console.log
    prisma:query INSERT INTO "public"."users" ("id","email","password","firstName","lastName","phone","avatar","isActive","role","createdAt","updatedAt") VALUES ($1,$2,$3,$4,$5,$6,$7,$8,CAST($9::text AS "public"."UserRole"),$10,$11) RETURNING "public"."users"."id", "public"."users"."email", "public"."users"."password", "public"."users"."firstName", "public"."users"."lastName", "public"."users"."phone", "public"."users"."avatar", "public"."users"."isActive", "public"."users"."role"::text, "public"."users"."createdAt", "public"."users"."updatedAt"

      at Object.Kl (../node_modules/@prisma/internals/src/logger.ts:13:11)

  console.log
    prisma:query DELETE FROM "public"."units" WHERE "public"."units"."name"::text LIKE $1

      at Object.Kl (../node_modules/@prisma/internals/src/logger.ts:13:11)

  console.log
    prisma:query DELETE FROM "public"."users" WHERE "public"."users"."email"::text LIKE $1

      at Object.Kl (../node_modules/@prisma/internals/src/logger.ts:13:11)

  console.log
    prisma:query SELECT "public"."units"."id", "public"."units"."name", "public"."units"."type"::text, "public"."units"."cnpj", "public"."units"."phone", "public"."units"."email", "public"."units"."address", "public"."units"."city", "public"."units"."state", "public"."units"."zipCode", "public"."units"."isActive", "public"."units"."createdAt", "public"."units"."updatedAt" FROM "public"."units" WHERE ("public"."units"."cnpj" = $1 AND 1=1) LIMIT $2 OFFSET $3

      at Object.Kl (../node_modules/@prisma/internals/src/logger.ts:13:11)

  console.log
    prisma:query SELECT "public"."users"."id", "public"."users"."email", "public"."users"."password", "public"."users"."firstName", "public"."users"."lastName", "public"."users"."phone", "public"."users"."avatar", "public"."users"."isActive", "public"."users"."role"::text, "public"."users"."createdAt", "public"."users"."updatedAt" FROM "public"."users" WHERE ("public"."users"."id" = $1 AND "public"."users"."isActive" = $2) LIMIT $3 OFFSET $4

      at Object.Kl (../node_modules/@prisma/internals/src/logger.ts:13:11)

  console.log
    prisma:query INSERT INTO "public"."users" ("id","email","password","firstName","lastName","isActive","role","createdAt","updatedAt") VALUES ($1,$2,$3,$4,$5,$6,CAST($7::text AS "public"."UserRole"),$8,$9) RETURNING "public"."users"."id", "public"."users"."email", "public"."users"."password", "public"."users"."firstName", "public"."users"."lastName", "public"."users"."phone", "public"."users"."avatar", "public"."users"."isActive", "public"."users"."role"::text, "public"."users"."createdAt", "public"."users"."updatedAt"

      at Object.Kl (../node_modules/@prisma/internals/src/logger.ts:13:11)

  console.log
    prisma:query INSERT INTO "public"."units" ("id","name","type","cnpj","phone","email","address","city","state","zipCode","isActive","createdAt","updatedAt") VALUES ($1,$2,CAST($3::text AS "public"."UnitType"),$4,$5,$6,$7,$8,$9,$10,$11,$12,$13) RETURNING "public"."units"."id", "public"."units"."name", "public"."units"."type"::text, "public"."units"."cnpj", "public"."units"."phone", "public"."units"."email", "public"."units"."address", "public"."units"."city", "public"."units"."state", "public"."units"."zipCode", "public"."units"."isActive", "public"."units"."createdAt", "public"."units"."updatedAt"

      at Object.Kl (../node_modules/@prisma/internals/src/logger.ts:13:11)

  console.log
    prisma:query INSERT INTO "public"."doctors" ("id","userId","crm","crmState","isActive","createdAt","updatedAt") VALUES ($1,$2,$3,$4,$5,$6,$7) RETURNING "public"."doctors"."id", "public"."doctors"."userId", "public"."doctors"."crm", "public"."doctors"."crmState", "public"."doctors"."isActive", "public"."doctors"."createdAt", "public"."doctors"."updatedAt"

      at Object.Kl (../node_modules/@prisma/internals/src/logger.ts:13:11)

  console.log
    prisma:query SELECT "public"."doctors"."id", "public"."doctors"."userId", "public"."doctors"."crm", "public"."doctors"."crmState", "public"."doctors"."isActive", "public"."doctors"."createdAt", "public"."doctors"."updatedAt" FROM "public"."doctors" WHERE "public"."doctors"."crm" = $1 LIMIT $2 OFFSET $3

      at Object.Kl (../node_modules/@prisma/internals/src/logger.ts:13:11)

  console.log
    prisma:query SELECT "public"."users"."id", "public"."users"."email", "public"."users"."password", "public"."users"."firstName", "public"."users"."lastName", "public"."users"."phone", "public"."users"."avatar", "public"."users"."isActive", "public"."users"."role"::text, "public"."users"."createdAt", "public"."users"."updatedAt" FROM "public"."users" WHERE "public"."users"."id" IN (NULL) OFFSET $1

      at Object.Kl (../node_modules/@prisma/internals/src/logger.ts:13:11)
          at async Promise.all (index 0)

  console.log
    prisma:query DELETE FROM "public"."users" WHERE "public"."users"."email"::text LIKE $1

      at Object.Kl (../node_modules/@prisma/internals/src/logger.ts:13:11)

  console.log
    prisma:query INSERT INTO "public"."units" ("id","name","type","cnpj","email","address","city","state","zipCode","isActive","createdAt","updatedAt") VALUES ($1,$2,CAST($3::text AS "public"."UnitType"),$4,$5,$6,$7,$8,$9,$10,$11,$12) RETURNING "public"."units"."id", "public"."units"."name", "public"."units"."type"::text, "public"."units"."cnpj", "public"."units"."phone", "public"."units"."email", "public"."units"."address", "public"."units"."city", "public"."units"."state", "public"."units"."zipCode", "public"."units"."isActive", "public"."units"."createdAt", "public"."units"."updatedAt"

      at Object.Kl (../node_modules/@prisma/internals/src/logger.ts:13:11)

  console.log
    prisma:query SELECT "public"."users"."id", "public"."users"."email", "public"."users"."password", "public"."users"."firstName", "public"."users"."lastName", "public"."users"."phone", "public"."users"."avatar", "public"."users"."isActive", "public"."users"."role"::text, "public"."users"."createdAt", "public"."users"."updatedAt" FROM "public"."users" WHERE ("public"."users"."email" = $1 AND "public"."users"."isActive" = $2) LIMIT $3 OFFSET $4

      at Object.Kl (../node_modules/@prisma/internals/src/logger.ts:13:11)

  console.log
    prisma:query INSERT INTO "public"."users" ("id","email","password","firstName","lastName","isActive","role","createdAt","updatedAt") VALUES ($1,$2,$3,$4,$5,$6,CAST($7::text AS "public"."UserRole"),$8,$9) RETURNING "public"."users"."id", "public"."users"."email", "public"."users"."password", "public"."users"."firstName", "public"."users"."lastName", "public"."users"."phone", "public"."users"."avatar", "public"."users"."isActive", "public"."users"."role"::text, "public"."users"."createdAt", "public"."users"."updatedAt"

      at Object.Kl (../node_modules/@prisma/internals/src/logger.ts:13:11)

  console.log
    prisma:query SELECT "public"."doctor_units"."id", "public"."doctor_units"."doctorId", "public"."doctor_units"."unitId", "public"."doctor_units"."consultationPrice", "public"."doctor_units"."isPrimary", "public"."doctor_units"."isActive", "public"."doctor_units"."createdAt" FROM "public"."doctor_units" WHERE ("public"."doctor_units"."isActive" = $1 AND "public"."doctor_units"."doctorId" IN (NULL)) OFFSET $2

      at Object.Kl (../node_modules/@prisma/internals/src/logger.ts:13:11)
          at async Promise.all (index 1)

  console.log
    prisma:query DELETE FROM "public"."units" WHERE "public"."units"."name"::text LIKE $1

      at Object.Kl (../node_modules/@prisma/internals/src/logger.ts:13:11)

  console.log
    prisma:query SELECT "public"."units"."id", "public"."units"."name", "public"."units"."type"::text, "public"."units"."cnpj", "public"."units"."phone", "public"."units"."email", "public"."units"."address", "public"."units"."city", "public"."units"."state", "public"."units"."zipCode", "public"."units"."isActive", "public"."units"."createdAt", "public"."units"."updatedAt" FROM "public"."units" WHERE "public"."units"."id" IN (NULL) OFFSET $1

      at Object.Kl (../node_modules/@prisma/internals/src/logger.ts:13:11)
          at async Promise.all (index 0)
          at async Promise.all (index 1)

  console.log
    prisma:query DELETE FROM "public"."users" WHERE "public"."users"."email"::text LIKE $1

      at Object.Kl (../node_modules/@prisma/internals/src/logger.ts:13:11)

  console.log
    prisma:query SELECT "public"."units"."id", "public"."units"."name", "public"."units"."type"::text, "public"."units"."cnpj", "public"."units"."phone", "public"."units"."email", "public"."units"."address", "public"."units"."city", "public"."units"."state", "public"."units"."zipCode", "public"."units"."isActive", "public"."units"."createdAt", "public"."units"."updatedAt" FROM "public"."units" WHERE ("public"."units"."cnpj" = $1 AND 1=1) LIMIT $2 OFFSET $3

      at Object.Kl (../node_modules/@prisma/internals/src/logger.ts:13:11)

[31m[Nest] 135772  - [39m10/02/2026, 12:08:30 [31m  ERROR[39m [38;5;3m[GlobalExceptionFilter] [39m[31mHTTP 400 Error: Erro de valida├º├úo nos campos: 
email[39m
{"statusCode":400,"message":"Erro de valida├º├úo nos campos: email","errorCode":"VALIDATION_ERROR","timestamp":"2026-02-10T15:08:30.168Z","path":"/users","method
":"POST","context":{"errors":[{"field":"email","value":"invalid-email","constraints":["email must be an email"]}]},"ip":"::ffff:127.0.0.1"}
  console.log
    prisma:query INSERT INTO "public"."units" ("id","name","type","cnpj","phone","email","address","city","state","zipCode","isActive","createdAt","updatedAt") VALUES ($1,$2,CAST($3::text AS "public"."UnitType"),$4,$5,$6,$7,$8,$9,$10,$11,$12,$13) RETURNING "public"."units"."id", "public"."units"."name", "public"."units"."type"::text, "public"."units"."cnpj", "public"."units"."phone", "public"."units"."email", "public"."units"."address", "public"."units"."city", "public"."units"."state", "public"."units"."zipCode", "public"."units"."isActive", "public"."units"."createdAt", "public"."units"."updatedAt"

      at Object.Kl (../node_modules/@prisma/internals/src/logger.ts:13:11)

  console.log
    prisma:query INSERT INTO "public"."doctors" ("id","userId","crm","crmState","isActive","createdAt","updatedAt") VALUES ($1,$2,$3,$4,$5,$6,$7) RETURNING "public"."doctors"."id"

      at Object.Kl (../node_modules/@prisma/internals/src/logger.ts:13:11)

  console.log
    prisma:query SELECT "public"."doctors"."id", "public"."doctors"."userId", "public"."doctors"."crm", "public"."doctors"."crmState", "public"."doctors"."isActive", "public"."doctors"."createdAt", "public"."doctors"."updatedAt" FROM "public"."doctors" WHERE "public"."doctors"."id" = $1 LIMIT $2 OFFSET $3

      at Object.Kl (../node_modules/@prisma/internals/src/logger.ts:13:11)

  console.log
    prisma:query SELECT "public"."users"."id", "public"."users"."firstName", "public"."users"."lastName", "public"."users"."email", "public"."users"."phone", "public"."users"."avatar", "public"."users"."role"::text, "public"."users"."isActive", "public"."users"."createdAt", "public"."users"."updatedAt" FROM "public"."users" WHERE "public"."users"."id" = $1 OFFSET $2

      at Object.Kl (../node_modules/@prisma/internals/src/logger.ts:13:11)
          at async Promise.all (index 0)

  console.log
    prisma:query DELETE FROM "public"."units" WHERE "public"."units"."name"::text LIKE $1

      at Object.Kl (../node_modules/@prisma/internals/src/logger.ts:13:11)

  console.log
    prisma:query INSERT INTO "public"."security_logs" ("id","event","severity","description","metadata","timestamp") VALUES ($1,$2,CAST($3::text AS "public"."SecurityLevel"),$4,$5,$6) RETURNING "public"."security_logs"."id", "public"."security_logs"."event", "public"."security_logs"."severity"::text, "public"."security_logs"."description", "public"."security_logs"."userId", "public"."security_logs"."ip", "public"."security_logs"."userAgent", "public"."security_logs"."metadata", "public"."security_logs"."timestamp"

      at Object.Kl (../node_modules/@prisma/internals/src/logger.ts:13:11)

  console.log
    Security event logged: APPLICATION_FAILURE - HIGH

      at MetricsCollectorService.logSecurityEvent (../src/shared/monitoring/metrics-collector.service.ts:107:15)

  console.log
    prisma:query COMMIT

      at Object.Kl (../node_modules/@prisma/internals/src/logger.ts:13:11)

  console.error
    ÔØî APPLICATION FAILURE: POST /users - Erro de valida├º├úo nos campos: email

    [0m [90m 59 |[39m       })[33m;[39m
     [90m 60 |[39m
    [31m[1m>[22m[39m[90m 61 |[39m       console[33m.[39merror(
     [90m    |[39m               [31m[1m^[22m[39m
     [90m 62 |[39m         [32m`ÔØî APPLICATION FAILURE: ${failure.operation} - ${failure.error}`[39m[33m,[39m
     [90m 63 |[39m       )[33m;[39m
     [90m 64 |[39m     } [36mcatch[39m (error) {[0m

      at SystemHealthService.logApplicationFailure (../src/shared/monitoring/system-health.service.ts:61:15)
      at GlobalExceptionFilter.logErrorToMonitoringSystem (../src/shared/execeptions/filters/global-exception.filter.ts:132:9)
      at GlobalExceptionFilter.catch (../src/shared/execeptions/filters/global-exception.filter.ts:80:5)

  console.log
    prisma:query SELECT "public"."units"."id", "public"."units"."name", "public"."units"."type"::text, "public"."units"."cnpj", "public"."units"."phone", "public"."units"."email", "public"."units"."address", "public"."units"."city", "public"."units"."state", "public"."units"."zipCode", "public"."units"."isActive", "public"."units"."createdAt", "public"."units"."updatedAt" FROM "public"."units" WHERE ("public"."units"."cnpj" = $1 AND 1=1) LIMIT $2 OFFSET $3

      at Object.Kl (../node_modules/@prisma/internals/src/logger.ts:13:11)

  console.log
    prisma:query SELECT "public"."doctors"."id", "public"."doctors"."userId", "public"."doctors"."crm", "public"."doctors"."crmState", "public"."doctors"."isActive", "public"."doctors"."createdAt", "public"."doctors"."updatedAt" FROM "public"."doctors" WHERE ("public"."doctors"."id" = $1 AND "public"."doctors"."isActive" = $2) LIMIT $3 OFFSET $4

      at Object.Kl (../node_modules/@prisma/internals/src/logger.ts:13:11)

  console.log
    prisma:query SELECT "public"."users"."id", "public"."users"."email", "public"."users"."password", "public"."users"."firstName", "public"."users"."lastName", "public"."users"."phone", "public"."users"."avatar", "public"."users"."isActive", "public"."users"."role"::text, "public"."users"."createdAt", "public"."users"."updatedAt" FROM "public"."users" WHERE "public"."users"."id" IN ($1) OFFSET $2

      at Object.Kl (../node_modules/@prisma/internals/src/logger.ts:13:11)
          at async Promise.all (index 0)

  console.log
    prisma:query INSERT INTO "public"."error_logs" ("id","errorType","errorMessage","stackTrace","userId","context","timestamp","resolved") VALUES ($1,$2,$3,$4,$5,$6,$7,$8) RETURNING "public"."error_logs"."id", "public"."error_logs"."errorType", "public"."error_logs"."errorMessage", "public"."error_logs"."stackTrace", "public"."error_logs"."userId", "public"."error_logs"."requestId", "public"."error_logs"."context", "public"."error_logs"."metadata", "public"."error_logs"."timestamp", "public"."error_logs"."resolved", "public"."error_logs"."resolvedAt", "public"."error_logs"."resolvedBy"

      at Object.Kl (../node_modules/@prisma/internals/src/logger.ts:13:11)

  console.error
    Error logged: VALIDATION_ERROR - Erro de valida├º├úo nos campos: email

    [0m [90m 157 |[39m         }[33m,[39m
     [90m 158 |[39m       })[33m;[39m
    [31m[1m>[22m[39m[90m 159 |[39m       console[33m.[39merror([32m`Error logged: ${data.errorType} - ${data.errorMessage}`[39m)[33m;[39m
     [90m     |[39m               [31m[1m^[22m[39m
     [90m 160 |[39m     } [36mcatch[39m (error) {
     [90m 161 |[39m       console[33m.[39merror([32m'Failed to log error:'[39m[33m,[39m error)[33m;[39m
     [90m 162 |[39m     }[0m

      at MetricsCollectorService.logError (../src/shared/monitoring/metrics-collector.service.ts:159:15)
      at GlobalExceptionFilter.logErrorToMonitoringSystem (../src/shared/execeptions/filters/global-exception.filter.ts:174:7)
      at GlobalExceptionFilter.catch (../src/shared/execeptions/filters/global-exception.filter.ts:80:5)

  console.log
    prisma:query INSERT INTO "public"."units" ("id","name","type","cnpj","email","address","city","state","zipCode","isActive","createdAt","updatedAt") VALUES ($1,$2,CAST($3::text AS "public"."UnitType"),$4,$5,$6,$7,$8,$9,$10,$11,$12) RETURNING "public"."units"."id", "public"."units"."name", "public"."units"."type"::text, "public"."units"."cnpj", "public"."units"."phone", "public"."units"."email", "public"."units"."address", "public"."units"."city", "public"."units"."state", "public"."units"."zipCode", "public"."units"."isActive", "public"."units"."createdAt", "public"."units"."updatedAt"

      at Object.Kl (../node_modules/@prisma/internals/src/logger.ts:13:11)

  console.log
    prisma:query DELETE FROM "public"."users" WHERE "public"."users"."email"::text LIKE $1

      at Object.Kl (../node_modules/@prisma/internals/src/logger.ts:13:11)

  console.log
    prisma:query DELETE FROM "public"."units" WHERE "public"."units"."name"::text LIKE $1

      at Object.Kl (../node_modules/@prisma/internals/src/logger.ts:13:11)

[31m[Nest] 135772  - [39m10/02/2026, 12:08:30 [31m  ERROR[39m [38;5;3m[GlobalExceptionFilter] [39m[31mHTTP 400 Error: Erro de valida├º├úo nos campos: 
phone[39m
{"statusCode":400,"message":"Erro de valida├º├úo nos campos: phone","errorCode":"VALIDATION_ERROR","timestamp":"2026-02-10T15:08:30.204Z","path":"/users","method
":"POST","context":{"errors":[{"field":"phone","value":"123","constraints":["Telefone deve conter 11 n├║meros (EX: 62999999999)"]}]},"ip":"::ffff:127.0.0.1"}
  console.log
    prisma:query DELETE FROM "public"."doctors" WHERE "public"."doctors"."crm"::text LIKE $1

      at Object.Kl (../node_modules/@prisma/internals/src/logger.ts:13:11)

  console.log
    prisma:query SELECT "public"."doctor_units"."id", "public"."doctor_units"."doctorId", "public"."doctor_units"."unitId", "public"."doctor_units"."consultationPrice", "public"."doctor_units"."isPrimary", "public"."doctor_units"."isActive", "public"."doctor_units"."createdAt" FROM "public"."doctor_units" WHERE ("public"."doctor_units"."isActive" = $1 AND "public"."doctor_units"."doctorId" IN ($2)) OFFSET $3

      at Object.Kl (../node_modules/@prisma/internals/src/logger.ts:13:11)
          at async Promise.all (index 1)

[31m[Nest] 132968  - [39m10/02/2026, 12:08:30 [31m  ERROR[39m [38;5;3m[GlobalExceptionFilter] [39m[31mHTTP 400 Error: Erro de valida├º├úo nos campos: 
zipCode[39m
{"statusCode":400,"message":"Erro de valida├º├úo nos campos: zipCode","errorCode":"VALIDATION_ERROR","timestamp":"2026-02-10T15:08:30.208Z","path":"/units","meth
od":"POST","context":{"errors":[{"field":"zipCode","value":"123","constraints":["CEP deve conter exatamente 8 n├║meros"]}]},"ip":"::ffff:127.0.0.1"}
  console.log
    prisma:query INSERT INTO "public"."security_logs" ("id","event","severity","description","metadata","timestamp") VALUES ($1,$2,CAST($3::text AS "public"."SecurityLevel"),$4,$5,$6) RETURNING "public"."security_logs"."id", "public"."security_logs"."event", "public"."security_logs"."severity"::text, "public"."security_logs"."description", "public"."security_logs"."userId", "public"."security_logs"."ip", "public"."security_logs"."userAgent", "public"."security_logs"."metadata", "public"."security_logs"."timestamp"

      at Object.Kl (../node_modules/@prisma/internals/src/logger.ts:13:11)

  console.log
    Security event logged: APPLICATION_FAILURE - HIGH

      at MetricsCollectorService.logSecurityEvent (../src/shared/monitoring/metrics-collector.service.ts:107:15)

  console.log
    prisma:query SELECT "public"."units"."id", "public"."units"."name", "public"."units"."type"::text, "public"."units"."cnpj", "public"."units"."phone", "public"."units"."email", "public"."units"."address", "public"."units"."city", "public"."units"."state", "public"."units"."zipCode", "public"."units"."isActive", "public"."units"."createdAt", "public"."units"."updatedAt" FROM "public"."units" WHERE "public"."units"."id" IN (NULL) OFFSET $1

      at Object.Kl (../node_modules/@prisma/internals/src/logger.ts:13:11)
          at async Promise.all (index 0)
          at async Promise.all (index 1)

  console.error
    ÔØî APPLICATION FAILURE: POST /users - Erro de valida├º├úo nos campos: phone

    [0m [90m 59 |[39m       })[33m;[39m
     [90m 60 |[39m
    [31m[1m>[22m[39m[90m 61 |[39m       console[33m.[39merror(
     [90m    |[39m               [31m[1m^[22m[39m
     [90m 62 |[39m         [32m`ÔØî APPLICATION FAILURE: ${failure.operation} - ${failure.error}`[39m[33m,[39m
     [90m 63 |[39m       )[33m;[39m
     [90m 64 |[39m     } [36mcatch[39m (error) {[0m

      at SystemHealthService.logApplicationFailure (../src/shared/monitoring/system-health.service.ts:61:15)
      at GlobalExceptionFilter.logErrorToMonitoringSystem (../src/shared/execeptions/filters/global-exception.filter.ts:132:9)
      at GlobalExceptionFilter.catch (../src/shared/execeptions/filters/global-exception.filter.ts:80:5)

  console.log
    prisma:query INSERT INTO "public"."error_logs" ("id","errorType","errorMessage","stackTrace","userId","context","timestamp","resolved") VALUES ($1,$2,$3,$4,$5,$6,$7,$8) RETURNING "public"."error_logs"."id", "public"."error_logs"."errorType", "public"."error_logs"."errorMessage", "public"."error_logs"."stackTrace", "public"."error_logs"."userId", "public"."error_logs"."requestId", "public"."error_logs"."context", "public"."error_logs"."metadata", "public"."error_logs"."timestamp", "public"."error_logs"."resolved", "public"."error_logs"."resolvedAt", "public"."error_logs"."resolvedBy"

      at Object.Kl (../node_modules/@prisma/internals/src/logger.ts:13:11)

  console.error
    Error logged: VALIDATION_ERROR - Erro de valida├º├úo nos campos: phone

    [0m [90m 157 |[39m         }[33m,[39m
     [90m 158 |[39m       })[33m;[39m
    [31m[1m>[22m[39m[90m 159 |[39m       console[33m.[39merror([32m`Error logged: ${data.errorType} - ${data.errorMessage}`[39m)[33m;[39m
     [90m     |[39m               [31m[1m^[22m[39m
     [90m 160 |[39m     } [36mcatch[39m (error) {
     [90m 161 |[39m       console[33m.[39merror([32m'Failed to log error:'[39m[33m,[39m error)[33m;[39m
     [90m 162 |[39m     }[0m

      at MetricsCollectorService.logError (../src/shared/monitoring/metrics-collector.service.ts:159:15)
      at GlobalExceptionFilter.logErrorToMonitoringSystem (../src/shared/execeptions/filters/global-exception.filter.ts:174:7)
      at GlobalExceptionFilter.catch (../src/shared/execeptions/filters/global-exception.filter.ts:80:5)

  console.log
    prisma:query INSERT INTO "public"."security_logs" ("id","event","severity","description","metadata","timestamp") VALUES ($1,$2,CAST($3::text AS "public"."SecurityLevel"),$4,$5,$6) RETURNING "public"."security_logs"."id", "public"."security_logs"."event", "public"."security_logs"."severity"::text, "public"."security_logs"."description", "public"."security_logs"."userId", "public"."security_logs"."ip", "public"."security_logs"."userAgent", "public"."security_logs"."metadata", "public"."security_logs"."timestamp"

      at Object.Kl (../node_modules/@prisma/internals/src/logger.ts:13:11)

  console.log
    Security event logged: APPLICATION_FAILURE - HIGH

      at MetricsCollectorService.logSecurityEvent (../src/shared/monitoring/metrics-collector.service.ts:107:15)

  console.log
    prisma:query DELETE FROM "public"."users" WHERE "public"."users"."email"::text LIKE $1

      at Object.Kl (../node_modules/@prisma/internals/src/logger.ts:13:11)

  console.log
    prisma:query DELETE FROM "public"."users" WHERE "public"."users"."email"::text LIKE $1

      at Object.Kl (../node_modules/@prisma/internals/src/logger.ts:13:11)

[31m[Nest] 135772  - [39m10/02/2026, 12:08:30 [31m  ERROR[39m [38;5;3m[GlobalExceptionFilter] [39m[31mHTTP 400 Error: Erro de valida├º├úo nos campos: 
password, firstName, lastName, isActive, role[39m
{"statusCode":400,"message":"Erro de valida├º├úo nos campos: password, firstName, lastName, isActive, role","errorCode":"VALIDATION_ERROR","timestamp":"2026-02-1
0T15:08:30.225Z","path":"/users","method":"POST","context":{"errors":[{"field":"password","constraints":["password must be a 
string"]},{"field":"firstName","constraints":["firstName must be a string"]},{"field":"lastName","constraints":["lastName must be a 
string"]},{"field":"isActive","constraints":["isActive must be a boolean value"]},{"field":"role","constraints":["role must be one of the following values: 
ADMIN, DOCTOR, NURSE, PATIENT, CAREGIVER"]}]},"ip":"::ffff:127.0.0.1"}
  console.error
    ÔØî APPLICATION FAILURE: POST /units - Erro de valida├º├úo nos campos: zipCode

    [0m [90m 59 |[39m       })[33m;[39m
     [90m 60 |[39m
    [31m[1m>[22m[39m[90m 61 |[39m       console[33m.[39merror(
     [90m    |[39m               [31m[1m^[22m[39m
     [90m 62 |[39m         [32m`ÔØî APPLICATION FAILURE: ${failure.operation} - ${failure.error}`[39m[33m,[39m
     [90m 63 |[39m       )[33m;[39m
     [90m 64 |[39m     } [36mcatch[39m (error) {[0m

      at SystemHealthService.logApplicationFailure (../src/shared/monitoring/system-health.service.ts:61:15)
      at GlobalExceptionFilter.logErrorToMonitoringSystem (../src/shared/execeptions/filters/global-exception.filter.ts:132:9)
      at GlobalExceptionFilter.catch (../src/shared/execeptions/filters/global-exception.filter.ts:80:5)

  console.log
    prisma:query SELECT "public"."units"."id", "public"."units"."name", "public"."units"."type"::text, "public"."units"."cnpj", "public"."units"."phone", "public"."units"."email", "public"."units"."address", "public"."units"."city", "public"."units"."state", "public"."units"."zipCode", "public"."units"."isActive", "public"."units"."createdAt", "public"."units"."updatedAt" FROM "public"."units" WHERE ("public"."units"."id" = $1 AND 1=1) LIMIT $2 OFFSET $3

      at Object.Kl (../node_modules/@prisma/internals/src/logger.ts:13:11)

  console.log
    prisma:query INSERT INTO "public"."users" ("id","email","password","firstName","lastName","isActive","role","createdAt","updatedAt") VALUES ($1,$2,$3,$4,$5,$6,CAST($7::text AS "public"."UserRole"),$8,$9) RETURNING "public"."users"."id", "public"."users"."email", "public"."users"."password", "public"."users"."firstName", "public"."users"."lastName", "public"."users"."phone", "public"."users"."avatar", "public"."users"."isActive", "public"."users"."role"::text, "public"."users"."createdAt", "public"."users"."updatedAt"

      at Object.Kl (../node_modules/@prisma/internals/src/logger.ts:13:11)

  console.log
    prisma:query INSERT INTO "public"."security_logs" ("id","event","severity","description","metadata","timestamp") VALUES ($1,$2,CAST($3::text AS "public"."SecurityLevel"),$4,$5,$6) RETURNING "public"."security_logs"."id", "public"."security_logs"."event", "public"."security_logs"."severity"::text, "public"."security_logs"."description", "public"."security_logs"."userId", "public"."security_logs"."ip", "public"."security_logs"."userAgent", "public"."security_logs"."metadata", "public"."security_logs"."timestamp"

      at Object.Kl (../node_modules/@prisma/internals/src/logger.ts:13:11)

  console.log
    Security event logged: APPLICATION_FAILURE - HIGH

      at MetricsCollectorService.logSecurityEvent (../src/shared/monitoring/metrics-collector.service.ts:107:15)

  console.error
    ÔØî APPLICATION FAILURE: POST /users - Erro de valida├º├úo nos campos: password, firstName, lastName, isActive, role

    [0m [90m 59 |[39m       })[33m;[39m
     [90m 60 |[39m
    [31m[1m>[22m[39m[90m 61 |[39m       console[33m.[39merror(
     [90m    |[39m               [31m[1m^[22m[39m
     [90m 62 |[39m         [32m`ÔØî APPLICATION FAILURE: ${failure.operation} - ${failure.error}`[39m[33m,[39m
     [90m 63 |[39m       )[33m;[39m
     [90m 64 |[39m     } [36mcatch[39m (error) {[0m

      at SystemHealthService.logApplicationFailure (../src/shared/monitoring/system-health.service.ts:61:15)
      at GlobalExceptionFilter.logErrorToMonitoringSystem (../src/shared/execeptions/filters/global-exception.filter.ts:132:9)
      at GlobalExceptionFilter.catch (../src/shared/execeptions/filters/global-exception.filter.ts:80:5)

  console.log
    prisma:query INSERT INTO "public"."error_logs" ("id","errorType","errorMessage","stackTrace","userId","context","timestamp","resolved") VALUES ($1,$2,$3,$4,$5,$6,$7,$8) RETURNING "public"."error_logs"."id", "public"."error_logs"."errorType", "public"."error_logs"."errorMessage", "public"."error_logs"."stackTrace", "public"."error_logs"."userId", "public"."error_logs"."requestId", "public"."error_logs"."context", "public"."error_logs"."metadata", "public"."error_logs"."timestamp", "public"."error_logs"."resolved", "public"."error_logs"."resolvedAt", "public"."error_logs"."resolvedBy"

      at Object.Kl (../node_modules/@prisma/internals/src/logger.ts:13:11)

  console.error
    Error logged: VALIDATION_ERROR - Erro de valida├º├úo nos campos: zipCode

    [0m [90m 157 |[39m         }[33m,[39m
     [90m 158 |[39m       })[33m;[39m
    [31m[1m>[22m[39m[90m 159 |[39m       console[33m.[39merror([32m`Error logged: ${data.errorType} - ${data.errorMessage}`[39m)[33m;[39m
     [90m     |[39m               [31m[1m^[22m[39m
     [90m 160 |[39m     } [36mcatch[39m (error) {
     [90m 161 |[39m       console[33m.[39merror([32m'Failed to log error:'[39m[33m,[39m error)[33m;[39m
     [90m 162 |[39m     }[0m

      at MetricsCollectorService.logError (../src/shared/monitoring/metrics-collector.service.ts:159:15)
      at GlobalExceptionFilter.logErrorToMonitoringSystem (../src/shared/execeptions/filters/global-exception.filter.ts:174:7)
      at GlobalExceptionFilter.catch (../src/shared/execeptions/filters/global-exception.filter.ts:80:5)

  console.log
    prisma:query SELECT "public"."users"."id", "public"."users"."email", "public"."users"."password", "public"."users"."firstName", "public"."users"."lastName", "public"."users"."phone", "public"."users"."avatar", "public"."users"."isActive", "public"."users"."role"::text, "public"."users"."createdAt", "public"."users"."updatedAt" FROM "public"."users" WHERE ("public"."users"."id" = $1 AND "public"."users"."isActive" = $2) LIMIT $3 OFFSET $4

      at Object.Kl (../node_modules/@prisma/internals/src/logger.ts:13:11)

  console.log
    prisma:query INSERT INTO "public"."doctor_units" ("id","doctorId","unitId","consultationPrice","isPrimary","isActive","createdAt") VALUES ($1,$2,$3,$4,$5,$6,$7) RETURNING "public"."doctor_units"."id"

      at Object.Kl (../node_modules/@prisma/internals/src/logger.ts:13:11)

  console.log
    prisma:query INSERT INTO "public"."error_logs" ("id","errorType","errorMessage","stackTrace","userId","context","timestamp","resolved") VALUES ($1,$2,$3,$4,$5,$6,$7,$8) RETURNING "public"."error_logs"."id", "public"."error_logs"."errorType", "public"."error_logs"."errorMessage", "public"."error_logs"."stackTrace", "public"."error_logs"."userId", "public"."error_logs"."requestId", "public"."error_logs"."context", "public"."error_logs"."metadata", "public"."error_logs"."timestamp", "public"."error_logs"."resolved", "public"."error_logs"."resolvedAt", "public"."error_logs"."resolvedBy"

      at Object.Kl (../node_modules/@prisma/internals/src/logger.ts:13:11)

  console.log
    prisma:query DELETE FROM "public"."units" WHERE "public"."units"."name"::text LIKE $1

      at Object.Kl (../node_modules/@prisma/internals/src/logger.ts:13:11)

  console.error
    Error logged: VALIDATION_ERROR - Erro de valida├º├úo nos campos: password, firstName, lastName, isActive, role

    [0m [90m 157 |[39m         }[33m,[39m
     [90m 158 |[39m       })[33m;[39m
    [31m[1m>[22m[39m[90m 159 |[39m       console[33m.[39merror([32m`Error logged: ${data.errorType} - ${data.errorMessage}`[39m)[33m;[39m
     [90m     |[39m               [31m[1m^[22m[39m
     [90m 160 |[39m     } [36mcatch[39m (error) {
     [90m 161 |[39m       console[33m.[39merror([32m'Failed to log error:'[39m[33m,[39m error)[33m;[39m
     [90m 162 |[39m     }[0m

      at MetricsCollectorService.logError (../src/shared/monitoring/metrics-collector.service.ts:159:15)
      at GlobalExceptionFilter.logErrorToMonitoringSystem (../src/shared/execeptions/filters/global-exception.filter.ts:174:7)
      at GlobalExceptionFilter.catch (../src/shared/execeptions/filters/global-exception.filter.ts:80:5)

  console.log
    prisma:query SELECT "public"."doctors"."id", "public"."doctors"."userId", "public"."doctors"."crm", "public"."doctors"."crmState", "public"."doctors"."isActive", "public"."doctors"."createdAt", "public"."doctors"."updatedAt" FROM "public"."doctors" WHERE "public"."doctors"."crm" = $1 LIMIT $2 OFFSET $3

      at Object.Kl (../node_modules/@prisma/internals/src/logger.ts:13:11)

  console.log
    prisma:query SELECT "public"."doctor_units"."id", "public"."doctor_units"."doctorId", "public"."doctor_units"."unitId", "public"."doctor_units"."consultationPrice", "public"."doctor_units"."isPrimary", "public"."doctor_units"."isActive", "public"."doctor_units"."createdAt" FROM "public"."doctor_units" WHERE "public"."doctor_units"."id" = $1 LIMIT $2 OFFSET $3

      at Object.Kl (../node_modules/@prisma/internals/src/logger.ts:13:11)

  console.log
    prisma:query SELECT "public"."users"."id", "public"."users"."email", "public"."users"."password", "public"."users"."firstName", "public"."users"."lastName", "public"."users"."phone", "public"."users"."avatar", "public"."users"."isActive", "public"."users"."role"::text, "public"."users"."createdAt", "public"."users"."updatedAt" FROM "public"."users" WHERE "public"."users"."id" IN (NULL) OFFSET $1

      at Object.Kl (../node_modules/@prisma/internals/src/logger.ts:13:11)
          at async Promise.all (index 0)

  console.log
    prisma:query SELECT "public"."units"."id", "public"."units"."name", "public"."units"."type"::text, "public"."units"."city", "public"."units"."state" FROM "public"."units" WHERE "public"."units"."id" = $1 OFFSET $2

      at Object.Kl (../node_modules/@prisma/internals/src/logger.ts:13:11)
          at async Promise.all (index 0)

[31m[Nest] 132968  - [39m10/02/2026, 12:08:30 [31m  ERROR[39m [38;5;3m[GlobalExceptionFilter] [39m[31mHTTP 400 Error: Erro de valida├º├úo nos campos: 
cnpj[39m
{"statusCode":400,"message":"Erro de valida├º├úo nos campos: cnpj","errorCode":"VALIDATION_ERROR","timestamp":"2026-02-10T15:08:30.248Z","path":"/units","method"
:"POST","context":{"errors":[{"field":"cnpj","value":"123","constraints":["CNPJ deve conter exatamente 14 n├║meros"]}]},"ip":"::ffff:127.0.0.1"}
  console.log
    prisma:query DELETE FROM "public"."users" WHERE "public"."users"."email"::text LIKE $1

      at Object.Kl (../node_modules/@prisma/internals/src/logger.ts:13:11)

  console.log
    prisma:query SELECT "public"."doctor_units"."id", "public"."doctor_units"."doctorId", "public"."doctor_units"."unitId", "public"."doctor_units"."consultationPrice", "public"."doctor_units"."isPrimary", "public"."doctor_units"."isActive", "public"."doctor_units"."createdAt" FROM "public"."doctor_units" WHERE ("public"."doctor_units"."isActive" = $1 AND "public"."doctor_units"."doctorId" IN (NULL)) OFFSET $2

      at Object.Kl (../node_modules/@prisma/internals/src/logger.ts:13:11)
          at async Promise.all (index 1)

  console.log
    prisma:query COMMIT

      at Object.Kl (../node_modules/@prisma/internals/src/logger.ts:13:11)

  console.log
    prisma:query SELECT "public"."units"."id", "public"."units"."name", "public"."units"."type"::text, "public"."units"."cnpj", "public"."units"."phone", "public"."units"."email", "public"."units"."address", "public"."units"."city", "public"."units"."state", "public"."units"."zipCode", "public"."units"."isActive", "public"."units"."createdAt", "public"."units"."updatedAt" FROM "public"."units" WHERE "public"."units"."id" IN (NULL) OFFSET $1

      at Object.Kl (../node_modules/@prisma/internals/src/logger.ts:13:11)
          at async Promise.all (index 0)
          at async Promise.all (index 1)

  console.log
    prisma:query INSERT INTO "public"."security_logs" ("id","event","severity","description","metadata","timestamp") VALUES ($1,$2,CAST($3::text AS "public"."SecurityLevel"),$4,$5,$6) RETURNING "public"."security_logs"."id", "public"."security_logs"."event", "public"."security_logs"."severity"::text, "public"."security_logs"."description", "public"."security_logs"."userId", "public"."security_logs"."ip", "public"."security_logs"."userAgent", "public"."security_logs"."metadata", "public"."security_logs"."timestamp"

      at Object.Kl (../node_modules/@prisma/internals/src/logger.ts:13:11)

  console.log
    Security event logged: APPLICATION_FAILURE - HIGH

      at MetricsCollectorService.logSecurityEvent (../src/shared/monitoring/metrics-collector.service.ts:107:15)

  console.log
    prisma:query SELECT "public"."users"."id", "public"."users"."email", "public"."users"."password", "public"."users"."firstName", "public"."users"."lastName", "public"."users"."phone", "public"."users"."avatar", "public"."users"."isActive", "public"."users"."role"::text, "public"."users"."createdAt", "public"."users"."updatedAt" FROM "public"."users" WHERE ("public"."users"."email" = $1 AND "public"."users"."isActive" = $2) LIMIT $3 OFFSET $4

      at Object.Kl (../node_modules/@prisma/internals/src/logger.ts:13:11)

  console.error
    ÔØî APPLICATION FAILURE: POST /units - Erro de valida├º├úo nos campos: cnpj

    [0m [90m 59 |[39m       })[33m;[39m
     [90m 60 |[39m
    [31m[1m>[22m[39m[90m 61 |[39m       console[33m.[39merror(
     [90m    |[39m               [31m[1m^[22m[39m
     [90m 62 |[39m         [32m`ÔØî APPLICATION FAILURE: ${failure.operation} - ${failure.error}`[39m[33m,[39m
     [90m 63 |[39m       )[33m;[39m
     [90m 64 |[39m     } [36mcatch[39m (error) {[0m

      at SystemHealthService.logApplicationFailure (../src/shared/monitoring/system-health.service.ts:61:15)
      at GlobalExceptionFilter.logErrorToMonitoringSystem (../src/shared/execeptions/filters/global-exception.filter.ts:132:9)
      at GlobalExceptionFilter.catch (../src/shared/execeptions/filters/global-exception.filter.ts:80:5)

  console.log
    prisma:query INSERT INTO "public"."doctors" ("id","userId","crm","crmState","isActive","createdAt","updatedAt") VALUES ($1,$2,$3,$4,$5,$6,$7) RETURNING "public"."doctors"."id"

      at Object.Kl (../node_modules/@prisma/internals/src/logger.ts:13:11)

  console.log
    prisma:query SELECT "public"."doctors"."id", "public"."doctors"."userId", "public"."doctors"."crm", "public"."doctors"."crmState", "public"."doctors"."isActive", "public"."doctors"."createdAt", "public"."doctors"."updatedAt" FROM "public"."doctors" WHERE "public"."doctors"."id" = $1 LIMIT $2 OFFSET $3

      at Object.Kl (../node_modules/@prisma/internals/src/logger.ts:13:11)

  console.log
    prisma:query INSERT INTO "public"."users" ("id","email","password","firstName","lastName","isActive","role","createdAt","updatedAt") VALUES ($1,$2,$3,$4,$5,$6,CAST($7::text AS "public"."UserRole"),$8,$9) RETURNING "public"."users"."id", "public"."users"."email", "public"."users"."password", "public"."users"."firstName", "public"."users"."lastName", "public"."users"."phone", "public"."users"."avatar", "public"."users"."isActive", "public"."users"."role"::text, "public"."users"."createdAt", "public"."users"."updatedAt"

      at Object.Kl (../node_modules/@prisma/internals/src/logger.ts:13:11)

  console.log
    prisma:query INSERT INTO "public"."error_logs" ("id","errorType","errorMessage","stackTrace","userId","context","timestamp","resolved") VALUES ($1,$2,$3,$4,$5,$6,$7,$8) RETURNING "public"."error_logs"."id", "public"."error_logs"."errorType", "public"."error_logs"."errorMessage", "public"."error_logs"."stackTrace", "public"."error_logs"."userId", "public"."error_logs"."requestId", "public"."error_logs"."context", "public"."error_logs"."metadata", "public"."error_logs"."timestamp", "public"."error_logs"."resolved", "public"."error_logs"."resolvedAt", "public"."error_logs"."resolvedBy"

      at Object.Kl (../node_modules/@prisma/internals/src/logger.ts:13:11)

  console.log
    prisma:query SELECT "public"."users"."id", "public"."users"."firstName", "public"."users"."lastName", "public"."users"."email", "public"."users"."phone", "public"."users"."avatar", "public"."users"."role"::text, "public"."users"."isActive", "public"."users"."createdAt", "public"."users"."updatedAt" FROM "public"."users" WHERE "public"."users"."id" = $1 OFFSET $2

      at Object.Kl (../node_modules/@prisma/internals/src/logger.ts:13:11)
          at async Promise.all (index 0)

  console.error
    Error logged: VALIDATION_ERROR - Erro de valida├º├úo nos campos: cnpj

    [0m [90m 157 |[39m         }[33m,[39m
     [90m 158 |[39m       })[33m;[39m
    [31m[1m>[22m[39m[90m 159 |[39m       console[33m.[39merror([32m`Error logged: ${data.errorType} - ${data.errorMessage}`[39m)[33m;[39m
     [90m     |[39m               [31m[1m^[22m[39m
     [90m 160 |[39m     } [36mcatch[39m (error) {
     [90m 161 |[39m       console[33m.[39merror([32m'Failed to log error:'[39m[33m,[39m error)[33m;[39m
     [90m 162 |[39m     }[0m

      at MetricsCollectorService.logError (../src/shared/monitoring/metrics-collector.service.ts:159:15)
      at GlobalExceptionFilter.logErrorToMonitoringSystem (../src/shared/execeptions/filters/global-exception.filter.ts:174:7)
      at GlobalExceptionFilter.catch (../src/shared/execeptions/filters/global-exception.filter.ts:80:5)

  console.log
    prisma:query DELETE FROM "public"."doctor_units" WHERE EXISTS(SELECT "t0"."id" FROM "public"."doctors" AS "t0" WHERE ("t0"."crm"::text LIKE $1 AND ("public"."doctor_units"."doctorId") = ("t0"."id") AND "t0"."id" IS NOT NULL))

      at Object.Kl (../node_modules/@prisma/internals/src/logger.ts:13:11)

  console.log
    prisma:query DELETE FROM "public"."units" WHERE "public"."units"."name"::text LIKE $1

      at Object.Kl (../node_modules/@prisma/internals/src/logger.ts:13:11)

  console.log
    prisma:query SELECT "public"."users"."id", "public"."users"."email", "public"."users"."password", "public"."users"."firstName", "public"."users"."lastName", "public"."users"."phone", "public"."users"."avatar", "public"."users"."isActive", "public"."users"."role"::text, "public"."users"."createdAt", "public"."users"."updatedAt" FROM "public"."users" WHERE ("public"."users"."email" = $1 AND "public"."users"."isActive" = $2) LIMIT $3 OFFSET $4

      at Object.Kl (../node_modules/@prisma/internals/src/logger.ts:13:11)

  console.log
    prisma:query COMMIT

      at Object.Kl (../node_modules/@prisma/internals/src/logger.ts:13:11)

[31m[Nest] 135772  - [39m10/02/2026, 12:08:30 [31m  ERROR[39m [38;5;3m[GlobalExceptionFilter] [39m[31mHTTP 409 Error: Email j├í est├í em uso[39m
{"statusCode":409,"message":"Email j├í est├í em 
uso","errorCode":"INTERNAL_SERVER_ERROR","timestamp":"2026-02-10T15:08:30.269Z","path":"/users","method":"POST","ip":"::ffff:127.0.0.1"}
[31m[Nest] 132968  - [39m10/02/2026, 12:08:30 [31m  ERROR[39m [38;5;3m[GlobalExceptionFilter] [39m[31mHTTP 400 Error: Erro de valida├º├úo nos campos: 
email[39m
{"statusCode":400,"message":"Erro de valida├º├úo nos campos: email","errorCode":"VALIDATION_ERROR","timestamp":"2026-02-10T15:08:30.272Z","path":"/units","method
":"POST","context":{"errors":[{"field":"email","value":"invalid-email","constraints":["email must be an email"]}]},"ip":"::ffff:127.0.0.1"}
  console.log
    prisma:query INSERT INTO "public"."security_logs" ("id","event","severity","description","metadata","timestamp") VALUES ($1,$2,CAST($3::text AS "public"."SecurityLevel"),$4,$5,$6) RETURNING "public"."security_logs"."id", "public"."security_logs"."event", "public"."security_logs"."severity"::text, "public"."security_logs"."description", "public"."security_logs"."userId", "public"."security_logs"."ip", "public"."security_logs"."userAgent", "public"."security_logs"."metadata", "public"."security_logs"."timestamp"

      at Object.Kl (../node_modules/@prisma/internals/src/logger.ts:13:11)

  console.log
    Security event logged: APPLICATION_FAILURE - HIGH

      at MetricsCollectorService.logSecurityEvent (../src/shared/monitoring/metrics-collector.service.ts:107:15)

  console.error
    ÔØî APPLICATION FAILURE: POST /users - Email j├í est├í em uso

    [0m [90m 59 |[39m       })[33m;[39m
     [90m 60 |[39m
    [31m[1m>[22m[39m[90m 61 |[39m       console[33m.[39merror(
     [90m    |[39m               [31m[1m^[22m[39m
     [90m 62 |[39m         [32m`ÔØî APPLICATION FAILURE: ${failure.operation} - ${failure.error}`[39m[33m,[39m
     [90m 63 |[39m       )[33m;[39m
     [90m 64 |[39m     } [36mcatch[39m (error) {[0m

      at SystemHealthService.logApplicationFailure (../src/shared/monitoring/system-health.service.ts:61:15)
      at GlobalExceptionFilter.logErrorToMonitoringSystem (../src/shared/execeptions/filters/global-exception.filter.ts:132:9)
      at GlobalExceptionFilter.catch (../src/shared/execeptions/filters/global-exception.filter.ts:80:5)

  console.log
    prisma:query INSERT INTO "public"."security_logs" ("id","event","severity","description","metadata","timestamp") VALUES ($1,$2,CAST($3::text AS "public"."SecurityLevel"),$4,$5,$6) RETURNING "public"."security_logs"."id", "public"."security_logs"."event", "public"."security_logs"."severity"::text, "public"."security_logs"."description", "public"."security_logs"."userId", "public"."security_logs"."ip", "public"."security_logs"."userAgent", "public"."security_logs"."metadata", "public"."security_logs"."timestamp"

      at Object.Kl (../node_modules/@prisma/internals/src/logger.ts:13:11)

  console.log
    Security event logged: APPLICATION_FAILURE - HIGH

      at MetricsCollectorService.logSecurityEvent (../src/shared/monitoring/metrics-collector.service.ts:107:15)

  console.log
    prisma:query DELETE FROM "public"."doctors" WHERE "public"."doctors"."crm"::text LIKE $1

      at Object.Kl (../node_modules/@prisma/internals/src/logger.ts:13:11)

  console.error
    ÔØî APPLICATION FAILURE: POST /units - Erro de valida├º├úo nos campos: email

    [0m [90m 59 |[39m       })[33m;[39m
     [90m 60 |[39m
    [31m[1m>[22m[39m[90m 61 |[39m       console[33m.[39merror(
     [90m    |[39m               [31m[1m^[22m[39m
     [90m 62 |[39m         [32m`ÔØî APPLICATION FAILURE: ${failure.operation} - ${failure.error}`[39m[33m,[39m
     [90m 63 |[39m       )[33m;[39m
     [90m 64 |[39m     } [36mcatch[39m (error) {[0m

      at SystemHealthService.logApplicationFailure (../src/shared/monitoring/system-health.service.ts:61:15)
      at GlobalExceptionFilter.logErrorToMonitoringSystem (../src/shared/execeptions/filters/global-exception.filter.ts:132:9)
      at GlobalExceptionFilter.catch (../src/shared/execeptions/filters/global-exception.filter.ts:80:5)

  console.log
    prisma:query DELETE FROM "public"."doctors" WHERE "public"."doctors"."crm"::text LIKE $1

      at Object.Kl (../node_modules/@prisma/internals/src/logger.ts:13:11)

  console.log
    prisma:query INSERT INTO "public"."error_logs" ("id","errorType","errorMessage","stackTrace","userId","context","timestamp","resolved") VALUES ($1,$2,$3,$4,$5,$6,$7,$8) RETURNING "public"."error_logs"."id", "public"."error_logs"."errorType", "public"."error_logs"."errorMessage", "public"."error_logs"."stackTrace", "public"."error_logs"."userId", "public"."error_logs"."requestId", "public"."error_logs"."context", "public"."error_logs"."metadata", "public"."error_logs"."timestamp", "public"."error_logs"."resolved", "public"."error_logs"."resolvedAt", "public"."error_logs"."resolvedBy"

      at Object.Kl (../node_modules/@prisma/internals/src/logger.ts:13:11)

  console.error
    Error logged: INTERNAL_SERVER_ERROR - Email j├í est├í em uso

    [0m [90m 157 |[39m         }[33m,[39m
     [90m 158 |[39m       })[33m;[39m
    [31m[1m>[22m[39m[90m 159 |[39m       console[33m.[39merror([32m`Error logged: ${data.errorType} - ${data.errorMessage}`[39m)[33m;[39m
     [90m     |[39m               [31m[1m^[22m[39m
     [90m 160 |[39m     } [36mcatch[39m (error) {
     [90m 161 |[39m       console[33m.[39merror([32m'Failed to log error:'[39m[33m,[39m error)[33m;[39m
     [90m 162 |[39m     }[0m

      at MetricsCollectorService.logError (../src/shared/monitoring/metrics-collector.service.ts:159:15)
      at GlobalExceptionFilter.logErrorToMonitoringSystem (../src/shared/execeptions/filters/global-exception.filter.ts:174:7)
      at GlobalExceptionFilter.catch (../src/shared/execeptions/filters/global-exception.filter.ts:80:5)

  console.log
    prisma:query INSERT INTO "public"."error_logs" ("id","errorType","errorMessage","stackTrace","userId","context","timestamp","resolved") VALUES ($1,$2,$3,$4,$5,$6,$7,$8) RETURNING "public"."error_logs"."id", "public"."error_logs"."errorType", "public"."error_logs"."errorMessage", "public"."error_logs"."stackTrace", "public"."error_logs"."userId", "public"."error_logs"."requestId", "public"."error_logs"."context", "public"."error_logs"."metadata", "public"."error_logs"."timestamp", "public"."error_logs"."resolved", "public"."error_logs"."resolvedAt", "public"."error_logs"."resolvedBy"

      at Object.Kl (../node_modules/@prisma/internals/src/logger.ts:13:11)

  console.log
    prisma:query DELETE FROM "public"."units" WHERE "public"."units"."name"::text LIKE $1

      at Object.Kl (../node_modules/@prisma/internals/src/logger.ts:13:11)

  console.error
    Error logged: VALIDATION_ERROR - Erro de valida├º├úo nos campos: email

    [0m [90m 157 |[39m         }[33m,[39m
     [90m 158 |[39m       })[33m;[39m
    [31m[1m>[22m[39m[90m 159 |[39m       console[33m.[39merror([32m`Error logged: ${data.errorType} - ${data.errorMessage}`[39m)[33m;[39m
     [90m     |[39m               [31m[1m^[22m[39m
     [90m 160 |[39m     } [36mcatch[39m (error) {
     [90m 161 |[39m       console[33m.[39merror([32m'Failed to log error:'[39m[33m,[39m error)[33m;[39m
     [90m 162 |[39m     }[0m

      at MetricsCollectorService.logError (../src/shared/monitoring/metrics-collector.service.ts:159:15)
      at GlobalExceptionFilter.logErrorToMonitoringSystem (../src/shared/execeptions/filters/global-exception.filter.ts:174:7)
      at GlobalExceptionFilter.catch (../src/shared/execeptions/filters/global-exception.filter.ts:80:5)

  console.log
    prisma:query DELETE FROM "public"."units" WHERE "public"."units"."name"::text LIKE $1

      at Object.Kl (../node_modules/@prisma/internals/src/logger.ts:13:11)

  console.log
    prisma:query DELETE FROM "public"."users" WHERE "public"."users"."email"::text LIKE $1

      at Object.Kl (../node_modules/@prisma/internals/src/logger.ts:13:11)

[31m[Nest] 132968  - [39m10/02/2026, 12:08:30 [31m  ERROR[39m [38;5;3m[GlobalExceptionFilter] [39m[31mHTTP 400 Error: Erro de valida├º├úo nos campos: 
type, address, city, state, zipCode, email, cnpj[39m
{"statusCode":400,"message":"Erro de valida├º├úo nos campos: type, address, city, state, zipCode, email, cnpj","errorCode":"VALIDATION_ERROR","timestamp":"2026-0
2-10T15:08:30.296Z","path":"/units","method":"POST","context":{"errors":[{"field":"type","constraints":["type must be one of the following values: HOSPITAL, 
CLINIC, CONSULTING_ROOM, LAB, OTHER"]},{"field":"address","constraints":["address must be a string"]},{"field":"city","constraints":["city must be a 
string"]},{"field":"state","constraints":["state must be a string"]},{"field":"zipCode","constraints":["CEP deve conter exatamente 8 
n├║meros"]},{"field":"email","constraints":["email must be an email"]},{"field":"cnpj","constraints":["CNPJ deve conter exatamente 14 
n├║meros"]}]},"ip":"::ffff:127.0.0.1"}
  console.log
    prisma:query SELECT "public"."users"."id", "public"."users"."email", "public"."users"."password", "public"."users"."firstName", "public"."users"."lastName", "public"."users"."phone", "public"."users"."avatar", "public"."users"."isActive", "public"."users"."role"::text, "public"."users"."createdAt", "public"."users"."updatedAt" FROM "public"."users" WHERE ("public"."users"."email" = $1 AND "public"."users"."isActive" = $2) LIMIT $3 OFFSET $4

      at Object.Kl (../node_modules/@prisma/internals/src/logger.ts:13:11)

  console.log
    prisma:query DELETE FROM "public"."users" WHERE "public"."users"."email"::text LIKE $1

      at Object.Kl (../node_modules/@prisma/internals/src/logger.ts:13:11)

  console.log
    prisma:query INSERT INTO "public"."security_logs" ("id","event","severity","description","metadata","timestamp") VALUES ($1,$2,CAST($3::text AS "public"."SecurityLevel"),$4,$5,$6) RETURNING "public"."security_logs"."id", "public"."security_logs"."event", "public"."security_logs"."severity"::text, "public"."security_logs"."description", "public"."security_logs"."userId", "public"."security_logs"."ip", "public"."security_logs"."userAgent", "public"."security_logs"."metadata", "public"."security_logs"."timestamp"

      at Object.Kl (../node_modules/@prisma/internals/src/logger.ts:13:11)

  console.log
    Security event logged: APPLICATION_FAILURE - HIGH

      at MetricsCollectorService.logSecurityEvent (../src/shared/monitoring/metrics-collector.service.ts:107:15)

  console.error
    ÔØî APPLICATION FAILURE: POST /units - Erro de valida├º├úo nos campos: type, address, city, state, zipCode, email, cnpj

    [0m [90m 59 |[39m       })[33m;[39m
     [90m 60 |[39m
    [31m[1m>[22m[39m[90m 61 |[39m       console[33m.[39merror(
     [90m    |[39m               [31m[1m^[22m[39m
     [90m 62 |[39m         [32m`ÔØî APPLICATION FAILURE: ${failure.operation} - ${failure.error}`[39m[33m,[39m
     [90m 63 |[39m       )[33m;[39m
     [90m 64 |[39m     } [36mcatch[39m (error) {[0m

      at SystemHealthService.logApplicationFailure (../src/shared/monitoring/system-health.service.ts:61:15)
      at GlobalExceptionFilter.logErrorToMonitoringSystem (../src/shared/execeptions/filters/global-exception.filter.ts:132:9)
      at GlobalExceptionFilter.catch (../src/shared/execeptions/filters/global-exception.filter.ts:80:5)

  console.log
    prisma:query INSERT INTO "public"."users" ("id","email","password","firstName","lastName","isActive","role","createdAt","updatedAt") VALUES ($1,$2,$3,$4,$5,$6,CAST($7::text AS "public"."UserRole"),$8,$9) RETURNING "public"."users"."id", "public"."users"."email", "public"."users"."password", "public"."users"."firstName", "public"."users"."lastName", "public"."users"."phone", "public"."users"."avatar", "public"."users"."isActive", "public"."users"."role"::text, "public"."users"."createdAt", "public"."users"."updatedAt"

      at Object.Kl (../node_modules/@prisma/internals/src/logger.ts:13:11)

  console.log
    prisma:query INSERT INTO "public"."users" ("id","email","password","firstName","lastName","isActive","role","createdAt","updatedAt") VALUES ($1,$2,$3,$4,$5,$6,CAST($7::text AS "public"."UserRole"),$8,$9) RETURNING "public"."users"."id", "public"."users"."email", "public"."users"."password", "public"."users"."firstName", "public"."users"."lastName", "public"."users"."phone", "public"."users"."avatar", "public"."users"."isActive", "public"."users"."role"::text, "public"."users"."createdAt", "public"."users"."updatedAt"

      at Object.Kl (../node_modules/@prisma/internals/src/logger.ts:13:11)

  console.log
    prisma:query INSERT INTO "public"."error_logs" ("id","errorType","errorMessage","stackTrace","userId","context","timestamp","resolved") VALUES ($1,$2,$3,$4,$5,$6,$7,$8) RETURNING "public"."error_logs"."id", "public"."error_logs"."errorType", "public"."error_logs"."errorMessage", "public"."error_logs"."stackTrace", "public"."error_logs"."userId", "public"."error_logs"."requestId", "public"."error_logs"."context", "public"."error_logs"."metadata", "public"."error_logs"."timestamp", "public"."error_logs"."resolved", "public"."error_logs"."resolvedAt", "public"."error_logs"."resolvedBy"

      at Object.Kl (../node_modules/@prisma/internals/src/logger.ts:13:11)

  console.log
    prisma:query DELETE FROM "public"."users" WHERE "public"."users"."email"::text LIKE $1

      at Object.Kl (../node_modules/@prisma/internals/src/logger.ts:13:11)

  console.error
    Error logged: VALIDATION_ERROR - Erro de valida├º├úo nos campos: type, address, city, state, zipCode, email, cnpj

    [0m [90m 157 |[39m         }[33m,[39m
     [90m 158 |[39m       })[33m;[39m
    [31m[1m>[22m[39m[90m 159 |[39m       console[33m.[39merror([32m`Error logged: ${data.errorType} - ${data.errorMessage}`[39m)[33m;[39m
     [90m     |[39m               [31m[1m^[22m[39m
     [90m 160 |[39m     } [36mcatch[39m (error) {
     [90m 161 |[39m       console[33m.[39merror([32m'Failed to log error:'[39m[33m,[39m error)[33m;[39m
     [90m 162 |[39m     }[0m

      at MetricsCollectorService.logError (../src/shared/monitoring/metrics-collector.service.ts:159:15)
      at GlobalExceptionFilter.logErrorToMonitoringSystem (../src/shared/execeptions/filters/global-exception.filter.ts:174:7)
      at GlobalExceptionFilter.catch (../src/shared/execeptions/filters/global-exception.filter.ts:80:5)

  console.log
    prisma:query SELECT "public"."users"."id", "public"."users"."email", "public"."users"."password", "public"."users"."firstName", "public"."users"."lastName", "public"."users"."phone", "public"."users"."avatar", "public"."users"."isActive", "public"."users"."role"::text, "public"."users"."createdAt", "public"."users"."updatedAt" FROM "public"."users" WHERE ("public"."users"."email" = $1 AND "public"."users"."isActive" = $2) LIMIT $3 OFFSET $4

      at Object.Kl (../node_modules/@prisma/internals/src/logger.ts:13:11)

  console.log
    prisma:query SELECT "public"."users"."id", "public"."users"."email", "public"."users"."password", "public"."users"."firstName", "public"."users"."lastName", "public"."users"."phone", "public"."users"."avatar", "public"."users"."isActive", "public"."users"."role"::text, "public"."users"."createdAt", "public"."users"."updatedAt" FROM "public"."users" WHERE ("public"."users"."id" = $1 AND "public"."users"."isActive" = $2) LIMIT $3 OFFSET $4

      at Object.Kl (../node_modules/@prisma/internals/src/logger.ts:13:11)

  console.log
    prisma:query DELETE FROM "public"."units" WHERE "public"."units"."name"::text LIKE $1

      at Object.Kl (../node_modules/@prisma/internals/src/logger.ts:13:11)

  console.log
    prisma:query SELECT "public"."doctors"."id", "public"."doctors"."userId", "public"."doctors"."crm", "public"."doctors"."crmState", "public"."doctors"."isActive", "public"."doctors"."createdAt", "public"."doctors"."updatedAt" FROM "public"."doctors" WHERE "public"."doctors"."crm" = $1 LIMIT $2 OFFSET $3

      at Object.Kl (../node_modules/@prisma/internals/src/logger.ts:13:11)

  console.log
    prisma:query INSERT INTO "public"."users" ("id","email","password","firstName","lastName","isActive","role","createdAt","updatedAt") VALUES ($1,$2,$3,$4,$5,$6,CAST($7::text AS "public"."UserRole"),$8,$9) RETURNING "public"."users"."id", "public"."users"."email", "public"."users"."password", "public"."users"."firstName", "public"."users"."lastName", "public"."users"."phone", "public"."users"."avatar", "public"."users"."isActive", "public"."users"."role"::text, "public"."users"."createdAt", "public"."users"."updatedAt"

      at Object.Kl (../node_modules/@prisma/internals/src/logger.ts:13:11)

  console.log
    prisma:query INSERT INTO "public"."users" ("id","email","password","firstName","lastName","isActive","role","createdAt","updatedAt") VALUES ($1,$2,$3,$4,$5,$6,CAST($7::text AS "public"."UserRole"),$8,$9) RETURNING "public"."users"."id", "public"."users"."email", "public"."users"."password", "public"."users"."firstName", "public"."users"."lastName", "public"."users"."phone", "public"."users"."avatar", "public"."users"."isActive", "public"."users"."role"::text, "public"."users"."createdAt", "public"."users"."updatedAt"

      at Object.Kl (../node_modules/@prisma/internals/src/logger.ts:13:11)

  console.log
    prisma:query SELECT "public"."doctor_units"."id", "public"."doctor_units"."doctorId", "public"."doctor_units"."unitId", "public"."doctor_units"."consultationPrice", "public"."doctor_units"."isPrimary", "public"."doctor_units"."isActive", "public"."doctor_units"."createdAt" FROM "public"."doctor_units" WHERE ("public"."doctor_units"."isActive" = $1 AND "public"."doctor_units"."doctorId" IN (NULL)) OFFSET $2

      at Object.Kl (../node_modules/@prisma/internals/src/logger.ts:13:11)
          at async Promise.all (index 1)

  console.log
    prisma:query SELECT "public"."users"."id", "public"."users"."email", "public"."users"."password", "public"."users"."firstName", "public"."users"."lastName", "public"."users"."phone", "public"."users"."avatar", "public"."users"."isActive", "public"."users"."role"::text, "public"."users"."createdAt", "public"."users"."updatedAt" FROM "public"."users" WHERE "public"."users"."id" IN (NULL) OFFSET $1

      at Object.Kl (../node_modules/@prisma/internals/src/logger.ts:13:11)
          at async Promise.all (index 0)

  console.log
    prisma:query SELECT "public"."units"."id", "public"."units"."name", "public"."units"."type"::text, "public"."units"."cnpj", "public"."units"."phone", "public"."units"."email", "public"."units"."address", "public"."units"."city", "public"."units"."state", "public"."units"."zipCode", "public"."units"."isActive", "public"."units"."createdAt", "public"."units"."updatedAt" FROM "public"."units" WHERE ("public"."units"."cnpj" = $1 AND 1=1) LIMIT $2 OFFSET $3

      at Object.Kl (../node_modules/@prisma/internals/src/logger.ts:13:11)

  console.log
    prisma:query SELECT "public"."units"."id", "public"."units"."name", "public"."units"."type"::text, "public"."units"."cnpj", "public"."units"."phone", "public"."units"."email", "public"."units"."address", "public"."units"."city", "public"."units"."state", "public"."units"."zipCode", "public"."units"."isActive", "public"."units"."createdAt", "public"."units"."updatedAt" FROM "public"."units" WHERE "public"."units"."id" IN (NULL) OFFSET $1

      at Object.Kl (../node_modules/@prisma/internals/src/logger.ts:13:11)
          at async Promise.all (index 0)
          at async Promise.all (index 1)

  console.log
    prisma:query INSERT INTO "public"."doctors" ("id","userId","crm","crmState","isActive","createdAt","updatedAt") VALUES ($1,$2,$3,$4,$5,$6,$7) RETURNING "public"."doctors"."id", "public"."doctors"."userId", "public"."doctors"."crm", "public"."doctors"."crmState", "public"."doctors"."isActive", "public"."doctors"."createdAt", "public"."doctors"."updatedAt"

      at Object.Kl (../node_modules/@prisma/internals/src/logger.ts:13:11)

  console.log
    prisma:query INSERT INTO "public"."doctors" ("id","userId","crm","crmState","isActive","createdAt","updatedAt") VALUES ($1,$2,$3,$4,$5,$6,$7) RETURNING "public"."doctors"."id"

      at Object.Kl (../node_modules/@prisma/internals/src/logger.ts:13:11)

  console.log
    prisma:query SELECT "public"."users"."id", "public"."users"."email", "public"."users"."password", "public"."users"."firstName", "public"."users"."lastName", "public"."users"."phone", "public"."users"."avatar", "public"."users"."isActive", "public"."users"."role"::text, "public"."users"."createdAt", "public"."users"."updatedAt" FROM "public"."users" WHERE ("public"."users"."email" = $1 AND "public"."users"."isActive" = $2) LIMIT $3 OFFSET $4

      at Object.Kl (../node_modules/@prisma/internals/src/logger.ts:13:11)

  console.log
    prisma:query INSERT INTO "public"."units" ("id","name","type","cnpj","email","address","city","state","zipCode","isActive","createdAt","updatedAt") VALUES ($1,$2,CAST($3::text AS "public"."UnitType"),$4,$5,$6,$7,$8,$9,$10,$11,$12) RETURNING "public"."units"."id", "public"."units"."name", "public"."units"."type"::text, "public"."units"."cnpj", "public"."units"."phone", "public"."units"."email", "public"."units"."address", "public"."units"."city", "public"."units"."state", "public"."units"."zipCode", "public"."units"."isActive", "public"."units"."createdAt", "public"."units"."updatedAt"

      at Object.Kl (../node_modules/@prisma/internals/src/logger.ts:13:11)

  console.log
    prisma:query SELECT "public"."doctors"."id", "public"."doctors"."userId", "public"."doctors"."crm", "public"."doctors"."crmState", "public"."doctors"."isActive", "public"."doctors"."createdAt", "public"."doctors"."updatedAt" FROM "public"."doctors" WHERE "public"."doctors"."id" = $1 LIMIT $2 OFFSET $3

      at Object.Kl (../node_modules/@prisma/internals/src/logger.ts:13:11)

  console.log
    prisma:query INSERT INTO "public"."units" ("id","name","type","cnpj","email","address","city","state","zipCode","isActive","createdAt","updatedAt") VALUES ($1,$2,CAST($3::text AS "public"."UnitType"),$4,$5,$6,$7,$8,$9,$10,$11,$12) RETURNING "public"."units"."id", "public"."units"."name", "public"."units"."type"::text, "public"."units"."cnpj", "public"."units"."phone", "public"."units"."email", "public"."units"."address", "public"."units"."city", "public"."units"."state", "public"."units"."zipCode", "public"."units"."isActive", "public"."units"."createdAt", "public"."units"."updatedAt"

      at Object.Kl (../node_modules/@prisma/internals/src/logger.ts:13:11)

  console.log
    prisma:query SELECT "public"."users"."id", "public"."users"."firstName", "public"."users"."lastName", "public"."users"."email", "public"."users"."phone", "public"."users"."avatar", "public"."users"."role"::text, "public"."users"."isActive", "public"."users"."createdAt", "public"."users"."updatedAt" FROM "public"."users" WHERE "public"."users"."id" = $1 OFFSET $2

      at Object.Kl (../node_modules/@prisma/internals/src/logger.ts:13:11)
          at async Promise.all (index 0)

  console.log
    prisma:query INSERT INTO "public"."users" ("id","email","password","firstName","lastName","isActive","role","createdAt","updatedAt") VALUES ($1,$2,$3,$4,$5,$6,CAST($7::text AS "public"."UserRole"),$8,$9) RETURNING "public"."users"."id", "public"."users"."email", "public"."users"."password", "public"."users"."firstName", "public"."users"."lastName", "public"."users"."phone", "public"."users"."avatar", "public"."users"."isActive", "public"."users"."role"::text, "public"."users"."createdAt", "public"."users"."updatedAt"

      at Object.Kl (../node_modules/@prisma/internals/src/logger.ts:13:11)

  console.log
    prisma:query COMMIT

      at Object.Kl (../node_modules/@prisma/internals/src/logger.ts:13:11)

  console.log
    prisma:query SELECT "public"."units"."id", "public"."units"."name", "public"."units"."type"::text, "public"."units"."cnpj", "public"."units"."phone", "public"."units"."email", "public"."units"."address", "public"."units"."city", "public"."units"."state", "public"."units"."zipCode", "public"."units"."isActive", "public"."units"."createdAt", "public"."units"."updatedAt" FROM "public"."units" WHERE ("public"."units"."cnpj" = $1 AND 1=1) LIMIT $2 OFFSET $3

      at Object.Kl (../node_modules/@prisma/internals/src/logger.ts:13:11)

[31m[Nest] 132968  - [39m10/02/2026, 12:08:30 [31m  ERROR[39m [38;5;3m[GlobalExceptionFilter] [39m[31mHTTP 409 Error: Unidade com CNPJ 12345678000199 j├í 
est├í cadastrada no sistema[39m
{"statusCode":409,"message":"Unidade com CNPJ 12345678000199 j├í est├í cadastrada no sistema","errorCode":"UNIT_ALREADY_EXISTS","timestamp":"2026-02-10T15:08:30.
334Z","path":"/units","method":"POST","context":{"cnpj":"12345678000199"},"ip":"::ffff:127.0.0.1"}
  console.log
    prisma:query SELECT "public"."doctors"."id", "public"."doctors"."userId", "public"."doctors"."crm", "public"."doctors"."crmState", "public"."doctors"."isActive", "public"."doctors"."createdAt", "public"."doctors"."updatedAt" FROM "public"."doctors" WHERE ("public"."doctors"."id" = $1 AND "public"."doctors"."isActive" = $2) LIMIT $3 OFFSET $4

      at Object.Kl (../node_modules/@prisma/internals/src/logger.ts:13:11)

  console.log
    prisma:query SELECT "public"."users"."id", "public"."users"."email", "public"."users"."password", "public"."users"."firstName", "public"."users"."lastName", "public"."users"."phone", "public"."users"."avatar", "public"."users"."isActive", "public"."users"."role"::text, "public"."users"."createdAt", "public"."users"."updatedAt" FROM "public"."users" WHERE "public"."users"."id" IN ($1) OFFSET $2

      at Object.Kl (../node_modules/@prisma/internals/src/logger.ts:13:11)
          at async Promise.all (index 0)

  console.log
    prisma:query SELECT "public"."users"."id", "public"."users"."email", "public"."users"."password", "public"."users"."firstName", "public"."users"."lastName", "public"."users"."phone", "public"."users"."avatar", "public"."users"."isActive", "public"."users"."role"::text, "public"."users"."createdAt", "public"."users"."updatedAt" FROM "public"."users" WHERE ("public"."users"."email" = $1 AND "public"."users"."isActive" = $2) LIMIT $3 OFFSET $4

      at Object.Kl (../node_modules/@prisma/internals/src/logger.ts:13:11)

  console.log
    prisma:query SELECT "public"."doctor_units"."id", "public"."doctor_units"."doctorId", "public"."doctor_units"."unitId", "public"."doctor_units"."consultationPrice", "public"."doctor_units"."isPrimary", "public"."doctor_units"."isActive", "public"."doctor_units"."createdAt" FROM "public"."doctor_units" WHERE ("public"."doctor_units"."isActive" = $1 AND "public"."doctor_units"."doctorId" IN ($2)) OFFSET $3

      at Object.Kl (../node_modules/@prisma/internals/src/logger.ts:13:11)
          at async Promise.all (index 1)

  console.log
    prisma:query INSERT INTO "public"."security_logs" ("id","event","severity","description","metadata","timestamp") VALUES ($1,$2,CAST($3::text AS "public"."SecurityLevel"),$4,$5,$6) RETURNING "public"."security_logs"."id", "public"."security_logs"."event", "public"."security_logs"."severity"::text, "public"."security_logs"."description", "public"."security_logs"."userId", "public"."security_logs"."ip", "public"."security_logs"."userAgent", "public"."security_logs"."metadata", "public"."security_logs"."timestamp"

      at Object.Kl (../node_modules/@prisma/internals/src/logger.ts:13:11)

  console.log
    Security event logged: APPLICATION_FAILURE - HIGH

      at MetricsCollectorService.logSecurityEvent (../src/shared/monitoring/metrics-collector.service.ts:107:15)

  console.log
    prisma:query SELECT "public"."units"."id", "public"."units"."name", "public"."units"."type"::text, "public"."units"."cnpj", "public"."units"."phone", "public"."units"."email", "public"."units"."address", "public"."units"."city", "public"."units"."state", "public"."units"."zipCode", "public"."units"."isActive", "public"."units"."createdAt", "public"."units"."updatedAt" FROM "public"."units" WHERE "public"."units"."id" IN (NULL) OFFSET $1

      at Object.Kl (../node_modules/@prisma/internals/src/logger.ts:13:11)
          at async Promise.all (index 0)
          at async Promise.all (index 1)

  console.log
    prisma:query DELETE FROM "public"."doctors" WHERE "public"."doctors"."crm"::text LIKE $1

      at Object.Kl (../node_modules/@prisma/internals/src/logger.ts:13:11)

  console.error
    ÔØî APPLICATION FAILURE: POST /units - Unidade com CNPJ 12345678000199 j├í est├í cadastrada no sistema

    [0m [90m 59 |[39m       })[33m;[39m
     [90m 60 |[39m
    [31m[1m>[22m[39m[90m 61 |[39m       console[33m.[39merror(
     [90m    |[39m               [31m[1m^[22m[39m
     [90m 62 |[39m         [32m`ÔØî APPLICATION FAILURE: ${failure.operation} - ${failure.error}`[39m[33m,[39m
     [90m 63 |[39m       )[33m;[39m
     [90m 64 |[39m     } [36mcatch[39m (error) {[0m

      at SystemHealthService.logApplicationFailure (../src/shared/monitoring/system-health.service.ts:61:15)
      at GlobalExceptionFilter.logErrorToMonitoringSystem (../src/shared/execeptions/filters/global-exception.filter.ts:132:9)
      at GlobalExceptionFilter.catch (../src/shared/execeptions/filters/global-exception.filter.ts:80:5)

  console.log
    prisma:query INSERT INTO "public"."users" ("id","email","password","firstName","lastName","isActive","role","createdAt","updatedAt") VALUES ($1,$2,$3,$4,$5,$6,CAST($7::text AS "public"."UserRole"),$8,$9) RETURNING "public"."users"."id", "public"."users"."email", "public"."users"."password", "public"."users"."firstName", "public"."users"."lastName", "public"."users"."phone", "public"."users"."avatar", "public"."users"."isActive", "public"."users"."role"::text, "public"."users"."createdAt", "public"."users"."updatedAt"

      at Object.Kl (../node_modules/@prisma/internals/src/logger.ts:13:11)

  console.log
    prisma:query SELECT "public"."units"."id", "public"."units"."name", "public"."units"."type"::text, "public"."units"."cnpj", "public"."units"."phone", "public"."units"."email", "public"."units"."address", "public"."units"."city", "public"."units"."state", "public"."units"."zipCode", "public"."units"."isActive", "public"."units"."createdAt", "public"."units"."updatedAt" FROM "public"."units" WHERE ("public"."units"."id" = $1 AND 1=1) LIMIT $2 OFFSET $3

      at Object.Kl (../node_modules/@prisma/internals/src/logger.ts:13:11)

  console.log
    prisma:query DELETE FROM "public"."users" WHERE "public"."users"."email"::text LIKE $1

      at Object.Kl (../node_modules/@prisma/internals/src/logger.ts:13:11)

  console.log
    prisma:query INSERT INTO "public"."error_logs" ("id","errorType","errorMessage","stackTrace","userId","context","timestamp","resolved") VALUES ($1,$2,$3,$4,$5,$6,$7,$8) RETURNING "public"."error_logs"."id", "public"."error_logs"."errorType", "public"."error_logs"."errorMessage", "public"."error_logs"."stackTrace", "public"."error_logs"."userId", "public"."error_logs"."requestId", "public"."error_logs"."context", "public"."error_logs"."metadata", "public"."error_logs"."timestamp", "public"."error_logs"."resolved", "public"."error_logs"."resolvedAt", "public"."error_logs"."resolvedBy"

      at Object.Kl (../node_modules/@prisma/internals/src/logger.ts:13:11)

  console.log
    prisma:query SELECT "public"."users"."id", "public"."users"."email", "public"."users"."password", "public"."users"."firstName", "public"."users"."lastName", "public"."users"."phone", "public"."users"."avatar", "public"."users"."isActive", "public"."users"."role"::text, "public"."users"."createdAt", "public"."users"."updatedAt" FROM "public"."users" WHERE ("public"."users"."email" = $1 AND "public"."users"."isActive" = $2) LIMIT $3 OFFSET $4

      at Object.Kl (../node_modules/@prisma/internals/src/logger.ts:13:11)

  console.log
    prisma:query INSERT INTO "public"."doctor_units" ("id","doctorId","unitId","isPrimary","isActive","createdAt") VALUES ($1,$2,$3,$4,$5,$6) RETURNING "public"."doctor_units"."id"

      at Object.Kl (../node_modules/@prisma/internals/src/logger.ts:13:11)

  console.error
    Error logged: UNIT_ALREADY_EXISTS - Unidade com CNPJ 12345678000199 j├í est├í cadastrada no sistema

    [0m [90m 157 |[39m         }[33m,[39m
     [90m 158 |[39m       })[33m;[39m
    [31m[1m>[22m[39m[90m 159 |[39m       console[33m.[39merror([32m`Error logged: ${data.errorType} - ${data.errorMessage}`[39m)[33m;[39m
     [90m     |[39m               [31m[1m^[22m[39m
     [90m 160 |[39m     } [36mcatch[39m (error) {
     [90m 161 |[39m       console[33m.[39merror([32m'Failed to log error:'[39m[33m,[39m error)[33m;[39m
     [90m 162 |[39m     }[0m

      at MetricsCollectorService.logError (../src/shared/monitoring/metrics-collector.service.ts:159:15)
      at GlobalExceptionFilter.logErrorToMonitoringSystem (../src/shared/execeptions/filters/global-exception.filter.ts:174:7)
      at GlobalExceptionFilter.catch (../src/shared/execeptions/filters/global-exception.filter.ts:80:5)

[31m[Nest] 135784  - [39m10/02/2026, 12:08:30 [31m  ERROR[39m [38;5;3m[GlobalExceptionFilter] [39m[31mHTTP 400 Error: Erro de valida├º├úo nos campos: 
crmState, isActive, userId[39m
{"statusCode":400,"message":"Erro de valida├º├úo nos campos: crmState, isActive, userId","errorCode":"VALIDATION_ERROR","timestamp":"2026-02-10T15:08:30.351Z","p
ath":"/doctors","method":"POST","context":{"errors":[{"field":"crmState","constraints":["crmState must be a boolean 
value"]},{"field":"isActive","constraints":["isActive must be a boolean value"]},{"field":"userId","constraints":["userId must be a 
string"]}]},"ip":"::ffff:127.0.0.1"}
  console.log
    prisma:query SELECT "public"."doctor_units"."id", "public"."doctor_units"."doctorId", "public"."doctor_units"."unitId", "public"."doctor_units"."consultationPrice", "public"."doctor_units"."isPrimary", "public"."doctor_units"."isActive", "public"."doctor_units"."createdAt" FROM "public"."doctor_units" WHERE "public"."doctor_units"."id" = $1 LIMIT $2 OFFSET $3

      at Object.Kl (../node_modules/@prisma/internals/src/logger.ts:13:11)

  console.log
    prisma:query SELECT "public"."units"."id", "public"."units"."name", "public"."units"."type"::text, "public"."units"."city", "public"."units"."state" FROM "public"."units" WHERE "public"."units"."id" = $1 OFFSET $2

      at Object.Kl (../node_modules/@prisma/internals/src/logger.ts:13:11)
          at async Promise.all (index 0)

  console.log
    prisma:query INSERT INTO "public"."users" ("id","email","password","firstName","lastName","isActive","role","createdAt","updatedAt") VALUES ($1,$2,$3,$4,$5,$6,CAST($7::text AS "public"."UserRole"),$8,$9) RETURNING "public"."users"."id", "public"."users"."email", "public"."users"."password", "public"."users"."firstName", "public"."users"."lastName", "public"."users"."phone", "public"."users"."avatar", "public"."users"."isActive", "public"."users"."role"::text, "public"."users"."createdAt", "public"."users"."updatedAt"

      at Object.Kl (../node_modules/@prisma/internals/src/logger.ts:13:11)

  console.log
    prisma:query DELETE FROM "public"."units" WHERE "public"."units"."name"::text LIKE $1

      at Object.Kl (../node_modules/@prisma/internals/src/logger.ts:13:11)

  console.log
    prisma:query COMMIT

      at Object.Kl (../node_modules/@prisma/internals/src/logger.ts:13:11)

  console.log
    prisma:query INSERT INTO "public"."security_logs" ("id","event","severity","description","metadata","timestamp") VALUES ($1,$2,CAST($3::text AS "public"."SecurityLevel"),$4,$5,$6) RETURNING "public"."security_logs"."id", "public"."security_logs"."event", "public"."security_logs"."severity"::text, "public"."security_logs"."description", "public"."security_logs"."userId", "public"."security_logs"."ip", "public"."security_logs"."userAgent", "public"."security_logs"."metadata", "public"."security_logs"."timestamp"

      at Object.Kl (../node_modules/@prisma/internals/src/logger.ts:13:11)

  console.log
    Security event logged: APPLICATION_FAILURE - HIGH

      at MetricsCollectorService.logSecurityEvent (../src/shared/monitoring/metrics-collector.service.ts:107:15)

  console.log
    prisma:query SELECT "public"."units"."id", "public"."units"."name", "public"."units"."type"::text, "public"."units"."cnpj", "public"."units"."phone", "public"."units"."email", "public"."units"."address", "public"."units"."city", "public"."units"."state", "public"."units"."zipCode", "public"."units"."isActive", "public"."units"."createdAt", "public"."units"."updatedAt" FROM "public"."units" WHERE ("public"."units"."cnpj" = $1 AND 1=1) LIMIT $2 OFFSET $3

      at Object.Kl (../node_modules/@prisma/internals/src/logger.ts:13:11)

  console.log
    prisma:query DELETE FROM "public"."users" WHERE "public"."users"."email"::text LIKE $1

      at Object.Kl (../node_modules/@prisma/internals/src/logger.ts:13:11)

  console.error
    ÔØî APPLICATION FAILURE: POST /doctors - Erro de valida├º├úo nos campos: crmState, isActive, userId

    [0m [90m 59 |[39m       })[33m;[39m
     [90m 60 |[39m
    [31m[1m>[22m[39m[90m 61 |[39m       console[33m.[39merror(
     [90m    |[39m               [31m[1m^[22m[39m
     [90m 62 |[39m         [32m`ÔØî APPLICATION FAILURE: ${failure.operation} - ${failure.error}`[39m[33m,[39m
     [90m 63 |[39m       )[33m;[39m
     [90m 64 |[39m     } [36mcatch[39m (error) {[0m

      at SystemHealthService.logApplicationFailure (../src/shared/monitoring/system-health.service.ts:61:15)
      at GlobalExceptionFilter.logErrorToMonitoringSystem (../src/shared/execeptions/filters/global-exception.filter.ts:132:9)
      at GlobalExceptionFilter.catch (../src/shared/execeptions/filters/global-exception.filter.ts:80:5)

  console.log
    prisma:query DELETE FROM "public"."doctor_units" WHERE EXISTS(SELECT "t0"."id" FROM "public"."doctors" AS "t0" WHERE ("t0"."crm"::text LIKE $1 AND ("public"."doctor_units"."doctorId") = ("t0"."id") AND "t0"."id" IS NOT NULL))

      at Object.Kl (../node_modules/@prisma/internals/src/logger.ts:13:11)

  console.log
    prisma:query INSERT INTO "public"."units" ("id","name","type","cnpj","email","address","city","state","zipCode","isActive","createdAt","updatedAt") VALUES ($1,$2,CAST($3::text AS "public"."UnitType"),$4,$5,$6,$7,$8,$9,$10,$11,$12) RETURNING "public"."units"."id", "public"."units"."name", "public"."units"."type"::text, "public"."units"."cnpj", "public"."units"."phone", "public"."units"."email", "public"."units"."address", "public"."units"."city", "public"."units"."state", "public"."units"."zipCode", "public"."units"."isActive", "public"."units"."createdAt", "public"."units"."updatedAt"

      at Object.Kl (../node_modules/@prisma/internals/src/logger.ts:13:11)

  console.log
    prisma:query INSERT INTO "public"."error_logs" ("id","errorType","errorMessage","stackTrace","userId","context","timestamp","resolved") VALUES ($1,$2,$3,$4,$5,$6,$7,$8) RETURNING "public"."error_logs"."id", "public"."error_logs"."errorType", "public"."error_logs"."errorMessage", "public"."error_logs"."stackTrace", "public"."error_logs"."userId", "public"."error_logs"."requestId", "public"."error_logs"."context", "public"."error_logs"."metadata", "public"."error_logs"."timestamp", "public"."error_logs"."resolved", "public"."error_logs"."resolvedAt", "public"."error_logs"."resolvedBy"

      at Object.Kl (../node_modules/@prisma/internals/src/logger.ts:13:11)

FAIL test/e2e/users.e2e-spec.ts
  Users API (e2e)
    POST /users
      ÔêÜ should create a new user with valid data (256 ms)
      ├ù should create a user without optional fields (39 ms)
      ÔêÜ should return 400 for invalid email format (38 ms)
      ÔêÜ should return 400 for invalid phone format (22 ms)
      ÔêÜ should return 400 for missing required fields (26 ms)
      ÔêÜ should return 409 for duplicate email (43 ms)
      ÔêÜ should create users with different roles (69 ms)

  ÔùÅ Users API (e2e) ÔÇ║ POST /users ÔÇ║ should create a user without optional fields

    expect(received).toBeUndefined()

    Received: null

    [0m [90m 117 |[39m
     [90m 118 |[39m       expect(response[33m.[39mbody[33m.[39mid)[33m.[39mtoBeDefined()[33m;[39m
    [31m[1m>[22m[39m[90m 119 |[39m       expect(response[33m.[39mbody[33m.[39mphone)[33m.[39mtoBeUndefined()[33m;[39m
     [90m     |[39m                                   [31m[1m^[22m[39m
     [90m 120 |[39m       expect(response[33m.[39mbody[33m.[39mavatar)[33m.[39mtoBeUndefined()[33m;[39m
     [90m 121 |[39m     })[33m;[39m
     [90m 122 |[39m[0m

      at Object.<anonymous> (e2e/users.e2e-spec.ts:119:35)

  console.log
    prisma:query DELETE FROM "public"."doctors" WHERE "public"."doctors"."crm"::text LIKE $1

      at Object.Kl (../node_modules/@prisma/internals/src/logger.ts:13:11)

  console.error
    Error logged: VALIDATION_ERROR - Erro de valida├º├úo nos campos: crmState, isActive, userId

    [0m [90m 157 |[39m         }[33m,[39m
     [90m 158 |[39m       })[33m;[39m
    [31m[1m>[22m[39m[90m 159 |[39m       console[33m.[39merror([32m`Error logged: ${data.errorType} - ${data.errorMessage}`[39m)[33m;[39m
     [90m     |[39m               [31m[1m^[22m[39m
     [90m 160 |[39m     } [36mcatch[39m (error) {
     [90m 161 |[39m       console[33m.[39merror([32m'Failed to log error:'[39m[33m,[39m error)[33m;[39m
     [90m 162 |[39m     }[0m

      at MetricsCollectorService.logError (../src/shared/monitoring/metrics-collector.service.ts:159:15)
      at GlobalExceptionFilter.logErrorToMonitoringSystem (../src/shared/execeptions/filters/global-exception.filter.ts:174:7)
      at GlobalExceptionFilter.catch (../src/shared/execeptions/filters/global-exception.filter.ts:80:5)

  console.log
    prisma:query DELETE FROM "public"."units" WHERE "public"."units"."name"::text LIKE $1

      at Object.Kl (../node_modules/@prisma/internals/src/logger.ts:13:11)

  console.log
    prisma:query DELETE FROM "public"."doctors" WHERE "public"."doctors"."crm"::text LIKE $1

      at Object.Kl (../node_modules/@prisma/internals/src/logger.ts:13:11)

  console.log
    prisma:query DELETE FROM "public"."users" WHERE "public"."users"."email"::text LIKE $1

      at Object.Kl (../node_modules/@prisma/internals/src/logger.ts:13:11)

  console.log
    prisma:query DELETE FROM "public"."units" WHERE "public"."units"."name"::text LIKE $1

      at Object.Kl (../node_modules/@prisma/internals/src/logger.ts:13:11)

  console.log
    prisma:query SELECT "public"."users"."id", "public"."users"."email", "public"."users"."password", "public"."users"."firstName", "public"."users"."lastName", "public"."users"."phone", "public"."users"."avatar", "public"."users"."isActive", "public"."users"."role"::text, "public"."users"."createdAt", "public"."users"."updatedAt" FROM "public"."users" WHERE ("public"."users"."id" = $1 AND "public"."users"."isActive" = $2) LIMIT $3 OFFSET $4

      at Object.Kl (../node_modules/@prisma/internals/src/logger.ts:13:11)

[31m[Nest] 135784  - [39m10/02/2026, 12:08:30 [31m  ERROR[39m [38;5;3m[GlobalExceptionFilter] [39m[31mHTTP 500 Error: Erro na opera├º├úo de banco de 
dados: criar m├®dico[39m
{"statusCode":500,"message":"Erro na opera├º├úo de banco de dados: criar 
m├®dico","errorCode":"DATABASE_ERROR","timestamp":"2026-02-10T15:08:30.388Z","path":"/doctors","method":"POST","context":{"operation":"criar 
m├®dico","originalError":"Erro de valida├º├úo nos campos: userId"},"ip":"::ffff:127.0.0.1"}
  console.log
    prisma:query INSERT INTO "public"."error_logs" ("id","errorType","errorMessage","stackTrace","userId","context","timestamp","resolved") VALUES ($1,$2,$3,$4,$5,$6,$7,$8) RETURNING "public"."error_logs"."id", "public"."error_logs"."errorType", "public"."error_logs"."errorMessage", "public"."error_logs"."stackTrace", "public"."error_logs"."userId", "public"."error_logs"."requestId", "public"."error_logs"."context", "public"."error_logs"."metadata", "public"."error_logs"."timestamp", "public"."error_logs"."resolved", "public"."error_logs"."resolvedAt", "public"."error_logs"."resolvedBy"

      at Object.Kl (../node_modules/@prisma/internals/src/logger.ts:13:11)

  console.error
    Error logged: DATABASE_ERROR - HTTP 500: Erro na opera├º├úo de banco de dados: criar m├®dico

    [0m [90m 157 |[39m         }[33m,[39m
     [90m 158 |[39m       })[33m;[39m
    [31m[1m>[22m[39m[90m 159 |[39m       console[33m.[39merror([32m`Error logged: ${data.errorType} - ${data.errorMessage}`[39m)[33m;[39m
     [90m     |[39m               [31m[1m^[22m[39m
     [90m 160 |[39m     } [36mcatch[39m (error) {
     [90m 161 |[39m       console[33m.[39merror([32m'Failed to log error:'[39m[33m,[39m error)[33m;[39m
     [90m 162 |[39m     }[0m

      at MetricsCollectorService.logError (../src/shared/monitoring/metrics-collector.service.ts:159:15)
      at SystemHealthService.logCriticalError (../src/shared/monitoring/system-health.service.ts:18:7)
      at GlobalExceptionFilter.logErrorToMonitoringSystem (../src/shared/execeptions/filters/global-exception.filter.ts:115:9)
      at GlobalExceptionFilter.catch (../src/shared/execeptions/filters/global-exception.filter.ts:80:5)

FAIL test/e2e/units.e2e-spec.ts
  Units API (e2e)
    POST /units
      ├ù should create a new unit with all fields (265 ms)
      ├ù should create a clinic unit (30 ms)
      ├ù should create a consulting room unit (24 ms)
      ÔêÜ should return 400 for invalid zipCode format (42 ms)
      ÔêÜ should return 400 for invalid CNPJ format (26 ms)
      ÔêÜ should return 400 for invalid email format (25 ms)
      ÔêÜ should return 400 for missing required fields (22 ms)
      ÔêÜ should return 409 for duplicate CNPJ (39 ms)
      ├ù should create units with different types (20 ms)

  ÔùÅ Units API (e2e) ÔÇ║ POST /units ÔÇ║ should create a new unit with all fields

    expect(received).toMatchObject(expected)

    - Expected  - 1
    + Received  + 0

    @@ -4,8 +4,7 @@
        "cnpj": "12345678000196",
        "email": "hospital-1770736110046@test-e2e-unit.com",
        "name": "test-e2e-unit-Hospital S├úo Paulo",
        "phone": "11999999999",
        "state": "SP",
    -   "type": "HOSPITAL",
        "zipCode": "01234567",
      }

    [0m [90m 79 |[39m         [33m.[39mexpect([35m201[39m)[33m;[39m
     [90m 80 |[39m
    [31m[1m>[22m[39m[90m 81 |[39m       expect(response[33m.[39mbody)[33m.[39mtoMatchObject({
     [90m    |[39m                             [31m[1m^[22m[39m
     [90m 82 |[39m         name[33m:[39m createUnitDto[33m.[39mname[33m,[39m
     [90m 83 |[39m         type[33m:[39m createUnitDto[33m.[39mtype[33m,[39m
     [90m 84 |[39m         address[33m:[39m createUnitDto[33m.[39maddress[33m,[39m[0m

      at Object.<anonymous> (e2e/units.e2e-spec.ts:81:29)

  ÔùÅ Units API (e2e) ÔÇ║ POST /units ÔÇ║ should create a clinic unit

    expect(received).toBe(expected) // Object.is equality

    Expected: "CLINIC"
    Received: undefined

    [0m [90m 116 |[39m         [33m.[39mexpect([35m201[39m)[33m;[39m
     [90m 117 |[39m
    [31m[1m>[22m[39m[90m 118 |[39m       
expect(response[33m.[39mbody[33m.[39mtype)[33m.[39mtoBe([33mUnitType[39m[33m.[39m[33mCLINIC[39m)[33m;[39m
     [90m     |[39m                                  [31m[1m^[22m[39m
     [90m 119 |[39m       expect(response[33m.[39mbody[33m.[39mname)[33m.[39mtoBe(createUnitDto[33m.[39mname)[33m;[39m
     [90m 120 |[39m     })[33m;[39m
     [90m 121 |[39m[0m

      at Object.<anonymous> (e2e/units.e2e-spec.ts:118:34)

  ÔùÅ Units API (e2e) ÔÇ║ POST /units ÔÇ║ should create a consulting room unit

    expect(received).toBe(expected) // Object.is equality

    Expected: "CONSULTING_ROOM"
    Received: undefined

    [0m [90m 138 |[39m         [33m.[39mexpect([35m201[39m)[33m;[39m
     [90m 139 |[39m
    [31m[1m>[22m[39m[90m 140 |[39m       
expect(response[33m.[39mbody[33m.[39mtype)[33m.[39mtoBe([33mUnitType[39m[33m.[39m[33mCONSULTING_ROOM[39m)[33m;[39m
     [90m     |[39m                                  [31m[1m^[22m[39m
     [90m 141 |[39m       expect(response[33m.[39mbody[33m.[39mphone)[33m.[39mtoBeUndefined()[33m;[39m
     [90m 142 |[39m     })[33m;[39m
     [90m 143 |[39m[0m

      at Object.<anonymous> (e2e/units.e2e-spec.ts:140:34)

  ÔùÅ Units API (e2e) ÔÇ║ POST /units ÔÇ║ should create units with different types

    expect(received).toBe(expected) // Object.is equality

    Expected: "HOSPITAL"
    Received: undefined

    [0m [90m 269 |[39m           [33m.[39mexpect([35m201[39m)[33m;[39m
     [90m 270 |[39m
    [31m[1m>[22m[39m[90m 271 |[39m         expect(response[33m.[39mbody[33m.[39mtype)[33m.[39mtoBe(type)[33m;[39m
     [90m     |[39m                                    [31m[1m^[22m[39m
     [90m 272 |[39m       }
     [90m 273 |[39m     })[33m;[39m
     [90m 274 |[39m   })[33m;[39m[0m

      at Object.<anonymous> (e2e/units.e2e-spec.ts:271:36)

  console.log
    prisma:query DELETE FROM "public"."users" WHERE "public"."users"."email"::text LIKE $1

      at Object.Kl (../node_modules/@prisma/internals/src/logger.ts:13:11)

  console.log
    prisma:query INSERT INTO "public"."security_logs" ("id","event","severity","description","metadata","timestamp") VALUES ($1,$2,CAST($3::text AS "public"."SecurityLevel"),$4,$5,$6) RETURNING "public"."security_logs"."id", "public"."security_logs"."event", "public"."security_logs"."severity"::text, "public"."security_logs"."description", "public"."security_logs"."userId", "public"."security_logs"."ip", "public"."security_logs"."userAgent", "public"."security_logs"."metadata", "public"."security_logs"."timestamp"

      at Object.Kl (../node_modules/@prisma/internals/src/logger.ts:13:11)

  console.log
    Security event logged: CRITICAL_APPLICATION_ERROR - CRITICAL

      at MetricsCollectorService.logSecurityEvent (../src/shared/monitoring/metrics-collector.service.ts:107:15)

  console.error
    ­ƒÜ¿ CRITICAL ERROR: DATABASE_ERROR - HTTP 500: Erro na opera├º├úo de banco de dados: criar m├®dico

    [0m [90m 37 |[39m       })[33m;[39m
     [90m 38 |[39m
    [31m[1m>[22m[39m[90m 39 |[39m       console[33m.[39merror([32m`­ƒÜ¿ CRITICAL ERROR: ${error.type} - ${error.message}`[39m)[33m;[39m
     [90m    |[39m               [31m[1m^[22m[39m
     [90m 40 |[39m     } [36mcatch[39m (logError) {
     [90m 41 |[39m       console[33m.[39merror([32m'Failed to log critical error:'[39m[33m,[39m logError)[33m;[39m
     [90m 42 |[39m     }[0m

      at SystemHealthService.logCriticalError (../src/shared/monitoring/system-health.service.ts:39:15)
      at GlobalExceptionFilter.logErrorToMonitoringSystem (../src/shared/execeptions/filters/global-exception.filter.ts:115:9)
      at GlobalExceptionFilter.catch (../src/shared/execeptions/filters/global-exception.filter.ts:80:5)

  console.log
    prisma:query INSERT INTO "public"."users" ("id","email","password","firstName","lastName","isActive","role","createdAt","updatedAt") VALUES ($1,$2,$3,$4,$5,$6,CAST($7::text AS "public"."UserRole"),$8,$9) RETURNING "public"."users"."id", "public"."users"."email", "public"."users"."password", "public"."users"."firstName", "public"."users"."lastName", "public"."users"."phone", "public"."users"."avatar", "public"."users"."isActive", "public"."users"."role"::text, "public"."users"."createdAt", "public"."users"."updatedAt"

      at Object.Kl (../node_modules/@prisma/internals/src/logger.ts:13:11)

  console.log
    prisma:query INSERT INTO "public"."error_logs" ("id","errorType","errorMessage","stackTrace","userId","context","timestamp","resolved") VALUES ($1,$2,$3,$4,$5,$6,$7,$8) RETURNING "public"."error_logs"."id", "public"."error_logs"."errorType", "public"."error_logs"."errorMessage", "public"."error_logs"."stackTrace", "public"."error_logs"."userId", "public"."error_logs"."requestId", "public"."error_logs"."context", "public"."error_logs"."metadata", "public"."error_logs"."timestamp", "public"."error_logs"."resolved", "public"."error_logs"."resolvedAt", "public"."error_logs"."resolvedBy"

      at Object.Kl (../node_modules/@prisma/internals/src/logger.ts:13:11)

  console.error
    Error logged: DATABASE_ERROR - Erro na opera├º├úo de banco de dados: criar m├®dico

    [0m [90m 157 |[39m         }[33m,[39m
     [90m 158 |[39m       })[33m;[39m
    [31m[1m>[22m[39m[90m 159 |[39m       console[33m.[39merror([32m`Error logged: ${data.errorType} - ${data.errorMessage}`[39m)[33m;[39m
     [90m     |[39m               [31m[1m^[22m[39m
     [90m 160 |[39m     } [36mcatch[39m (error) {
     [90m 161 |[39m       console[33m.[39merror([32m'Failed to log error:'[39m[33m,[39m error)[33m;[39m
     [90m 162 |[39m     }[0m

      at MetricsCollectorService.logError (../src/shared/monitoring/metrics-collector.service.ts:159:15)
      at GlobalExceptionFilter.logErrorToMonitoringSystem (../src/shared/execeptions/filters/global-exception.filter.ts:174:7)
      at GlobalExceptionFilter.catch (../src/shared/execeptions/filters/global-exception.filter.ts:80:5)

  console.log
    prisma:query INSERT INTO "public"."doctors" ("id","userId","crm","crmState","isActive","createdAt","updatedAt") VALUES ($1,$2,$3,$4,$5,$6,$7) RETURNING "public"."doctors"."id", "public"."doctors"."userId", "public"."doctors"."crm", "public"."doctors"."crmState", "public"."doctors"."isActive", "public"."doctors"."createdAt", "public"."doctors"."updatedAt"

      at Object.Kl (../node_modules/@prisma/internals/src/logger.ts:13:11)

  console.log
    prisma:query DELETE FROM "public"."doctors" WHERE "public"."doctors"."crm"::text LIKE $1

      at Object.Kl (../node_modules/@prisma/internals/src/logger.ts:13:11)

  console.log
    prisma:query INSERT INTO "public"."units" ("id","name","type","cnpj","email","address","city","state","zipCode","isActive","createdAt","updatedAt") VALUES ($1,$2,CAST($3::text AS "public"."UnitType"),$4,$5,$6,$7,$8,$9,$10,$11,$12) RETURNING "public"."units"."id", "public"."units"."name", "public"."units"."type"::text, "public"."units"."cnpj", "public"."units"."phone", "public"."units"."email", "public"."units"."address", "public"."units"."city", "public"."units"."state", "public"."units"."zipCode", "public"."units"."isActive", "public"."units"."createdAt", "public"."units"."updatedAt"

      at Object.Kl (../node_modules/@prisma/internals/src/logger.ts:13:11)

  console.log
    prisma:query DELETE FROM "public"."users" WHERE "public"."users"."email"::text LIKE $1

      at Object.Kl (../node_modules/@prisma/internals/src/logger.ts:13:11)

  console.log
    prisma:query INSERT INTO "public"."users" ("id","email","password","firstName","lastName","isActive","role","createdAt","updatedAt") VALUES ($1,$2,$3,$4,$5,$6,CAST($7::text AS "public"."UserRole"),$8,$9) RETURNING "public"."users"."id", "public"."users"."email", "public"."users"."password", "public"."users"."firstName", "public"."users"."lastName", "public"."users"."phone", "public"."users"."avatar", "public"."users"."isActive", "public"."users"."role"::text, "public"."users"."createdAt", "public"."users"."updatedAt"

      at Object.Kl (../node_modules/@prisma/internals/src/logger.ts:13:11)

  console.log
    prisma:query SELECT "public"."doctors"."id", "public"."doctors"."userId", "public"."doctors"."crm", "public"."doctors"."crmState", "public"."doctors"."isActive", "public"."doctors"."createdAt", "public"."doctors"."updatedAt" FROM "public"."doctors" WHERE ("public"."doctors"."id" = $1 AND "public"."doctors"."isActive" = $2) LIMIT $3 OFFSET $4

      at Object.Kl (../node_modules/@prisma/internals/src/logger.ts:13:11)

  console.log
    prisma:query SELECT "public"."users"."id", "public"."users"."email", "public"."users"."password", "public"."users"."firstName", "public"."users"."lastName", "public"."users"."phone", "public"."users"."avatar", "public"."users"."isActive", "public"."users"."role"::text, "public"."users"."createdAt", "public"."users"."updatedAt" FROM "public"."users" WHERE "public"."users"."id" IN ($1) OFFSET $2

      at Object.Kl (../node_modules/@prisma/internals/src/logger.ts:13:11)
          at async Promise.all (index 0)

  console.log
    prisma:query SELECT "public"."doctor_units"."id", "public"."doctor_units"."doctorId", "public"."doctor_units"."unitId", "public"."doctor_units"."consultationPrice", "public"."doctor_units"."isPrimary", "public"."doctor_units"."isActive", "public"."doctor_units"."createdAt" FROM "public"."doctor_units" WHERE ("public"."doctor_units"."isActive" = $1 AND "public"."doctor_units"."doctorId" IN ($2)) OFFSET $3

      at Object.Kl (../node_modules/@prisma/internals/src/logger.ts:13:11)
          at async Promise.all (index 1)

  console.log
    prisma:query SELECT "public"."users"."id", "public"."users"."email", "public"."users"."password", "public"."users"."firstName", "public"."users"."lastName", "public"."users"."phone", "public"."users"."avatar", "public"."users"."isActive", "public"."users"."role"::text, "public"."users"."createdAt", "public"."users"."updatedAt" FROM "public"."users" WHERE ("public"."users"."id" = $1 AND "public"."users"."isActive" = $2) LIMIT $3 OFFSET $4

      at Object.Kl (../node_modules/@prisma/internals/src/logger.ts:13:11)

  console.log
    prisma:query SELECT "public"."units"."id", "public"."units"."name", "public"."units"."type"::text, "public"."units"."cnpj", "public"."units"."phone", "public"."units"."email", "public"."units"."address", "public"."units"."city", "public"."units"."state", "public"."units"."zipCode", "public"."units"."isActive", "public"."units"."createdAt", "public"."units"."updatedAt" FROM "public"."units" WHERE "public"."units"."id" IN (NULL) OFFSET $1

      at Object.Kl (../node_modules/@prisma/internals/src/logger.ts:13:11)
          at async Promise.all (index 0)
          at async Promise.all (index 1)

  console.log
    prisma:query SELECT "public"."doctors"."id", "public"."doctors"."userId", "public"."doctors"."crm", "public"."doctors"."crmState", "public"."doctors"."isActive", "public"."doctors"."createdAt", "public"."doctors"."updatedAt" FROM "public"."doctors" WHERE "public"."doctors"."crm" = $1 LIMIT $2 OFFSET $3

      at Object.Kl (../node_modules/@prisma/internals/src/logger.ts:13:11)

  console.log
    prisma:query SELECT "public"."units"."id", "public"."units"."name", "public"."units"."type"::text, "public"."units"."cnpj", "public"."units"."phone", "public"."units"."email", "public"."units"."address", "public"."units"."city", "public"."units"."state", "public"."units"."zipCode", "public"."units"."isActive", "public"."units"."createdAt", "public"."units"."updatedAt" FROM "public"."units" WHERE ("public"."units"."id" = $1 AND 1=1) LIMIT $2 OFFSET $3

      at Object.Kl (../node_modules/@prisma/internals/src/logger.ts:13:11)

  console.log
    prisma:query SELECT "public"."users"."id", "public"."users"."email", "public"."users"."password", "public"."users"."firstName", "public"."users"."lastName", "public"."users"."phone", "public"."users"."avatar", "public"."users"."isActive", "public"."users"."role"::text, "public"."users"."createdAt", "public"."users"."updatedAt" FROM "public"."users" WHERE "public"."users"."id" IN (NULL) OFFSET $1

      at Object.Kl (../node_modules/@prisma/internals/src/logger.ts:13:11)
          at async Promise.all (index 0)

  console.log
    prisma:query SELECT "public"."doctor_units"."id", "public"."doctor_units"."doctorId", "public"."doctor_units"."unitId", "public"."doctor_units"."consultationPrice", "public"."doctor_units"."isPrimary", "public"."doctor_units"."isActive", "public"."doctor_units"."createdAt" FROM "public"."doctor_units" WHERE ("public"."doctor_units"."isActive" = $1 AND "public"."doctor_units"."doctorId" IN (NULL)) OFFSET $2

      at Object.Kl (../node_modules/@prisma/internals/src/logger.ts:13:11)
          at async Promise.all (index 1)

  console.log
    prisma:query INSERT INTO "public"."doctor_units" ("id","doctorId","unitId","consultationPrice","isPrimary","isActive","createdAt") VALUES ($1,$2,$3,$4,$5,$6,$7) RETURNING "public"."doctor_units"."id"

      at Object.Kl (../node_modules/@prisma/internals/src/logger.ts:13:11)

  console.log
    prisma:query SELECT "public"."units"."id", "public"."units"."name", "public"."units"."type"::text, "public"."units"."cnpj", "public"."units"."phone", "public"."units"."email", "public"."units"."address", "public"."units"."city", "public"."units"."state", "public"."units"."zipCode", "public"."units"."isActive", "public"."units"."createdAt", "public"."units"."updatedAt" FROM "public"."units" WHERE "public"."units"."id" IN (NULL) OFFSET $1

      at Object.Kl (../node_modules/@prisma/internals/src/logger.ts:13:11)
          at async Promise.all (index 0)
          at async Promise.all (index 1)

  console.log
    prisma:query SELECT "public"."doctor_units"."id", "public"."doctor_units"."doctorId", "public"."doctor_units"."unitId", "public"."doctor_units"."consultationPrice", "public"."doctor_units"."isPrimary", "public"."doctor_units"."isActive", "public"."doctor_units"."createdAt" FROM "public"."doctor_units" WHERE "public"."doctor_units"."id" = $1 LIMIT $2 OFFSET $3

      at Object.Kl (../node_modules/@prisma/internals/src/logger.ts:13:11)

  console.log
    prisma:query SELECT "public"."units"."id", "public"."units"."name", "public"."units"."type"::text, "public"."units"."city", "public"."units"."state" FROM "public"."units" WHERE "public"."units"."id" = $1 OFFSET $2

      at Object.Kl (../node_modules/@prisma/internals/src/logger.ts:13:11)
          at async Promise.all (index 0)

  console.log
    prisma:query INSERT INTO "public"."doctors" ("id","userId","crm","crmState","isActive","createdAt","updatedAt") VALUES ($1,$2,$3,$4,$5,$6,$7) RETURNING "public"."doctors"."id"

      at Object.Kl (../node_modules/@prisma/internals/src/logger.ts:13:11)

  console.log
    prisma:query COMMIT

      at Object.Kl (../node_modules/@prisma/internals/src/logger.ts:13:11)

  console.log
    prisma:query SELECT "public"."doctors"."id", "public"."doctors"."userId", "public"."doctors"."crm", "public"."doctors"."crmState", "public"."doctors"."isActive", "public"."doctors"."createdAt", "public"."doctors"."updatedAt" FROM "public"."doctors" WHERE "public"."doctors"."id" = $1 LIMIT $2 OFFSET $3

      at Object.Kl (../node_modules/@prisma/internals/src/logger.ts:13:11)

  console.log
    prisma:query SELECT "public"."users"."id", "public"."users"."firstName", "public"."users"."lastName", "public"."users"."email", "public"."users"."phone", "public"."users"."avatar", "public"."users"."role"::text, "public"."users"."isActive", "public"."users"."createdAt", "public"."users"."updatedAt" FROM "public"."users" WHERE "public"."users"."id" = $1 OFFSET $2

      at Object.Kl (../node_modules/@prisma/internals/src/logger.ts:13:11)
          at async Promise.all (index 0)

  console.log
    prisma:query DELETE FROM "public"."doctor_units" WHERE EXISTS(SELECT "t0"."id" FROM "public"."doctors" AS "t0" WHERE ("t0"."crm"::text LIKE $1 AND ("public"."doctor_units"."doctorId") = ("t0"."id") AND "t0"."id" IS NOT NULL))

      at Object.Kl (../node_modules/@prisma/internals/src/logger.ts:13:11)

  console.log
    prisma:query COMMIT

      at Object.Kl (../node_modules/@prisma/internals/src/logger.ts:13:11)

  console.log
    prisma:query DELETE FROM "public"."doctors" WHERE "public"."doctors"."crm"::text LIKE $1

      at Object.Kl (../node_modules/@prisma/internals/src/logger.ts:13:11)

  console.log
    prisma:query DELETE FROM "public"."units" WHERE "public"."units"."name"::text LIKE $1

      at Object.Kl (../node_modules/@prisma/internals/src/logger.ts:13:11)

  console.log
    prisma:query INSERT INTO "public"."users" ("id","email","password","firstName","lastName","isActive","role","createdAt","updatedAt") VALUES ($1,$2,$3,$4,$5,$6,CAST($7::text AS "public"."UserRole"),$8,$9) RETURNING "public"."users"."id", "public"."users"."email", "public"."users"."password", "public"."users"."firstName", "public"."users"."lastName", "public"."users"."phone", "public"."users"."avatar", "public"."users"."isActive", "public"."users"."role"::text, "public"."users"."createdAt", "public"."users"."updatedAt"

      at Object.Kl (../node_modules/@prisma/internals/src/logger.ts:13:11)

  console.log
    prisma:query DELETE FROM "public"."users" WHERE "public"."users"."email"::text LIKE $1

      at Object.Kl (../node_modules/@prisma/internals/src/logger.ts:13:11)

  console.log
    prisma:query SELECT "public"."users"."id", "public"."users"."email", "public"."users"."password", "public"."users"."firstName", "public"."users"."lastName", "public"."users"."phone", "public"."users"."avatar", "public"."users"."isActive", "public"."users"."role"::text, "public"."users"."createdAt", "public"."users"."updatedAt" FROM "public"."users" WHERE ("public"."users"."id" = $1 AND "public"."users"."isActive" = $2) LIMIT $3 OFFSET $4

      at Object.Kl (../node_modules/@prisma/internals/src/logger.ts:13:11)

  console.log
    prisma:query INSERT INTO "public"."users" ("id","email","password","firstName","lastName","isActive","role","createdAt","updatedAt") VALUES ($1,$2,$3,$4,$5,$6,CAST($7::text AS "public"."UserRole"),$8,$9) RETURNING "public"."users"."id", "public"."users"."email", "public"."users"."password", "public"."users"."firstName", "public"."users"."lastName", "public"."users"."phone", "public"."users"."avatar", "public"."users"."isActive", "public"."users"."role"::text, "public"."users"."createdAt", "public"."users"."updatedAt"

      at Object.Kl (../node_modules/@prisma/internals/src/logger.ts:13:11)

  console.log
    prisma:query SELECT "public"."doctors"."id", "public"."doctors"."userId", "public"."doctors"."crm", "public"."doctors"."crmState", "public"."doctors"."isActive", "public"."doctors"."createdAt", "public"."doctors"."updatedAt" FROM "public"."doctors" WHERE "public"."doctors"."crm" = $1 LIMIT $2 OFFSET $3

      at Object.Kl (../node_modules/@prisma/internals/src/logger.ts:13:11)

  console.log
    prisma:query SELECT "public"."users"."id", "public"."users"."email", "public"."users"."password", "public"."users"."firstName", "public"."users"."lastName", "public"."users"."phone", "public"."users"."avatar", "public"."users"."isActive", "public"."users"."role"::text, "public"."users"."createdAt", "public"."users"."updatedAt" FROM "public"."users" WHERE "public"."users"."id" IN ($1) OFFSET $2

      at Object.Kl (../node_modules/@prisma/internals/src/logger.ts:13:11)
          at async Promise.all (index 0)

  console.log
    prisma:query SELECT "public"."doctor_units"."id", "public"."doctor_units"."doctorId", "public"."doctor_units"."unitId", "public"."doctor_units"."consultationPrice", "public"."doctor_units"."isPrimary", "public"."doctor_units"."isActive", "public"."doctor_units"."createdAt" FROM "public"."doctor_units" WHERE ("public"."doctor_units"."isActive" = $1 AND "public"."doctor_units"."doctorId" IN ($2)) OFFSET $3

      at Object.Kl (../node_modules/@prisma/internals/src/logger.ts:13:11)
          at async Promise.all (index 1)

  console.log
    prisma:query INSERT INTO "public"."doctors" ("id","userId","crm","crmState","isActive","createdAt","updatedAt") VALUES ($1,$2,$3,$4,$5,$6,$7) RETURNING "public"."doctors"."id", "public"."doctors"."userId", "public"."doctors"."crm", "public"."doctors"."crmState", "public"."doctors"."isActive", "public"."doctors"."createdAt", "public"."doctors"."updatedAt"

      at Object.Kl (../node_modules/@prisma/internals/src/logger.ts:13:11)

  console.log
    prisma:query SELECT "public"."units"."id", "public"."units"."name", "public"."units"."type"::text, "public"."units"."cnpj", "public"."units"."phone", "public"."units"."email", "public"."units"."address", "public"."units"."city", "public"."units"."state", "public"."units"."zipCode", "public"."units"."isActive", "public"."units"."createdAt", "public"."units"."updatedAt" FROM "public"."units" WHERE "public"."units"."id" IN (NULL) OFFSET $1

      at Object.Kl (../node_modules/@prisma/internals/src/logger.ts:13:11)
          at async Promise.all (index 0)
          at async Promise.all (index 1)

[31m[Nest] 135784  - [39m10/02/2026, 12:08:30 [31m  ERROR[39m [38;5;3m[GlobalExceptionFilter] [39m[31mHTTP 500 Error: Erro na opera├º├úo de banco de 
dados: criar m├®dico[39m
{"statusCode":500,"message":"Erro na opera├º├úo de banco de dados: criar 
m├®dico","errorCode":"DATABASE_ERROR","timestamp":"2026-02-10T15:08:30.482Z","path":"/doctors","method":"POST","context":{"operation":"criar 
m├®dico","originalError":"M├®dico com CRM test-e2e-doctor-CRM555555 j├í est├í cadastrada no sistema"},"ip":"::ffff:127.0.0.1"}
  console.log
    prisma:query INSERT INTO "public"."units" ("id","name","type","cnpj","email","address","city","state","zipCode","isActive","createdAt","updatedAt") VALUES ($1,$2,CAST($3::text AS "public"."UnitType"),$4,$5,$6,$7,$8,$9,$10,$11,$12) RETURNING "public"."units"."id", "public"."units"."name", "public"."units"."type"::text, "public"."units"."cnpj", "public"."units"."phone", "public"."units"."email", "public"."units"."address", "public"."units"."city", "public"."units"."state", "public"."units"."zipCode", "public"."units"."isActive", "public"."units"."createdAt", "public"."units"."updatedAt"

      at Object.Kl (../node_modules/@prisma/internals/src/logger.ts:13:11)

  console.log
    prisma:query INSERT INTO "public"."error_logs" ("id","errorType","errorMessage","stackTrace","userId","context","timestamp","resolved") VALUES ($1,$2,$3,$4,$5,$6,$7,$8) RETURNING "public"."error_logs"."id", "public"."error_logs"."errorType", "public"."error_logs"."errorMessage", "public"."error_logs"."stackTrace", "public"."error_logs"."userId", "public"."error_logs"."requestId", "public"."error_logs"."context", "public"."error_logs"."metadata", "public"."error_logs"."timestamp", "public"."error_logs"."resolved", "public"."error_logs"."resolvedAt", "public"."error_logs"."resolvedBy"

      at Object.Kl (../node_modules/@prisma/internals/src/logger.ts:13:11)

  console.error
    Error logged: DATABASE_ERROR - HTTP 500: Erro na opera├º├úo de banco de dados: criar m├®dico

    [0m [90m 157 |[39m         }[33m,[39m
     [90m 158 |[39m       })[33m;[39m
    [31m[1m>[22m[39m[90m 159 |[39m       console[33m.[39merror([32m`Error logged: ${data.errorType} - ${data.errorMessage}`[39m)[33m;[39m
     [90m     |[39m               [31m[1m^[22m[39m
     [90m 160 |[39m     } [36mcatch[39m (error) {
     [90m 161 |[39m       console[33m.[39merror([32m'Failed to log error:'[39m[33m,[39m error)[33m;[39m
     [90m 162 |[39m     }[0m

      at MetricsCollectorService.logError (../src/shared/monitoring/metrics-collector.service.ts:159:15)
      at SystemHealthService.logCriticalError (../src/shared/monitoring/system-health.service.ts:18:7)
      at GlobalExceptionFilter.logErrorToMonitoringSystem (../src/shared/execeptions/filters/global-exception.filter.ts:115:9)
      at GlobalExceptionFilter.catch (../src/shared/execeptions/filters/global-exception.filter.ts:80:5)

  console.log
    prisma:query SELECT "public"."doctors"."id", "public"."doctors"."userId", "public"."doctors"."crm", "public"."doctors"."crmState", "public"."doctors"."isActive", "public"."doctors"."createdAt", "public"."doctors"."updatedAt" FROM "public"."doctors" WHERE ("public"."doctors"."id" = $1 AND "public"."doctors"."isActive" = $2) LIMIT $3 OFFSET $4

      at Object.Kl (../node_modules/@prisma/internals/src/logger.ts:13:11)

  console.log
    prisma:query SELECT "public"."users"."id", "public"."users"."email", "public"."users"."password", "public"."users"."firstName", "public"."users"."lastName", "public"."users"."phone", "public"."users"."avatar", "public"."users"."isActive", "public"."users"."role"::text, "public"."users"."createdAt", "public"."users"."updatedAt" FROM "public"."users" WHERE "public"."users"."id" IN ($1) OFFSET $2

      at Object.Kl (../node_modules/@prisma/internals/src/logger.ts:13:11)
          at async Promise.all (index 0)

  console.log
    prisma:query SELECT "public"."doctor_units"."id", "public"."doctor_units"."doctorId", "public"."doctor_units"."unitId", "public"."doctor_units"."consultationPrice", "public"."doctor_units"."isPrimary", "public"."doctor_units"."isActive", "public"."doctor_units"."createdAt" FROM "public"."doctor_units" WHERE ("public"."doctor_units"."isActive" = $1 AND "public"."doctor_units"."doctorId" IN ($2)) OFFSET $3

      at Object.Kl (../node_modules/@prisma/internals/src/logger.ts:13:11)
          at async Promise.all (index 1)

  console.log
    prisma:query INSERT INTO "public"."security_logs" ("id","event","severity","description","metadata","timestamp") VALUES ($1,$2,CAST($3::text AS "public"."SecurityLevel"),$4,$5,$6) RETURNING "public"."security_logs"."id", "public"."security_logs"."event", "public"."security_logs"."severity"::text, "public"."security_logs"."description", "public"."security_logs"."userId", "public"."security_logs"."ip", "public"."security_logs"."userAgent", "public"."security_logs"."metadata", "public"."security_logs"."timestamp"

      at Object.Kl (../node_modules/@prisma/internals/src/logger.ts:13:11)

  console.log
    Security event logged: CRITICAL_APPLICATION_ERROR - CRITICAL

      at MetricsCollectorService.logSecurityEvent (../src/shared/monitoring/metrics-collector.service.ts:107:15)

  console.error
    ­ƒÜ¿ CRITICAL ERROR: DATABASE_ERROR - HTTP 500: Erro na opera├º├úo de banco de dados: criar m├®dico

    [0m [90m 37 |[39m       })[33m;[39m
     [90m 38 |[39m
    [31m[1m>[22m[39m[90m 39 |[39m       console[33m.[39merror([32m`­ƒÜ¿ CRITICAL ERROR: ${error.type} - ${error.message}`[39m)[33m;[39m
     [90m    |[39m               [31m[1m^[22m[39m
     [90m 40 |[39m     } [36mcatch[39m (logError) {
     [90m 41 |[39m       console[33m.[39merror([32m'Failed to log critical error:'[39m[33m,[39m logError)[33m;[39m
     [90m 42 |[39m     }[0m

      at SystemHealthService.logCriticalError (../src/shared/monitoring/system-health.service.ts:39:15)
      at GlobalExceptionFilter.logErrorToMonitoringSystem (../src/shared/execeptions/filters/global-exception.filter.ts:115:9)
      at GlobalExceptionFilter.catch (../src/shared/execeptions/filters/global-exception.filter.ts:80:5)

  console.log
    prisma:query SELECT "public"."units"."id", "public"."units"."name", "public"."units"."type"::text, "public"."units"."cnpj", "public"."units"."phone", "public"."units"."email", "public"."units"."address", "public"."units"."city", "public"."units"."state", "public"."units"."zipCode", "public"."units"."isActive", "public"."units"."createdAt", "public"."units"."updatedAt" FROM "public"."units" WHERE "public"."units"."id" IN (NULL) OFFSET $1

      at Object.Kl (../node_modules/@prisma/internals/src/logger.ts:13:11)
          at async Promise.all (index 0)
          at async Promise.all (index 1)

  console.log
    prisma:query SELECT "public"."units"."id", "public"."units"."name", "public"."units"."type"::text, "public"."units"."cnpj", "public"."units"."phone", "public"."units"."email", "public"."units"."address", "public"."units"."city", "public"."units"."state", "public"."units"."zipCode", "public"."units"."isActive", "public"."units"."createdAt", "public"."units"."updatedAt" FROM "public"."units" WHERE ("public"."units"."id" = $1 AND 1=1) LIMIT $2 OFFSET $3

      at Object.Kl (../node_modules/@prisma/internals/src/logger.ts:13:11)

  console.log
    prisma:query INSERT INTO "public"."error_logs" ("id","errorType","errorMessage","stackTrace","userId","context","timestamp","resolved") VALUES ($1,$2,$3,$4,$5,$6,$7,$8) RETURNING "public"."error_logs"."id", "public"."error_logs"."errorType", "public"."error_logs"."errorMessage", "public"."error_logs"."stackTrace", "public"."error_logs"."userId", "public"."error_logs"."requestId", "public"."error_logs"."context", "public"."error_logs"."metadata", "public"."error_logs"."timestamp", "public"."error_logs"."resolved", "public"."error_logs"."resolvedAt", "public"."error_logs"."resolvedBy"

      at Object.Kl (../node_modules/@prisma/internals/src/logger.ts:13:11)

  console.error
    Error logged: DATABASE_ERROR - Erro na opera├º├úo de banco de dados: criar m├®dico

    [0m [90m 157 |[39m         }[33m,[39m
     [90m 158 |[39m       })[33m;[39m
    [31m[1m>[22m[39m[90m 159 |[39m       console[33m.[39merror([32m`Error logged: ${data.errorType} - ${data.errorMessage}`[39m)[33m;[39m
     [90m     |[39m               [31m[1m^[22m[39m
     [90m 160 |[39m     } [36mcatch[39m (error) {
     [90m 161 |[39m       console[33m.[39merror([32m'Failed to log error:'[39m[33m,[39m error)[33m;[39m
     [90m 162 |[39m     }[0m

      at MetricsCollectorService.logError (../src/shared/monitoring/metrics-collector.service.ts:159:15)
      at GlobalExceptionFilter.logErrorToMonitoringSystem (../src/shared/execeptions/filters/global-exception.filter.ts:174:7)
      at GlobalExceptionFilter.catch (../src/shared/execeptions/filters/global-exception.filter.ts:80:5)

  console.log
    prisma:query INSERT INTO "public"."doctor_units" ("id","doctorId","unitId","isPrimary","isActive","createdAt") VALUES ($1,$2,$3,$4,$5,$6) RETURNING "public"."doctor_units"."id"

      at Object.Kl (../node_modules/@prisma/internals/src/logger.ts:13:11)

  console.log
    prisma:query SELECT "public"."doctor_units"."id", "public"."doctor_units"."doctorId", "public"."doctor_units"."unitId", "public"."doctor_units"."consultationPrice", "public"."doctor_units"."isPrimary", "public"."doctor_units"."isActive", "public"."doctor_units"."createdAt" FROM "public"."doctor_units" WHERE "public"."doctor_units"."id" = $1 LIMIT $2 OFFSET $3

      at Object.Kl (../node_modules/@prisma/internals/src/logger.ts:13:11)

  console.log
    prisma:query SELECT "public"."units"."id", "public"."units"."name", "public"."units"."type"::text, "public"."units"."city", "public"."units"."state" FROM "public"."units" WHERE "public"."units"."id" = $1 OFFSET $2

      at Object.Kl (../node_modules/@prisma/internals/src/logger.ts:13:11)
          at async Promise.all (index 0)

  console.log
    prisma:query DELETE FROM "public"."doctors" WHERE "public"."doctors"."crm"::text LIKE $1

      at Object.Kl (../node_modules/@prisma/internals/src/logger.ts:13:11)

  console.log
    prisma:query COMMIT

      at Object.Kl (../node_modules/@prisma/internals/src/logger.ts:13:11)

  console.log
    prisma:query DELETE FROM "public"."users" WHERE "public"."users"."email"::text LIKE $1

      at Object.Kl (../node_modules/@prisma/internals/src/logger.ts:13:11)

  console.log
    prisma:query DELETE FROM "public"."doctor_units" WHERE EXISTS(SELECT "t0"."id" FROM "public"."doctors" AS "t0" WHERE ("t0"."crm"::text LIKE $1 AND ("public"."doctor_units"."doctorId") = ("t0"."id") AND "t0"."id" IS NOT NULL))

      at Object.Kl (../node_modules/@prisma/internals/src/logger.ts:13:11)

  console.log
    prisma:query INSERT INTO "public"."users" ("id","email","password","firstName","lastName","isActive","role","createdAt","updatedAt") VALUES ($1,$2,$3,$4,$5,$6,CAST($7::text AS "public"."UserRole"),$8,$9) RETURNING "public"."users"."id", "public"."users"."email", "public"."users"."password", "public"."users"."firstName", "public"."users"."lastName", "public"."users"."phone", "public"."users"."avatar", "public"."users"."isActive", "public"."users"."role"::text, "public"."users"."createdAt", "public"."users"."updatedAt"

      at Object.Kl (../node_modules/@prisma/internals/src/logger.ts:13:11)

  console.log
    prisma:query DELETE FROM "public"."doctors" WHERE "public"."doctors"."crm"::text LIKE $1

      at Object.Kl (../node_modules/@prisma/internals/src/logger.ts:13:11)

  console.log
    prisma:query SELECT "public"."users"."id", "public"."users"."email", "public"."users"."password", "public"."users"."firstName", "public"."users"."lastName", "public"."users"."phone", "public"."users"."avatar", "public"."users"."isActive", "public"."users"."role"::text, "public"."users"."createdAt", "public"."users"."updatedAt" FROM "public"."users" WHERE ("public"."users"."id" = $1 AND "public"."users"."isActive" = $2) LIMIT $3 OFFSET $4

      at Object.Kl (../node_modules/@prisma/internals/src/logger.ts:13:11)

  console.log
    prisma:query DELETE FROM "public"."units" WHERE "public"."units"."name"::text LIKE $1

      at Object.Kl (../node_modules/@prisma/internals/src/logger.ts:13:11)

  console.log
    prisma:query SELECT "public"."doctors"."id", "public"."doctors"."userId", "public"."doctors"."crm", "public"."doctors"."crmState", "public"."doctors"."isActive", "public"."doctors"."createdAt", "public"."doctors"."updatedAt" FROM "public"."doctors" WHERE "public"."doctors"."crm" = $1 LIMIT $2 OFFSET $3

      at Object.Kl (../node_modules/@prisma/internals/src/logger.ts:13:11)

  console.log
    prisma:query SELECT "public"."users"."id", "public"."users"."email", "public"."users"."password", "public"."users"."firstName", "public"."users"."lastName", "public"."users"."phone", "public"."users"."avatar", "public"."users"."isActive", "public"."users"."role"::text, "public"."users"."createdAt", "public"."users"."updatedAt" FROM "public"."users" WHERE "public"."users"."id" IN (NULL) OFFSET $1

      at Object.Kl (../node_modules/@prisma/internals/src/logger.ts:13:11)
          at async Promise.all (index 0)

  console.log
    prisma:query DELETE FROM "public"."users" WHERE "public"."users"."email"::text LIKE $1

      at Object.Kl (../node_modules/@prisma/internals/src/logger.ts:13:11)

  console.log
    prisma:query SELECT "public"."doctor_units"."id", "public"."doctor_units"."doctorId", "public"."doctor_units"."unitId", "public"."doctor_units"."consultationPrice", "public"."doctor_units"."isPrimary", "public"."doctor_units"."isActive", "public"."doctor_units"."createdAt" FROM "public"."doctor_units" WHERE ("public"."doctor_units"."isActive" = $1 AND "public"."doctor_units"."doctorId" IN (NULL)) OFFSET $2

      at Object.Kl (../node_modules/@prisma/internals/src/logger.ts:13:11)
          at async Promise.all (index 1)

  console.log
    prisma:query SELECT "public"."units"."id", "public"."units"."name", "public"."units"."type"::text, "public"."units"."cnpj", "public"."units"."phone", "public"."units"."email", "public"."units"."address", "public"."units"."city", "public"."units"."state", "public"."units"."zipCode", "public"."units"."isActive", "public"."units"."createdAt", "public"."units"."updatedAt" FROM "public"."units" WHERE "public"."units"."id" IN (NULL) OFFSET $1

      at Object.Kl (../node_modules/@prisma/internals/src/logger.ts:13:11)
          at async Promise.all (index 0)
          at async Promise.all (index 1)

  console.log
    prisma:query INSERT INTO "public"."users" ("id","email","password","firstName","lastName","isActive","role","createdAt","updatedAt") VALUES ($1,$2,$3,$4,$5,$6,CAST($7::text AS "public"."UserRole"),$8,$9) RETURNING "public"."users"."id", "public"."users"."email", "public"."users"."password", "public"."users"."firstName", "public"."users"."lastName", "public"."users"."phone", "public"."users"."avatar", "public"."users"."isActive", "public"."users"."role"::text, "public"."users"."createdAt", "public"."users"."updatedAt"

      at Object.Kl (../node_modules/@prisma/internals/src/logger.ts:13:11)

  console.log
    prisma:query INSERT INTO "public"."doctors" ("id","userId","crm","crmState","isActive","createdAt","updatedAt") VALUES ($1,$2,$3,$4,$5,$6,$7) RETURNING "public"."doctors"."id"

      at Object.Kl (../node_modules/@prisma/internals/src/logger.ts:13:11)

  console.log
    prisma:query SELECT "public"."doctors"."id", "public"."doctors"."userId", "public"."doctors"."crm", "public"."doctors"."crmState", "public"."doctors"."isActive", "public"."doctors"."createdAt", "public"."doctors"."updatedAt" FROM "public"."doctors" WHERE "public"."doctors"."id" = $1 LIMIT $2 OFFSET $3

      at Object.Kl (../node_modules/@prisma/internals/src/logger.ts:13:11)

  console.log
    prisma:query INSERT INTO "public"."doctors" ("id","userId","crm","crmState","isActive","createdAt","updatedAt") VALUES ($1,$2,$3,$4,$5,$6,$7) RETURNING "public"."doctors"."id", "public"."doctors"."userId", "public"."doctors"."crm", "public"."doctors"."crmState", "public"."doctors"."isActive", "public"."doctors"."createdAt", "public"."doctors"."updatedAt"

      at Object.Kl (../node_modules/@prisma/internals/src/logger.ts:13:11)

  console.log
    prisma:query SELECT "public"."users"."id", "public"."users"."firstName", "public"."users"."lastName", "public"."users"."email", "public"."users"."phone", "public"."users"."avatar", "public"."users"."role"::text, "public"."users"."isActive", "public"."users"."createdAt", "public"."users"."updatedAt" FROM "public"."users" WHERE "public"."users"."id" = $1 OFFSET $2

      at Object.Kl (../node_modules/@prisma/internals/src/logger.ts:13:11)
          at async Promise.all (index 0)

  console.log
    prisma:query COMMIT

      at Object.Kl (../node_modules/@prisma/internals/src/logger.ts:13:11)

  console.log
    prisma:query INSERT INTO "public"."units" ("id","name","type","cnpj","email","address","city","state","zipCode","isActive","createdAt","updatedAt") VALUES ($1,$2,CAST($3::text AS "public"."UnitType"),$4,$5,$6,$7,$8,$9,$10,$11,$12) RETURNING "public"."units"."id", "public"."units"."name", "public"."units"."type"::text, "public"."units"."cnpj", "public"."units"."phone", "public"."units"."email", "public"."units"."address", "public"."units"."city", "public"."units"."state", "public"."units"."zipCode", "public"."units"."isActive", "public"."units"."createdAt", "public"."units"."updatedAt"

      at Object.Kl (../node_modules/@prisma/internals/src/logger.ts:13:11)

  console.log
    prisma:query SELECT "public"."users"."id", "public"."users"."email", "public"."users"."password", "public"."users"."firstName", "public"."users"."lastName", "public"."users"."phone", "public"."users"."avatar", "public"."users"."isActive", "public"."users"."role"::text, "public"."users"."createdAt", "public"."users"."updatedAt" FROM "public"."users" WHERE ("public"."users"."id" = $1 AND "public"."users"."isActive" = $2) LIMIT $3 OFFSET $4

      at Object.Kl (../node_modules/@prisma/internals/src/logger.ts:13:11)

  console.log
    prisma:query INSERT INTO "public"."units" ("id","name","type","cnpj","email","address","city","state","zipCode","isActive","createdAt","updatedAt") VALUES ($1,$2,CAST($3::text AS "public"."UnitType"),$4,$5,$6,$7,$8,$9,$10,$11,$12) RETURNING "public"."units"."id", "public"."units"."name", "public"."units"."type"::text, "public"."units"."cnpj", "public"."units"."phone", "public"."units"."email", "public"."units"."address", "public"."units"."city", "public"."units"."state", "public"."units"."zipCode", "public"."units"."isActive", "public"."units"."createdAt", "public"."units"."updatedAt"

      at Object.Kl (../node_modules/@prisma/internals/src/logger.ts:13:11)

  console.log
    prisma:query SELECT "public"."doctors"."id", "public"."doctors"."userId", "public"."doctors"."crm", "public"."doctors"."crmState", "public"."doctors"."isActive", "public"."doctors"."createdAt", "public"."doctors"."updatedAt" FROM "public"."doctors" WHERE "public"."doctors"."crm" = $1 LIMIT $2 OFFSET $3

      at Object.Kl (../node_modules/@prisma/internals/src/logger.ts:13:11)

  console.log
    prisma:query SELECT "public"."users"."id", "public"."users"."email", "public"."users"."password", "public"."users"."firstName", "public"."users"."lastName", "public"."users"."phone", "public"."users"."avatar", "public"."users"."isActive", "public"."users"."role"::text, "public"."users"."createdAt", "public"."users"."updatedAt" FROM "public"."users" WHERE "public"."users"."id" IN (NULL) OFFSET $1

      at Object.Kl (../node_modules/@prisma/internals/src/logger.ts:13:11)
          at async Promise.all (index 0)

  console.log
    prisma:query SELECT "public"."doctor_units"."id", "public"."doctor_units"."doctorId", "public"."doctor_units"."unitId", "public"."doctor_units"."consultationPrice", "public"."doctor_units"."isPrimary", "public"."doctor_units"."isActive", "public"."doctor_units"."createdAt" FROM "public"."doctor_units" WHERE ("public"."doctor_units"."isActive" = $1 AND "public"."doctor_units"."doctorId" IN (NULL)) OFFSET $2

      at Object.Kl (../node_modules/@prisma/internals/src/logger.ts:13:11)
          at async Promise.all (index 1)

  console.log
    prisma:query SELECT "public"."units"."id", "public"."units"."name", "public"."units"."type"::text, "public"."units"."cnpj", "public"."units"."phone", "public"."units"."email", "public"."units"."address", "public"."units"."city", "public"."units"."state", "public"."units"."zipCode", "public"."units"."isActive", "public"."units"."createdAt", "public"."units"."updatedAt" FROM "public"."units" WHERE "public"."units"."id" IN (NULL) OFFSET $1

      at Object.Kl (../node_modules/@prisma/internals/src/logger.ts:13:11)
          at async Promise.all (index 0)
          at async Promise.all (index 1)

  console.log
    prisma:query INSERT INTO "public"."users" ("id","email","password","firstName","lastName","isActive","role","createdAt","updatedAt") VALUES ($1,$2,$3,$4,$5,$6,CAST($7::text AS "public"."UserRole"),$8,$9) RETURNING "public"."users"."id", "public"."users"."email", "public"."users"."password", "public"."users"."firstName", "public"."users"."lastName", "public"."users"."phone", "public"."users"."avatar", "public"."users"."isActive", "public"."users"."role"::text, "public"."users"."createdAt", "public"."users"."updatedAt"

      at Object.Kl (../node_modules/@prisma/internals/src/logger.ts:13:11)

  console.log
    prisma:query INSERT INTO "public"."doctors" ("id","userId","crm","crmState","isActive","createdAt","updatedAt") VALUES ($1,$2,$3,$4,$5,$6,$7) RETURNING "public"."doctors"."id", "public"."doctors"."userId", "public"."doctors"."crm", "public"."doctors"."crmState", "public"."doctors"."isActive", "public"."doctors"."createdAt", "public"."doctors"."updatedAt"

      at Object.Kl (../node_modules/@prisma/internals/src/logger.ts:13:11)

  console.log
    prisma:query ROLLBACK

      at Object.Kl (../node_modules/@prisma/internals/src/logger.ts:13:11)

  console.log
    prisma:query SELECT "public"."doctors"."id", "public"."doctors"."userId", "public"."doctors"."crm", "public"."doctors"."crmState", "public"."doctors"."isActive", "public"."doctors"."createdAt", "public"."doctors"."updatedAt" FROM "public"."doctors" WHERE ("public"."doctors"."id" = $1 AND "public"."doctors"."isActive" = $2) LIMIT $3 OFFSET $4

      at Object.Kl (../node_modules/@prisma/internals/src/logger.ts:13:11)

  console.log
    prisma:query SELECT "public"."users"."id", "public"."users"."email", "public"."users"."password", "public"."users"."firstName", "public"."users"."lastName", "public"."users"."phone", "public"."users"."avatar", "public"."users"."isActive", "public"."users"."role"::text, "public"."users"."createdAt", "public"."users"."updatedAt" FROM "public"."users" WHERE "public"."users"."id" IN ($1) OFFSET $2

      at Object.Kl (../node_modules/@prisma/internals/src/logger.ts:13:11)
          at async Promise.all (index 0)

  console.log
    prisma:query SELECT "public"."doctor_units"."id", "public"."doctor_units"."doctorId", "public"."doctor_units"."unitId", "public"."doctor_units"."consultationPrice", "public"."doctor_units"."isPrimary", "public"."doctor_units"."isActive", "public"."doctor_units"."createdAt" FROM "public"."doctor_units" WHERE ("public"."doctor_units"."isActive" = $1 AND "public"."doctor_units"."doctorId" IN ($2)) OFFSET $3

      at Object.Kl (../node_modules/@prisma/internals/src/logger.ts:13:11)
          at async Promise.all (index 1)

  console.log
    prisma:query SELECT "public"."units"."id", "public"."units"."name", "public"."units"."type"::text, "public"."units"."cnpj", "public"."units"."phone", "public"."units"."email", "public"."units"."address", "public"."units"."city", "public"."units"."state", "public"."units"."zipCode", "public"."units"."isActive", "public"."units"."createdAt", "public"."units"."updatedAt" FROM "public"."units" WHERE "public"."units"."id" IN (NULL) OFFSET $1

      at Object.Kl (../node_modules/@prisma/internals/src/logger.ts:13:11)
          at async Promise.all (index 0)
          at async Promise.all (index 1)

  console.log
    prisma:query SELECT "public"."units"."id", "public"."units"."name", "public"."units"."type"::text, "public"."units"."cnpj", "public"."units"."phone", "public"."units"."email", "public"."units"."address", "public"."units"."city", "public"."units"."state", "public"."units"."zipCode", "public"."units"."isActive", "public"."units"."createdAt", "public"."units"."updatedAt" FROM "public"."units" WHERE ("public"."units"."id" = $1 AND 1=1) LIMIT $2 OFFSET $3

      at Object.Kl (../node_modules/@prisma/internals/src/logger.ts:13:11)

  console.log
    prisma:query INSERT INTO "public"."doctor_units" ("id","doctorId","unitId","consultationPrice","isPrimary","isActive","createdAt") VALUES ($1,$2,$3,$4,$5,$6,$7) RETURNING "public"."doctor_units"."id"

      at Object.Kl (../node_modules/@prisma/internals/src/logger.ts:13:11)

  console.log
    prisma:query SELECT "public"."doctor_units"."id", "public"."doctor_units"."doctorId", "public"."doctor_units"."unitId", "public"."doctor_units"."consultationPrice", "public"."doctor_units"."isPrimary", "public"."doctor_units"."isActive", "public"."doctor_units"."createdAt" FROM "public"."doctor_units" WHERE "public"."doctor_units"."id" = $1 LIMIT $2 OFFSET $3

      at Object.Kl (../node_modules/@prisma/internals/src/logger.ts:13:11)

  console.log
    prisma:query SELECT "public"."units"."id", "public"."units"."name", "public"."units"."type"::text, "public"."units"."city", "public"."units"."state" FROM "public"."units" WHERE "public"."units"."id" = $1 OFFSET $2

      at Object.Kl (../node_modules/@prisma/internals/src/logger.ts:13:11)
          at async Promise.all (index 0)

  console.log
    prisma:query COMMIT

      at Object.Kl (../node_modules/@prisma/internals/src/logger.ts:13:11)

  console.log
    prisma:query INSERT INTO "public"."users" ("id","email","password","firstName","lastName","isActive","role","createdAt","updatedAt") VALUES ($1,$2,$3,$4,$5,$6,CAST($7::text AS "public"."UserRole"),$8,$9) RETURNING "public"."users"."id", "public"."users"."email", "public"."users"."password", "public"."users"."firstName", "public"."users"."lastName", "public"."users"."phone", "public"."users"."avatar", "public"."users"."isActive", "public"."users"."role"::text, "public"."users"."createdAt", "public"."users"."updatedAt"

      at Object.Kl (../node_modules/@prisma/internals/src/logger.ts:13:11)

  console.log
    prisma:query INSERT INTO "public"."doctors" ("id","userId","crm","crmState","isActive","createdAt","updatedAt") VALUES ($1,$2,$3,$4,$5,$6,$7) RETURNING "public"."doctors"."id", "public"."doctors"."userId", "public"."doctors"."crm", "public"."doctors"."crmState", "public"."doctors"."isActive", "public"."doctors"."createdAt", "public"."doctors"."updatedAt"

      at Object.Kl (../node_modules/@prisma/internals/src/logger.ts:13:11)

  console.log
    prisma:query SELECT "public"."doctors"."id", "public"."doctors"."userId", "public"."doctors"."crm", "public"."doctors"."crmState", "public"."doctors"."isActive", "public"."doctors"."createdAt", "public"."doctors"."updatedAt" FROM "public"."doctors" WHERE ("public"."doctors"."id" = $1 AND "public"."doctors"."isActive" = $2) LIMIT $3 OFFSET $4

      at Object.Kl (../node_modules/@prisma/internals/src/logger.ts:13:11)

  console.log
    prisma:query SELECT "public"."users"."id", "public"."users"."email", "public"."users"."password", "public"."users"."firstName", "public"."users"."lastName", "public"."users"."phone", "public"."users"."avatar", "public"."users"."isActive", "public"."users"."role"::text, "public"."users"."createdAt", "public"."users"."updatedAt" FROM "public"."users" WHERE "public"."users"."id" IN ($1) OFFSET $2

      at Object.Kl (../node_modules/@prisma/internals/src/logger.ts:13:11)
          at async Promise.all (index 0)

  console.log
    prisma:query SELECT "public"."doctor_units"."id", "public"."doctor_units"."doctorId", "public"."doctor_units"."unitId", "public"."doctor_units"."consultationPrice", "public"."doctor_units"."isPrimary", "public"."doctor_units"."isActive", "public"."doctor_units"."createdAt" FROM "public"."doctor_units" WHERE ("public"."doctor_units"."isActive" = $1 AND "public"."doctor_units"."doctorId" IN ($2)) OFFSET $3

      at Object.Kl (../node_modules/@prisma/internals/src/logger.ts:13:11)
          at async Promise.all (index 1)

  console.log
    prisma:query SELECT "public"."units"."id", "public"."units"."name", "public"."units"."type"::text, "public"."units"."cnpj", "public"."units"."phone", "public"."units"."email", "public"."units"."address", "public"."units"."city", "public"."units"."state", "public"."units"."zipCode", "public"."units"."isActive", "public"."units"."createdAt", "public"."units"."updatedAt" FROM "public"."units" WHERE "public"."units"."id" IN (NULL) OFFSET $1

      at Object.Kl (../node_modules/@prisma/internals/src/logger.ts:13:11)
          at async Promise.all (index 0)
          at async Promise.all (index 1)

  console.log
    prisma:error 
    Invalid `this.prisma.doctor.create()` invocation in
    E:\vitalium-backend\src\infrastructure\repositories\doctor\doctor.repository.ts:17:45
    
      14 constructor(private readonly prisma: PrismaProvider) {}
      15 
      16 async create(dto: CreateDoctorDTO): Promise<Doctor> {
    ÔåÆ 17   const doctor = await this.prisma.doctor.create(
    Unique constraint failed on the fields: (`"userId"`)

      at Object.Kl (../node_modules/@prisma/internals/src/logger.ts:13:11)

[31m[Nest] 135784  - [39m10/02/2026, 12:08:30 [31m  ERROR[39m [38;5;3m[GlobalExceptionFilter] [39m[31mHTTP 500 Error: Erro na opera├º├úo de banco de 
dados: criar m├®dico[39m
{"statusCode":500,"message":"Erro na opera├º├úo de banco de dados: criar 
m├®dico","errorCode":"DATABASE_ERROR","timestamp":"2026-02-10T15:08:30.628Z","path":"/doctors","method":"POST","context":{"operation":"criar 
m├®dico","originalError":"\nInvalid `this.prisma.doctor.create()` invocation 
in\nE:\\vitalium-backend\\src\\infrastructure\\repositories\\doctor\\doctor.repository.ts:17:45\n\n  14 constructor(private readonly prisma: PrismaProvider) 
{}\n  15 \n  16 async create(dto: CreateDoctorDTO): Promise<Doctor> {\nÔåÆ 17   const doctor = await this.prisma.doctor.create(\nUnique constraint failed on the 
fields: (`\"userId\"`)"},"ip":"::ffff:127.0.0.1"}
  console.log
    prisma:query SELECT "public"."units"."id", "public"."units"."name", "public"."units"."type"::text, "public"."units"."cnpj", "public"."units"."phone", "public"."units"."email", "public"."units"."address", "public"."units"."city", "public"."units"."state", "public"."units"."zipCode", "public"."units"."isActive", "public"."units"."createdAt", "public"."units"."updatedAt" FROM "public"."units" WHERE ("public"."units"."id" = $1 AND 1=1) LIMIT $2 OFFSET $3

      at Object.Kl (../node_modules/@prisma/internals/src/logger.ts:13:11)

  console.log
    prisma:query INSERT INTO "public"."error_logs" ("id","errorType","errorMessage","stackTrace","userId","context","timestamp","resolved") VALUES ($1,$2,$3,$4,$5,$6,$7,$8) RETURNING "public"."error_logs"."id", "public"."error_logs"."errorType", "public"."error_logs"."errorMessage", "public"."error_logs"."stackTrace", "public"."error_logs"."userId", "public"."error_logs"."requestId", "public"."error_logs"."context", "public"."error_logs"."metadata", "public"."error_logs"."timestamp", "public"."error_logs"."resolved", "public"."error_logs"."resolvedAt", "public"."error_logs"."resolvedBy"

      at Object.Kl (../node_modules/@prisma/internals/src/logger.ts:13:11)

  console.log
    prisma:query INSERT INTO "public"."doctor_units" ("id","doctorId","unitId","consultationPrice","isPrimary","isActive","createdAt") VALUES ($1,$2,$3,$4,$5,$6,$7) RETURNING "public"."doctor_units"."id"

      at Object.Kl (../node_modules/@prisma/internals/src/logger.ts:13:11)

  console.error
    Error logged: DATABASE_ERROR - HTTP 500: Erro na opera├º├úo de banco de dados: criar m├®dico

    [0m [90m 157 |[39m         }[33m,[39m
     [90m 158 |[39m       })[33m;[39m
    [31m[1m>[22m[39m[90m 159 |[39m       console[33m.[39merror([32m`Error logged: ${data.errorType} - ${data.errorMessage}`[39m)[33m;[39m
     [90m     |[39m               [31m[1m^[22m[39m
     [90m 160 |[39m     } [36mcatch[39m (error) {
     [90m 161 |[39m       console[33m.[39merror([32m'Failed to log error:'[39m[33m,[39m error)[33m;[39m
     [90m 162 |[39m     }[0m

      at MetricsCollectorService.logError (../src/shared/monitoring/metrics-collector.service.ts:159:15)
      at SystemHealthService.logCriticalError (../src/shared/monitoring/system-health.service.ts:18:7)
      at GlobalExceptionFilter.logErrorToMonitoringSystem (../src/shared/execeptions/filters/global-exception.filter.ts:115:9)
      at GlobalExceptionFilter.catch (../src/shared/execeptions/filters/global-exception.filter.ts:80:5)

  console.log
    prisma:query SELECT "public"."doctor_units"."id", "public"."doctor_units"."doctorId", "public"."doctor_units"."unitId", "public"."doctor_units"."consultationPrice", "public"."doctor_units"."isPrimary", "public"."doctor_units"."isActive", "public"."doctor_units"."createdAt" FROM "public"."doctor_units" WHERE "public"."doctor_units"."id" = $1 LIMIT $2 OFFSET $3

      at Object.Kl (../node_modules/@prisma/internals/src/logger.ts:13:11)

  console.log
    prisma:query SELECT "public"."units"."id", "public"."units"."name", "public"."units"."type"::text, "public"."units"."city", "public"."units"."state" FROM "public"."units" WHERE "public"."units"."id" = $1 OFFSET $2

      at Object.Kl (../node_modules/@prisma/internals/src/logger.ts:13:11)
          at async Promise.all (index 0)

  console.log
    prisma:query COMMIT

      at Object.Kl (../node_modules/@prisma/internals/src/logger.ts:13:11)

  console.log
    prisma:query INSERT INTO "public"."security_logs" ("id","event","severity","description","metadata","timestamp") VALUES ($1,$2,CAST($3::text AS "public"."SecurityLevel"),$4,$5,$6) RETURNING "public"."security_logs"."id", "public"."security_logs"."event", "public"."security_logs"."severity"::text, "public"."security_logs"."description", "public"."security_logs"."userId", "public"."security_logs"."ip", "public"."security_logs"."userAgent", "public"."security_logs"."metadata", "public"."security_logs"."timestamp"

      at Object.Kl (../node_modules/@prisma/internals/src/logger.ts:13:11)

  console.log
    Security event logged: CRITICAL_APPLICATION_ERROR - CRITICAL

      at MetricsCollectorService.logSecurityEvent (../src/shared/monitoring/metrics-collector.service.ts:107:15)

  console.error
    ­ƒÜ¿ CRITICAL ERROR: DATABASE_ERROR - HTTP 500: Erro na opera├º├úo de banco de dados: criar m├®dico

    [0m [90m 37 |[39m       })[33m;[39m
     [90m 38 |[39m
    [31m[1m>[22m[39m[90m 39 |[39m       console[33m.[39merror([32m`­ƒÜ¿ CRITICAL ERROR: ${error.type} - ${error.message}`[39m)[33m;[39m
     [90m    |[39m               [31m[1m^[22m[39m
     [90m 40 |[39m     } [36mcatch[39m (logError) {
     [90m 41 |[39m       console[33m.[39merror([32m'Failed to log critical error:'[39m[33m,[39m logError)[33m;[39m
     [90m 42 |[39m     }[0m

      at SystemHealthService.logCriticalError (../src/shared/monitoring/system-health.service.ts:39:15)
      at GlobalExceptionFilter.logErrorToMonitoringSystem (../src/shared/execeptions/filters/global-exception.filter.ts:115:9)
      at GlobalExceptionFilter.catch (../src/shared/execeptions/filters/global-exception.filter.ts:80:5)

  console.log
    prisma:query INSERT INTO "public"."users" ("id","email","password","firstName","lastName","isActive","role","createdAt","updatedAt") VALUES ($1,$2,$3,$4,$5,$6,CAST($7::text AS "public"."UserRole"),$8,$9) RETURNING "public"."users"."id", "public"."users"."email", "public"."users"."password", "public"."users"."firstName", "public"."users"."lastName", "public"."users"."phone", "public"."users"."avatar", "public"."users"."isActive", "public"."users"."role"::text, "public"."users"."createdAt", "public"."users"."updatedAt"

      at Object.Kl (../node_modules/@prisma/internals/src/logger.ts:13:11)

  console.log
    prisma:query INSERT INTO "public"."error_logs" ("id","errorType","errorMessage","stackTrace","userId","context","timestamp","resolved") VALUES ($1,$2,$3,$4,$5,$6,$7,$8) RETURNING "public"."error_logs"."id", "public"."error_logs"."errorType", "public"."error_logs"."errorMessage", "public"."error_logs"."stackTrace", "public"."error_logs"."userId", "public"."error_logs"."requestId", "public"."error_logs"."context", "public"."error_logs"."metadata", "public"."error_logs"."timestamp", "public"."error_logs"."resolved", "public"."error_logs"."resolvedAt", "public"."error_logs"."resolvedBy"

      at Object.Kl (../node_modules/@prisma/internals/src/logger.ts:13:11)

  console.error
    Error logged: DATABASE_ERROR - Erro na opera├º├úo de banco de dados: criar m├®dico

    [0m [90m 157 |[39m         }[33m,[39m
     [90m 158 |[39m       })[33m;[39m
    [31m[1m>[22m[39m[90m 159 |[39m       console[33m.[39merror([32m`Error logged: ${data.errorType} - ${data.errorMessage}`[39m)[33m;[39m
     [90m     |[39m               [31m[1m^[22m[39m
     [90m 160 |[39m     } [36mcatch[39m (error) {
     [90m 161 |[39m       console[33m.[39merror([32m'Failed to log error:'[39m[33m,[39m error)[33m;[39m
     [90m 162 |[39m     }[0m

      at MetricsCollectorService.logError (../src/shared/monitoring/metrics-collector.service.ts:159:15)
      at GlobalExceptionFilter.logErrorToMonitoringSystem (../src/shared/execeptions/filters/global-exception.filter.ts:174:7)
      at GlobalExceptionFilter.catch (../src/shared/execeptions/filters/global-exception.filter.ts:80:5)

  console.log
    prisma:query INSERT INTO "public"."doctors" ("id","userId","crm","crmState","isActive","createdAt","updatedAt") VALUES ($1,$2,$3,$4,$5,$6,$7) RETURNING "public"."doctors"."id", "public"."doctors"."userId", "public"."doctors"."crm", "public"."doctors"."crmState", "public"."doctors"."isActive", "public"."doctors"."createdAt", "public"."doctors"."updatedAt"

      at Object.Kl (../node_modules/@prisma/internals/src/logger.ts:13:11)

  console.log
    prisma:query DELETE FROM "public"."doctors" WHERE "public"."doctors"."crm"::text LIKE $1

      at Object.Kl (../node_modules/@prisma/internals/src/logger.ts:13:11)

  console.log
    prisma:query SELECT "public"."doctors"."id", "public"."doctors"."userId", "public"."doctors"."crm", "public"."doctors"."crmState", "public"."doctors"."isActive", "public"."doctors"."createdAt", "public"."doctors"."updatedAt" FROM "public"."doctors" WHERE ("public"."doctors"."id" = $1 AND "public"."doctors"."isActive" = $2) LIMIT $3 OFFSET $4

      at Object.Kl (../node_modules/@prisma/internals/src/logger.ts:13:11)

  console.log
    prisma:query SELECT "public"."users"."id", "public"."users"."email", "public"."users"."password", "public"."users"."firstName", "public"."users"."lastName", "public"."users"."phone", "public"."users"."avatar", "public"."users"."isActive", "public"."users"."role"::text, "public"."users"."createdAt", "public"."users"."updatedAt" FROM "public"."users" WHERE "public"."users"."id" IN ($1) OFFSET $2

      at Object.Kl (../node_modules/@prisma/internals/src/logger.ts:13:11)
          at async Promise.all (index 0)

  console.log
    prisma:query SELECT "public"."doctor_units"."id", "public"."doctor_units"."doctorId", "public"."doctor_units"."unitId", "public"."doctor_units"."consultationPrice", "public"."doctor_units"."isPrimary", "public"."doctor_units"."isActive", "public"."doctor_units"."createdAt" FROM "public"."doctor_units" WHERE ("public"."doctor_units"."isActive" = $1 AND "public"."doctor_units"."doctorId" IN ($2)) OFFSET $3

      at Object.Kl (../node_modules/@prisma/internals/src/logger.ts:13:11)
          at async Promise.all (index 1)

  console.log
    prisma:query DELETE FROM "public"."users" WHERE "public"."users"."email"::text LIKE $1

      at Object.Kl (../node_modules/@prisma/internals/src/logger.ts:13:11)

  console.log
    prisma:query SELECT "public"."units"."id", "public"."units"."name", "public"."units"."type"::text, "public"."units"."cnpj", "public"."units"."phone", "public"."units"."email", "public"."units"."address", "public"."units"."city", "public"."units"."state", "public"."units"."zipCode", "public"."units"."isActive", "public"."units"."createdAt", "public"."units"."updatedAt" FROM "public"."units" WHERE "public"."units"."id" IN (NULL) OFFSET $1

      at Object.Kl (../node_modules/@prisma/internals/src/logger.ts:13:11)
          at async Promise.all (index 0)
          at async Promise.all (index 1)

  console.log
    prisma:query SELECT "public"."units"."id", "public"."units"."name", "public"."units"."type"::text, "public"."units"."cnpj", "public"."units"."phone", "public"."units"."email", "public"."units"."address", "public"."units"."city", "public"."units"."state", "public"."units"."zipCode", "public"."units"."isActive", "public"."units"."createdAt", "public"."units"."updatedAt" FROM "public"."units" WHERE ("public"."units"."id" = $1 AND 1=1) LIMIT $2 OFFSET $3

      at Object.Kl (../node_modules/@prisma/internals/src/logger.ts:13:11)

  console.log
    prisma:query INSERT INTO "public"."users" ("id","email","password","firstName","lastName","phone","isActive","role","createdAt","updatedAt") VALUES ($1,$2,$3,$4,$5,$6,$7,CAST($8::text AS "public"."UserRole"),$9,$10) RETURNING "public"."users"."id", "public"."users"."email", "public"."users"."password", "public"."users"."firstName", "public"."users"."lastName", "public"."users"."phone", "public"."users"."avatar", "public"."users"."isActive", "public"."users"."role"::text, "public"."users"."createdAt", "public"."users"."updatedAt"

      at Object.Kl (../node_modules/@prisma/internals/src/logger.ts:13:11)

  console.log
    prisma:query INSERT INTO "public"."doctor_units" ("id","doctorId","unitId","consultationPrice","isPrimary","isActive","createdAt") VALUES ($1,$2,$3,$4,$5,$6,$7) RETURNING "public"."doctor_units"."id"

      at Object.Kl (../node_modules/@prisma/internals/src/logger.ts:13:11)

  console.log
    prisma:query SELECT "public"."doctor_units"."id", "public"."doctor_units"."doctorId", "public"."doctor_units"."unitId", "public"."doctor_units"."consultationPrice", "public"."doctor_units"."isPrimary", "public"."doctor_units"."isActive", "public"."doctor_units"."createdAt" FROM "public"."doctor_units" WHERE "public"."doctor_units"."id" = $1 LIMIT $2 OFFSET $3

      at Object.Kl (../node_modules/@prisma/internals/src/logger.ts:13:11)

  console.log
    prisma:query INSERT INTO "public"."doctors" ("id","userId","crm","crmState","isActive","createdAt","updatedAt") VALUES ($1,$2,$3,$4,$5,$6,$7) RETURNING "public"."doctors"."id", "public"."doctors"."userId", "public"."doctors"."crm", "public"."doctors"."crmState", "public"."doctors"."isActive", "public"."doctors"."createdAt", "public"."doctors"."updatedAt"

      at Object.Kl (../node_modules/@prisma/internals/src/logger.ts:13:11)

  console.log
    prisma:query SELECT "public"."units"."id", "public"."units"."name", "public"."units"."type"::text, "public"."units"."city", "public"."units"."state" FROM "public"."units" WHERE "public"."units"."id" = $1 OFFSET $2

      at Object.Kl (../node_modules/@prisma/internals/src/logger.ts:13:11)
          at async Promise.all (index 0)

  console.log
    prisma:query COMMIT

      at Object.Kl (../node_modules/@prisma/internals/src/logger.ts:13:11)

  console.log
    prisma:query SELECT "public"."doctors"."id", "public"."doctors"."userId", "public"."doctors"."crm", "public"."doctors"."crmState", "public"."doctors"."isActive", "public"."doctors"."createdAt", "public"."doctors"."updatedAt" FROM "public"."doctors" WHERE ("public"."doctors"."id" = $1 AND "public"."doctors"."isActive" = $2) LIMIT $3 OFFSET $4

      at Object.Kl (../node_modules/@prisma/internals/src/logger.ts:13:11)

  console.log
    prisma:query SELECT "public"."users"."id", "public"."users"."email", "public"."users"."password", "public"."users"."firstName", "public"."users"."lastName", "public"."users"."phone", "public"."users"."avatar", "public"."users"."isActive", "public"."users"."role"::text, "public"."users"."createdAt", "public"."users"."updatedAt" FROM "public"."users" WHERE "public"."users"."id" IN ($1) OFFSET $2

      at Object.Kl (../node_modules/@prisma/internals/src/logger.ts:13:11)
          at async Promise.all (index 0)

  console.log
    prisma:query SELECT "public"."doctor_units"."id", "public"."doctor_units"."doctorId", "public"."doctor_units"."unitId", "public"."doctor_units"."consultationPrice", "public"."doctor_units"."isPrimary", "public"."doctor_units"."isActive", "public"."doctor_units"."createdAt" FROM "public"."doctor_units" WHERE ("public"."doctor_units"."isActive" = $1 AND "public"."doctor_units"."doctorId" IN ($2)) OFFSET $3

      at Object.Kl (../node_modules/@prisma/internals/src/logger.ts:13:11)
          at async Promise.all (index 1)

  console.log
    prisma:query INSERT INTO "public"."users" ("id","email","password","firstName","lastName","isActive","role","createdAt","updatedAt") VALUES ($1,$2,$3,$4,$5,$6,CAST($7::text AS "public"."UserRole"),$8,$9) RETURNING "public"."users"."id", "public"."users"."email", "public"."users"."password", "public"."users"."firstName", "public"."users"."lastName", "public"."users"."phone", "public"."users"."avatar", "public"."users"."isActive", "public"."users"."role"::text, "public"."users"."createdAt", "public"."users"."updatedAt"

      at Object.Kl (../node_modules/@prisma/internals/src/logger.ts:13:11)

  console.log
    prisma:query SELECT "public"."units"."id", "public"."units"."name", "public"."units"."type"::text, "public"."units"."cnpj", "public"."units"."phone", "public"."units"."email", "public"."units"."address", "public"."units"."city", "public"."units"."state", "public"."units"."zipCode", "public"."units"."isActive", "public"."units"."createdAt", "public"."units"."updatedAt" FROM "public"."units" WHERE "public"."units"."id" IN (NULL) OFFSET $1

      at Object.Kl (../node_modules/@prisma/internals/src/logger.ts:13:11)
          at async Promise.all (index 0)
          at async Promise.all (index 1)

  console.log
    prisma:query INSERT INTO "public"."doctors" ("id","userId","crm","crmState","isActive","createdAt","updatedAt") VALUES ($1,$2,$3,$4,$5,$6,$7) RETURNING "public"."doctors"."id", "public"."doctors"."userId", "public"."doctors"."crm", "public"."doctors"."crmState", "public"."doctors"."isActive", "public"."doctors"."createdAt", "public"."doctors"."updatedAt"

      at Object.Kl (../node_modules/@prisma/internals/src/logger.ts:13:11)

  console.log
    prisma:query DELETE FROM "public"."doctors" WHERE "public"."doctors"."crm"::text LIKE $1

      at Object.Kl (../node_modules/@prisma/internals/src/logger.ts:13:11)

  console.log
    prisma:query SELECT "public"."doctors"."id", "public"."doctors"."userId", "public"."doctors"."crm", "public"."doctors"."crmState", "public"."doctors"."isActive", "public"."doctors"."createdAt", "public"."doctors"."updatedAt" FROM "public"."doctors" WHERE ("public"."doctors"."id" = $1 AND "public"."doctors"."isActive" = $2) LIMIT $3 OFFSET $4

      at Object.Kl (../node_modules/@prisma/internals/src/logger.ts:13:11)

  console.log
    prisma:query SELECT "public"."users"."id", "public"."users"."email", "public"."users"."password", "public"."users"."firstName", "public"."users"."lastName", "public"."users"."phone", "public"."users"."avatar", "public"."users"."isActive", "public"."users"."role"::text, "public"."users"."createdAt", "public"."users"."updatedAt" FROM "public"."users" WHERE "public"."users"."id" IN ($1) OFFSET $2

      at Object.Kl (../node_modules/@prisma/internals/src/logger.ts:13:11)
          at async Promise.all (index 0)

  console.log
    prisma:query DELETE FROM "public"."users" WHERE "public"."users"."email"::text LIKE $1

      at Object.Kl (../node_modules/@prisma/internals/src/logger.ts:13:11)

  console.log
    prisma:query SELECT "public"."doctor_units"."id", "public"."doctor_units"."doctorId", "public"."doctor_units"."unitId", "public"."doctor_units"."consultationPrice", "public"."doctor_units"."isPrimary", "public"."doctor_units"."isActive", "public"."doctor_units"."createdAt" FROM "public"."doctor_units" WHERE ("public"."doctor_units"."isActive" = $1 AND "public"."doctor_units"."doctorId" IN ($2)) OFFSET $3

      at Object.Kl (../node_modules/@prisma/internals/src/logger.ts:13:11)
          at async Promise.all (index 1)

  console.log
    prisma:query SELECT "public"."units"."id", "public"."units"."name", "public"."units"."type"::text, "public"."units"."cnpj", "public"."units"."phone", "public"."units"."email", "public"."units"."address", "public"."units"."city", "public"."units"."state", "public"."units"."zipCode", "public"."units"."isActive", "public"."units"."createdAt", "public"."units"."updatedAt" FROM "public"."units" WHERE "public"."units"."id" IN (NULL) OFFSET $1

      at Object.Kl (../node_modules/@prisma/internals/src/logger.ts:13:11)
          at async Promise.all (index 0)
          at async Promise.all (index 1)

  console.log
    prisma:query SELECT "public"."units"."id", "public"."units"."name", "public"."units"."type"::text, "public"."units"."cnpj", "public"."units"."phone", "public"."units"."email", "public"."units"."address", "public"."units"."city", "public"."units"."state", "public"."units"."zipCode", "public"."units"."isActive", "public"."units"."createdAt", "public"."units"."updatedAt" FROM "public"."units" WHERE ("public"."units"."id" = $1 AND 1=1) LIMIT $2 OFFSET $3

      at Object.Kl (../node_modules/@prisma/internals/src/logger.ts:13:11)

  console.log
    prisma:query INSERT INTO "public"."users" ("id","email","password","firstName","lastName","phone","isActive","role","createdAt","updatedAt") VALUES ($1,$2,$3,$4,$5,$6,$7,CAST($8::text AS "public"."UserRole"),$9,$10) RETURNING "public"."users"."id", "public"."users"."email", "public"."users"."password", "public"."users"."firstName", "public"."users"."lastName", "public"."users"."phone", "public"."users"."avatar", "public"."users"."isActive", "public"."users"."role"::text, "public"."users"."createdAt", "public"."users"."updatedAt"

      at Object.Kl (../node_modules/@prisma/internals/src/logger.ts:13:11)

  console.log
    prisma:query INSERT INTO "public"."doctor_units" ("id","doctorId","unitId","consultationPrice","isPrimary","isActive","createdAt") VALUES ($1,$2,$3,$4,$5,$6,$7) RETURNING "public"."doctor_units"."id"

      at Object.Kl (../node_modules/@prisma/internals/src/logger.ts:13:11)

  console.log
    prisma:query INSERT INTO "public"."doctors" ("id","userId","crm","crmState","isActive","createdAt","updatedAt") VALUES ($1,$2,$3,$4,$5,$6,$7) RETURNING "public"."doctors"."id", "public"."doctors"."userId", "public"."doctors"."crm", "public"."doctors"."crmState", "public"."doctors"."isActive", "public"."doctors"."createdAt", "public"."doctors"."updatedAt"

      at Object.Kl (../node_modules/@prisma/internals/src/logger.ts:13:11)

  console.log
    prisma:query SELECT "public"."doctor_units"."id", "public"."doctor_units"."doctorId", "public"."doctor_units"."unitId", "public"."doctor_units"."consultationPrice", "public"."doctor_units"."isPrimary", "public"."doctor_units"."isActive", "public"."doctor_units"."createdAt" FROM "public"."doctor_units" WHERE "public"."doctor_units"."id" = $1 LIMIT $2 OFFSET $3

      at Object.Kl (../node_modules/@prisma/internals/src/logger.ts:13:11)

  console.log
    prisma:query SELECT "public"."units"."id", "public"."units"."name", "public"."units"."type"::text, "public"."units"."city", "public"."units"."state" FROM "public"."units" WHERE "public"."units"."id" = $1 OFFSET $2

      at Object.Kl (../node_modules/@prisma/internals/src/logger.ts:13:11)
          at async Promise.all (index 0)

  console.log
    prisma:query SELECT "public"."doctors"."id", "public"."doctors"."userId", "public"."doctors"."crm", "public"."doctors"."crmState", "public"."doctors"."isActive", "public"."doctors"."createdAt", "public"."doctors"."updatedAt" FROM "public"."doctors" WHERE ("public"."doctors"."id" = $1 AND "public"."doctors"."isActive" = $2) LIMIT $3 OFFSET $4

      at Object.Kl (../node_modules/@prisma/internals/src/logger.ts:13:11)

  console.log
    prisma:query COMMIT

      at Object.Kl (../node_modules/@prisma/internals/src/logger.ts:13:11)

  console.log
    prisma:query SELECT "public"."users"."id", "public"."users"."email", "public"."users"."password", "public"."users"."firstName", "public"."users"."lastName", "public"."users"."phone", "public"."users"."avatar", "public"."users"."isActive", "public"."users"."role"::text, "public"."users"."createdAt", "public"."users"."updatedAt" FROM "public"."users" WHERE "public"."users"."id" IN (NULL) OFFSET $1

      at Object.Kl (../node_modules/@prisma/internals/src/logger.ts:13:11)
          at async Promise.all (index 0)

  console.log
    prisma:query SELECT "public"."doctor_units"."id", "public"."doctor_units"."doctorId", "public"."doctor_units"."unitId", "public"."doctor_units"."consultationPrice", "public"."doctor_units"."isPrimary", "public"."doctor_units"."isActive", "public"."doctor_units"."createdAt" FROM "public"."doctor_units" WHERE ("public"."doctor_units"."isActive" = $1 AND "public"."doctor_units"."doctorId" IN (NULL)) OFFSET $2

      at Object.Kl (../node_modules/@prisma/internals/src/logger.ts:13:11)
          at async Promise.all (index 1)

  console.log
    prisma:query SELECT "public"."units"."id", "public"."units"."name", "public"."units"."type"::text, "public"."units"."cnpj", "public"."units"."phone", "public"."units"."email", "public"."units"."address", "public"."units"."city", "public"."units"."state", "public"."units"."zipCode", "public"."units"."isActive", "public"."units"."createdAt", "public"."units"."updatedAt" FROM "public"."units" WHERE "public"."units"."id" IN (NULL) OFFSET $1

      at Object.Kl (../node_modules/@prisma/internals/src/logger.ts:13:11)
          at async Promise.all (index 0)
          at async Promise.all (index 1)

[31m[Nest] 135784  - [39m10/02/2026, 12:08:30 [31m  ERROR[39m [38;5;3m[GlobalExceptionFilter] [39m[31mHTTP 404 Error: Nenhum m├®dico foi encontrado com 
os crit├®rios: ID: clxyz-non-existent-id[39m
{"statusCode":404,"message":"Nenhum m├®dico foi encontrado com os crit├®rios: ID: clxyz-non-existent-id","errorCode":"DOCTOR_NOT_FOUND","timestamp":"2026-02-10T1
5:08:30.719Z","path":"/doctors/clxyz-non-existent-id","method":"GET","context":{"criteria":"ID: clxyz-non-existent-id"},"ip":"::ffff:127.0.0.1"}
  console.log
    prisma:query DELETE FROM "public"."doctor_units" WHERE EXISTS(SELECT "t0"."id" FROM "public"."doctors" AS "t0" WHERE ("t0"."crm"::text LIKE $1 AND ("public"."doctor_units"."doctorId") = ("t0"."id") AND "t0"."id" IS NOT NULL))

      at Object.Kl (../node_modules/@prisma/internals/src/logger.ts:13:11)

  console.log
    prisma:query INSERT INTO "public"."security_logs" ("id","event","severity","description","metadata","timestamp") VALUES ($1,$2,CAST($3::text AS "public"."SecurityLevel"),$4,$5,$6) RETURNING "public"."security_logs"."id", "public"."security_logs"."event", "public"."security_logs"."severity"::text, "public"."security_logs"."description", "public"."security_logs"."userId", "public"."security_logs"."ip", "public"."security_logs"."userAgent", "public"."security_logs"."metadata", "public"."security_logs"."timestamp"

      at Object.Kl (../node_modules/@prisma/internals/src/logger.ts:13:11)

  console.log
    Security event logged: APPLICATION_FAILURE - HIGH

      at MetricsCollectorService.logSecurityEvent (../src/shared/monitoring/metrics-collector.service.ts:107:15)

  console.error
    ÔØî APPLICATION FAILURE: GET /doctors/clxyz-non-existent-id - Nenhum m├®dico foi encontrado com os crit├®rios: ID: clxyz-non-existent-id

    [0m [90m 59 |[39m       })[33m;[39m
     [90m 60 |[39m
    [31m[1m>[22m[39m[90m 61 |[39m       console[33m.[39merror(
     [90m    |[39m               [31m[1m^[22m[39m
     [90m 62 |[39m         [32m`ÔØî APPLICATION FAILURE: ${failure.operation} - ${failure.error}`[39m[33m,[39m
     [90m 63 |[39m       )[33m;[39m
     [90m 64 |[39m     } [36mcatch[39m (error) {[0m

      at SystemHealthService.logApplicationFailure (../src/shared/monitoring/system-health.service.ts:61:15)
      at GlobalExceptionFilter.logErrorToMonitoringSystem (../src/shared/execeptions/filters/global-exception.filter.ts:132:9)
      at GlobalExceptionFilter.catch (../src/shared/execeptions/filters/global-exception.filter.ts:80:5)

  console.log
    prisma:query DELETE FROM "public"."doctors" WHERE "public"."doctors"."crm"::text LIKE $1

      at Object.Kl (../node_modules/@prisma/internals/src/logger.ts:13:11)

  console.log
    prisma:query DELETE FROM "public"."units" WHERE "public"."units"."name"::text LIKE $1

      at Object.Kl (../node_modules/@prisma/internals/src/logger.ts:13:11)

  console.log
    prisma:query INSERT INTO "public"."error_logs" ("id","errorType","errorMessage","stackTrace","userId","context","timestamp","resolved") VALUES ($1,$2,$3,$4,$5,$6,$7,$8) RETURNING "public"."error_logs"."id", "public"."error_logs"."errorType", "public"."error_logs"."errorMessage", "public"."error_logs"."stackTrace", "public"."error_logs"."userId", "public"."error_logs"."requestId", "public"."error_logs"."context", "public"."error_logs"."metadata", "public"."error_logs"."timestamp", "public"."error_logs"."resolved", "public"."error_logs"."resolvedAt", "public"."error_logs"."resolvedBy"

      at Object.Kl (../node_modules/@prisma/internals/src/logger.ts:13:11)

  console.error
    Error logged: DOCTOR_NOT_FOUND - Nenhum m├®dico foi encontrado com os crit├®rios: ID: clxyz-non-existent-id

    [0m [90m 157 |[39m         }[33m,[39m
     [90m 158 |[39m       })[33m;[39m
    [31m[1m>[22m[39m[90m 159 |[39m       console[33m.[39merror([32m`Error logged: ${data.errorType} - ${data.errorMessage}`[39m)[33m;[39m
     [90m     |[39m               [31m[1m^[22m[39m
     [90m 160 |[39m     } [36mcatch[39m (error) {
     [90m 161 |[39m       console[33m.[39merror([32m'Failed to log error:'[39m[33m,[39m error)[33m;[39m
     [90m 162 |[39m     }[0m

      at MetricsCollectorService.logError (../src/shared/monitoring/metrics-collector.service.ts:159:15)
      at GlobalExceptionFilter.logErrorToMonitoringSystem (../src/shared/execeptions/filters/global-exception.filter.ts:174:7)
      at GlobalExceptionFilter.catch (../src/shared/execeptions/filters/global-exception.filter.ts:80:5)

  console.log
    prisma:query DELETE FROM "public"."users" WHERE "public"."users"."email"::text LIKE $1

      at Object.Kl (../node_modules/@prisma/internals/src/logger.ts:13:11)

  console.log
    prisma:query DELETE FROM "public"."doctors" WHERE "public"."doctors"."crm"::text LIKE $1

      at Object.Kl (../node_modules/@prisma/internals/src/logger.ts:13:11)

  console.log
    prisma:query INSERT INTO "public"."users" ("id","email","password","firstName","lastName","isActive","role","createdAt","updatedAt") VALUES ($1,$2,$3,$4,$5,$6,CAST($7::text AS "public"."UserRole"),$8,$9) RETURNING "public"."users"."id", "public"."users"."email", "public"."users"."password", "public"."users"."firstName", "public"."users"."lastName", "public"."users"."phone", "public"."users"."avatar", "public"."users"."isActive", "public"."users"."role"::text, "public"."users"."createdAt", "public"."users"."updatedAt"

      at Object.Kl (../node_modules/@prisma/internals/src/logger.ts:13:11)

  console.log
    prisma:query DELETE FROM "public"."users" WHERE "public"."users"."email"::text LIKE $1

      at Object.Kl (../node_modules/@prisma/internals/src/logger.ts:13:11)

  console.log
    prisma:query INSERT INTO "public"."doctors" ("id","userId","crm","crmState","isActive","createdAt","updatedAt") VALUES ($1,$2,$3,$4,$5,$6,$7) RETURNING "public"."doctors"."id", "public"."doctors"."userId", "public"."doctors"."crm", "public"."doctors"."crmState", "public"."doctors"."isActive", "public"."doctors"."createdAt", "public"."doctors"."updatedAt"

      at Object.Kl (../node_modules/@prisma/internals/src/logger.ts:13:11)

  console.log
    prisma:query INSERT INTO "public"."users" ("id","email","password","firstName","lastName","phone","isActive","role","createdAt","updatedAt") VALUES ($1,$2,$3,$4,$5,$6,$7,CAST($8::text AS "public"."UserRole"),$9,$10) RETURNING "public"."users"."id", "public"."users"."email", "public"."users"."password", "public"."users"."firstName", "public"."users"."lastName", "public"."users"."phone", "public"."users"."avatar", "public"."users"."isActive", "public"."users"."role"::text, "public"."users"."createdAt", "public"."users"."updatedAt"

      at Object.Kl (../node_modules/@prisma/internals/src/logger.ts:13:11)

  console.log
    prisma:query INSERT INTO "public"."units" ("id","name","type","cnpj","email","address","city","state","zipCode","isActive","createdAt","updatedAt") VALUES ($1,$2,CAST($3::text AS "public"."UnitType"),$4,$5,$6,$7,$8,$9,$10,$11,$12) RETURNING "public"."units"."id", "public"."units"."name", "public"."units"."type"::text, "public"."units"."cnpj", "public"."units"."phone", "public"."units"."email", "public"."units"."address", "public"."units"."city", "public"."units"."state", "public"."units"."zipCode", "public"."units"."isActive", "public"."units"."createdAt", "public"."units"."updatedAt"

      at Object.Kl (../node_modules/@prisma/internals/src/logger.ts:13:11)

  console.log
    prisma:query INSERT INTO "public"."doctors" ("id","userId","crm","crmState","isActive","createdAt","updatedAt") VALUES ($1,$2,$3,$4,$5,$6,$7) RETURNING "public"."doctors"."id", "public"."doctors"."userId", "public"."doctors"."crm", "public"."doctors"."crmState", "public"."doctors"."isActive", "public"."doctors"."createdAt", "public"."doctors"."updatedAt"

      at Object.Kl (../node_modules/@prisma/internals/src/logger.ts:13:11)

[31m[Nest] 133076  - [39m10/02/2026, 12:08:30 [31m  ERROR[39m [38;5;3m[GlobalExceptionFilter] [39m[31mHTTP 400 Error: Erro de valida├º├úo nos campos: 
unitId[39m
{"statusCode":400,"message":"Erro de valida├º├úo nos campos: unitId","errorCode":"VALIDATION_ERROR","timestamp":"2026-02-10T15:08:30.756Z","path":"/doctor-units"
,"method":"POST","context":{"errors":[{"field":"unitId","constraints":["unitId must be a string"]}]},"ip":"::ffff:127.0.0.1"}
  console.log
    prisma:query SELECT "public"."doctors"."id", "public"."doctors"."userId", "public"."doctors"."crm", "public"."doctors"."crmState", "public"."doctors"."isActive", "public"."doctors"."createdAt", "public"."doctors"."updatedAt" FROM "public"."doctors" WHERE ("public"."doctors"."id" = $1 AND "public"."doctors"."isActive" = $2) LIMIT $3 OFFSET $4

      at Object.Kl (../node_modules/@prisma/internals/src/logger.ts:13:11)

  console.log
    prisma:query SELECT "public"."users"."id", "public"."users"."email", "public"."users"."password", "public"."users"."firstName", "public"."users"."lastName", "public"."users"."phone", "public"."users"."avatar", "public"."users"."isActive", "public"."users"."role"::text, "public"."users"."createdAt", "public"."users"."updatedAt" FROM "public"."users" WHERE "public"."users"."id" IN ($1) OFFSET $2

      at Object.Kl (../node_modules/@prisma/internals/src/logger.ts:13:11)
          at async Promise.all (index 0)

  console.log
    prisma:query SELECT "public"."doctor_units"."id", "public"."doctor_units"."doctorId", "public"."doctor_units"."unitId", "public"."doctor_units"."consultationPrice", "public"."doctor_units"."isPrimary", "public"."doctor_units"."isActive", "public"."doctor_units"."createdAt" FROM "public"."doctor_units" WHERE ("public"."doctor_units"."isActive" = $1 AND "public"."doctor_units"."doctorId" IN ($2)) OFFSET $3

      at Object.Kl (../node_modules/@prisma/internals/src/logger.ts:13:11)
          at async Promise.all (index 1)

  console.log
    prisma:query SELECT "public"."units"."id", "public"."units"."name", "public"."units"."type"::text, "public"."units"."cnpj", "public"."units"."phone", "public"."units"."email", "public"."units"."address", "public"."units"."city", "public"."units"."state", "public"."units"."zipCode", "public"."units"."isActive", "public"."units"."createdAt", "public"."units"."updatedAt" FROM "public"."units" WHERE "public"."units"."id" IN (NULL) OFFSET $1

      at Object.Kl (../node_modules/@prisma/internals/src/logger.ts:13:11)
          at async Promise.all (index 0)
          at async Promise.all (index 1)

  console.log
    prisma:query INSERT INTO "public"."security_logs" ("id","event","severity","description","metadata","timestamp") VALUES ($1,$2,CAST($3::text AS "public"."SecurityLevel"),$4,$5,$6) RETURNING "public"."security_logs"."id", "public"."security_logs"."event", "public"."security_logs"."severity"::text, "public"."security_logs"."description", "public"."security_logs"."userId", "public"."security_logs"."ip", "public"."security_logs"."userAgent", "public"."security_logs"."metadata", "public"."security_logs"."timestamp"

      at Object.Kl (../node_modules/@prisma/internals/src/logger.ts:13:11)

  console.log
    Security event logged: APPLICATION_FAILURE - HIGH

      at MetricsCollectorService.logSecurityEvent (../src/shared/monitoring/metrics-collector.service.ts:107:15)

  console.error
    ÔØî APPLICATION FAILURE: POST /doctor-units - Erro de valida├º├úo nos campos: unitId

    [0m [90m 59 |[39m       })[33m;[39m
     [90m 60 |[39m
    [31m[1m>[22m[39m[90m 61 |[39m       console[33m.[39merror(
     [90m    |[39m               [31m[1m^[22m[39m
     [90m 62 |[39m         [32m`ÔØî APPLICATION FAILURE: ${failure.operation} - ${failure.error}`[39m[33m,[39m
     [90m 63 |[39m       )[33m;[39m
     [90m 64 |[39m     } [36mcatch[39m (error) {[0m

      at SystemHealthService.logApplicationFailure (../src/shared/monitoring/system-health.service.ts:61:15)
      at GlobalExceptionFilter.logErrorToMonitoringSystem (../src/shared/execeptions/filters/global-exception.filter.ts:132:9)
      at GlobalExceptionFilter.catch (../src/shared/execeptions/filters/global-exception.filter.ts:80:5)

  console.log
    prisma:query DELETE FROM "public"."doctors" WHERE "public"."doctors"."crm"::text LIKE $1

      at Object.Kl (../node_modules/@prisma/internals/src/logger.ts:13:11)

  console.log
    prisma:query DELETE FROM "public"."users" WHERE "public"."users"."email"::text LIKE $1

      at Object.Kl (../node_modules/@prisma/internals/src/logger.ts:13:11)

  console.log
    prisma:query INSERT INTO "public"."error_logs" ("id","errorType","errorMessage","stackTrace","userId","context","timestamp","resolved") VALUES ($1,$2,$3,$4,$5,$6,$7,$8) RETURNING "public"."error_logs"."id", "public"."error_logs"."errorType", "public"."error_logs"."errorMessage", "public"."error_logs"."stackTrace", "public"."error_logs"."userId", "public"."error_logs"."requestId", "public"."error_logs"."context", "public"."error_logs"."metadata", "public"."error_logs"."timestamp", "public"."error_logs"."resolved", "public"."error_logs"."resolvedAt", "public"."error_logs"."resolvedBy"

      at Object.Kl (../node_modules/@prisma/internals/src/logger.ts:13:11)

  console.error
    Error logged: VALIDATION_ERROR - Erro de valida├º├úo nos campos: unitId

    [0m [90m 157 |[39m         }[33m,[39m
     [90m 158 |[39m       })[33m;[39m
    [31m[1m>[22m[39m[90m 159 |[39m       console[33m.[39merror([32m`Error logged: ${data.errorType} - ${data.errorMessage}`[39m)[33m;[39m
     [90m     |[39m               [31m[1m^[22m[39m
     [90m 160 |[39m     } [36mcatch[39m (error) {
     [90m 161 |[39m       console[33m.[39merror([32m'Failed to log error:'[39m[33m,[39m error)[33m;[39m
     [90m 162 |[39m     }[0m

      at MetricsCollectorService.logError (../src/shared/monitoring/metrics-collector.service.ts:159:15)
      at GlobalExceptionFilter.logErrorToMonitoringSystem (../src/shared/execeptions/filters/global-exception.filter.ts:174:7)
      at GlobalExceptionFilter.catch (../src/shared/execeptions/filters/global-exception.filter.ts:80:5)

  console.log
    prisma:query DELETE FROM "public"."doctor_units" WHERE EXISTS(SELECT "t0"."id" FROM "public"."doctors" AS "t0" WHERE ("t0"."crm"::text LIKE $1 AND ("public"."doctor_units"."doctorId") = ("t0"."id") AND "t0"."id" IS NOT NULL))

      at Object.Kl (../node_modules/@prisma/internals/src/logger.ts:13:11)

  console.log
    prisma:query DELETE FROM "public"."doctors" WHERE "public"."doctors"."crm"::text LIKE $1

      at Object.Kl (../node_modules/@prisma/internals/src/logger.ts:13:11)

  console.log
    prisma:query DELETE FROM "public"."units" WHERE "public"."units"."name"::text LIKE $1

      at Object.Kl (../node_modules/@prisma/internals/src/logger.ts:13:11)

  console.log
    prisma:query DELETE FROM "public"."users" WHERE "public"."users"."email"::text LIKE $1

      at Object.Kl (../node_modules/@prisma/internals/src/logger.ts:13:11)

FAIL test/e2e/doctors.e2e-spec.ts (5.103 s)
  Doctors API (e2e)
    POST /doctors
      ├ù should create a new doctor with valid data (297 ms)
      ÔêÜ should create a doctor with CRM state false (76 ms)
      ÔêÜ should create an inactive doctor (63 ms)
      ÔêÜ should return 400 for missing required fields (43 ms)
      ├ù should return 404 for non-existent userId (36 ms)
      ├ù should return 409 for duplicate CRM (90 ms)
      ├ù should return 409 for duplicate userId (148 ms)
    GET /doctors/:id
      ├ù should return doctor by id (35 ms)
      ÔêÜ should return 404 for non-existent doctor (47 ms)
      ├ù should return doctor with user information (34 ms)

  ÔùÅ Doctors API (e2e) ÔÇ║ POST /doctors ÔÇ║ should create a new doctor with valid data

    expect(received).toMatchObject(expected)

    - Expected  - 1
    + Received  + 0

      Object {
        "crm": "test-e2e-doctor-CRM123456",
        "crmState": true,
        "isActive": true,
    -   "userId": "cmlgqk6wm0000rsdocylgnpm6",
      }

    [0m [90m 105 |[39m         [33m.[39mexpect([35m201[39m)[33m;[39m
     [90m 106 |[39m
    [31m[1m>[22m[39m[90m 107 |[39m       expect(response[33m.[39mbody)[33m.[39mtoMatchObject({
     [90m     |[39m                             [31m[1m^[22m[39m
     [90m 108 |[39m         crm[33m:[39m createDoctorDto[33m.[39mcrm[33m,[39m
     [90m 109 |[39m         crmState[33m:[39m createDoctorDto[33m.[39mcrmState[33m,[39m
     [90m 110 |[39m         isActive[33m:[39m createDoctorDto[33m.[39misActive[33m,[39m[0m

      at Object.<anonymous> (e2e/doctors.e2e-spec.ts:107:29)

  ÔùÅ Doctors API (e2e) ÔÇ║ POST /doctors ÔÇ║ should return 404 for non-existent userId

    expected 404 "Not Found", got 500 "Internal Server Error"

    [0m [90m 197 |[39m         [33m.[39mpost([32m'/doctors'[39m)
     [90m 198 |[39m         [33m.[39msend(createDoctorDto)
    [31m[1m>[22m[39m[90m 199 |[39m         [33m.[39mexpect([35m404[39m)[33m;[39m
     [90m     |[39m          [31m[1m^[22m[39m
     [90m 200 |[39m     })[33m;[39m
     [90m 201 |[39m
     [90m 202 |[39m     it([32m'should return 409 for duplicate CRM'[39m[33m,[39m [36masync[39m () [33m=>[39m {[0m

      at Object.<anonymous> (e2e/doctors.e2e-spec.ts:199:10)
      ----
      at Test._assertStatus (../node_modules/supertest/lib/test.js:252:14)
      at ../node_modules/supertest/lib/test.js:308:13
      at Test._assertFunction (../node_modules/supertest/lib/test.js:285:13)
      at Test.assert (../node_modules/supertest/lib/test.js:164:23)
      at Server.localAssert (../node_modules/supertest/lib/test.js:120:14)

  ÔùÅ Doctors API (e2e) ÔÇ║ POST /doctors ÔÇ║ should return 409 for duplicate CRM

    expected 409 "Conflict", got 500 "Internal Server Error"

    [0m [90m 246 |[39m         [33m.[39mpost([32m'/doctors'[39m)
     [90m 247 |[39m         [33m.[39msend(duplicateDoctorDto)
    [31m[1m>[22m[39m[90m 248 |[39m         [33m.[39mexpect([35m409[39m)[33m;[39m
     [90m     |[39m          [31m[1m^[22m[39m
     [90m 249 |[39m     })[33m;[39m
     [90m 250 |[39m
     [90m 251 |[39m     it([32m'should return 409 for duplicate userId'[39m[33m,[39m [36masync[39m () [33m=>[39m {[0m

      at Object.<anonymous> (e2e/doctors.e2e-spec.ts:248:10)
      ----
      at Test._assertStatus (../node_modules/supertest/lib/test.js:252:14)
      at ../node_modules/supertest/lib/test.js:308:13
      at Test._assertFunction (../node_modules/supertest/lib/test.js:285:13)
      at Test.assert (../node_modules/supertest/lib/test.js:164:23)
      at Server.localAssert (../node_modules/supertest/lib/test.js:120:14)

  ÔùÅ Doctors API (e2e) ÔÇ║ POST /doctors ÔÇ║ should return 409 for duplicate userId

    expected 409 "Conflict", got 500 "Internal Server Error"

    [0m [90m 285 |[39m         [33m.[39mpost([32m'/doctors'[39m)
     [90m 286 |[39m         [33m.[39msend(duplicateDoctorDto)
    [31m[1m>[22m[39m[90m 287 |[39m         [33m.[39mexpect([35m409[39m)[33m;[39m
     [90m     |[39m          [31m[1m^[22m[39m
     [90m 288 |[39m     })[33m;[39m
     [90m 289 |[39m   })[33m;[39m
     [90m 290 |[39m[0m

      at Object.<anonymous> (e2e/doctors.e2e-spec.ts:287:10)
      ----
      at Test._assertStatus (../node_modules/supertest/lib/test.js:252:14)
      at ../node_modules/supertest/lib/test.js:308:13
      at Test._assertFunction (../node_modules/supertest/lib/test.js:285:13)
      at Test.assert (../node_modules/supertest/lib/test.js:164:23)
      at Server.localAssert (../node_modules/supertest/lib/test.js:120:14)

  ÔùÅ Doctors API (e2e) ÔÇ║ GET /doctors/:id ÔÇ║ should return doctor by id

    expect(received).toMatchObject(expected)

    - Expected  - 1
    + Received  + 0

      Object {
        "crm": "test-e2e-doctor-CRM888888",
        "crmState": true,
        "id": "cmlgqk7d9000orsdoe6sojzp7",
        "isActive": true,
    -   "userId": "cmlgqk7d4000nrsdouk1qbgl2",
      }

    [0m [90m 322 |[39m         [33m.[39mexpect([35m200[39m)[33m;[39m
     [90m 323 |[39m
    [31m[1m>[22m[39m[90m 324 |[39m       expect(response[33m.[39mbody)[33m.[39mtoMatchObject({
     [90m     |[39m                             [31m[1m^[22m[39m
     [90m 325 |[39m         id[33m:[39m createdDoctorId[33m,[39m
     [90m 326 |[39m         crm[33m:[39m [32m'test-e2e-doctor-CRM888888'[39m[33m,[39m
     [90m 327 |[39m         crmState[33m:[39m [36mtrue[39m[33m,[39m[0m

      at Object.<anonymous> (e2e/doctors.e2e-spec.ts:324:29)

  ÔùÅ Doctors API (e2e) ÔÇ║ GET /doctors/:id ÔÇ║ should return doctor with user information

    expect(received).toBe(expected) // Object.is equality

    Expected: "cmlgqk7fd000trsdo7mxcwqs8"
    Received: undefined

    [0m [90m 349 |[39m       expect(response[33m.[39mbody[33m.[39mid)[33m.[39mtoBe(createdDoctorId)[33m;[39m
     [90m 350 |[39m       [90m// Depending on your DTO, it might include user information[39m
    [31m[1m>[22m[39m[90m 351 |[39m       expect(response[33m.[39mbody[33m.[39muserId)[33m.[39mtoBe(createdUserId)[33m;[39m
     [90m     |[39m                                    [31m[1m^[22m[39m
     [90m 352 |[39m     })[33m;[39m
     [90m 353 |[39m   })[33m;[39m
     [90m 354 |[39m })[33m;[39m[0m

      at Object.<anonymous> (e2e/doctors.e2e-spec.ts:351:36)

  console.log
    prisma:query INSERT INTO "public"."users" ("id","email","password","firstName","lastName","isActive","role","createdAt","updatedAt") VALUES ($1,$2,$3,$4,$5,$6,CAST($7::text AS "public"."UserRole"),$8,$9) RETURNING "public"."users"."id", "public"."users"."email", "public"."users"."password", "public"."users"."firstName", "public"."users"."lastName", "public"."users"."phone", "public"."users"."avatar", "public"."users"."isActive", "public"."users"."role"::text, "public"."users"."createdAt", "public"."users"."updatedAt"

      at Object.Kl (../node_modules/@prisma/internals/src/logger.ts:13:11)

  console.log
    prisma:query INSERT INTO "public"."doctors" ("id","userId","crm","crmState","isActive","createdAt","updatedAt") VALUES ($1,$2,$3,$4,$5,$6,$7) RETURNING "public"."doctors"."id", "public"."doctors"."userId", "public"."doctors"."crm", "public"."doctors"."crmState", "public"."doctors"."isActive", "public"."doctors"."createdAt", "public"."doctors"."updatedAt"

      at Object.Kl (../node_modules/@prisma/internals/src/logger.ts:13:11)

  console.log
    prisma:query INSERT INTO "public"."units" ("id","name","type","cnpj","email","address","city","state","zipCode","isActive","createdAt","updatedAt") VALUES ($1,$2,CAST($3::text AS "public"."UnitType"),$4,$5,$6,$7,$8,$9,$10,$11,$12) RETURNING "public"."units"."id", "public"."units"."name", "public"."units"."type"::text, "public"."units"."cnpj", "public"."units"."phone", "public"."units"."email", "public"."units"."address", "public"."units"."city", "public"."units"."state", "public"."units"."zipCode", "public"."units"."isActive", "public"."units"."createdAt", "public"."units"."updatedAt"

      at Object.Kl (../node_modules/@prisma/internals/src/logger.ts:13:11)

  console.log
    prisma:query SELECT "public"."doctors"."id", "public"."doctors"."userId", "public"."doctors"."crm", "public"."doctors"."crmState", "public"."doctors"."isActive", "public"."doctors"."createdAt", "public"."doctors"."updatedAt" FROM "public"."doctors" WHERE ("public"."doctors"."id" = $1 AND "public"."doctors"."isActive" = $2) LIMIT $3 OFFSET $4

      at Object.Kl (../node_modules/@prisma/internals/src/logger.ts:13:11)

  console.log
    prisma:query SELECT "public"."users"."id", "public"."users"."email", "public"."users"."password", "public"."users"."firstName", "public"."users"."lastName", "public"."users"."phone", "public"."users"."avatar", "public"."users"."isActive", "public"."users"."role"::text, "public"."users"."createdAt", "public"."users"."updatedAt" FROM "public"."users" WHERE "public"."users"."id" IN (NULL) OFFSET $1

      at Object.Kl (../node_modules/@prisma/internals/src/logger.ts:13:11)
          at async Promise.all (index 0)

  console.log
    prisma:query SELECT "public"."doctor_units"."id", "public"."doctor_units"."doctorId", "public"."doctor_units"."unitId", "public"."doctor_units"."consultationPrice", "public"."doctor_units"."isPrimary", "public"."doctor_units"."isActive", "public"."doctor_units"."createdAt" FROM "public"."doctor_units" WHERE ("public"."doctor_units"."isActive" = $1 AND "public"."doctor_units"."doctorId" IN (NULL)) OFFSET $2

      at Object.Kl (../node_modules/@prisma/internals/src/logger.ts:13:11)
          at async Promise.all (index 1)

  console.log
    prisma:query SELECT "public"."units"."id", "public"."units"."name", "public"."units"."type"::text, "public"."units"."cnpj", "public"."units"."phone", "public"."units"."email", "public"."units"."address", "public"."units"."city", "public"."units"."state", "public"."units"."zipCode", "public"."units"."isActive", "public"."units"."createdAt", "public"."units"."updatedAt" FROM "public"."units" WHERE "public"."units"."id" IN (NULL) OFFSET $1

      at Object.Kl (../node_modules/@prisma/internals/src/logger.ts:13:11)
          at async Promise.all (index 0)
          at async Promise.all (index 1)

[31m[Nest] 133076  - [39m10/02/2026, 12:08:30 [31m  ERROR[39m [38;5;3m[GlobalExceptionFilter] [39m[31mHTTP 400 Error: Erro de valida├º├úo nos campos: 
doctorId[39m
{"statusCode":400,"message":"Erro de valida├º├úo nos campos: doctorId","errorCode":"VALIDATION_ERROR","timestamp":"2026-02-10T15:08:30.833Z","path":"/doctor-unit
s","method":"POST","context":{"errors":[{"field":"doctorId","value":"non-existent-doctor-id","constraints":["M├®dico n├úo 
encontrado"]}]},"ip":"::ffff:127.0.0.1"}
  console.log
    prisma:query INSERT INTO "public"."security_logs" ("id","event","severity","description","metadata","timestamp") VALUES ($1,$2,CAST($3::text AS "public"."SecurityLevel"),$4,$5,$6) RETURNING "public"."security_logs"."id", "public"."security_logs"."event", "public"."security_logs"."severity"::text, "public"."security_logs"."description", "public"."security_logs"."userId", "public"."security_logs"."ip", "public"."security_logs"."userAgent", "public"."security_logs"."metadata", "public"."security_logs"."timestamp"

      at Object.Kl (../node_modules/@prisma/internals/src/logger.ts:13:11)

  console.log
    Security event logged: APPLICATION_FAILURE - HIGH

      at MetricsCollectorService.logSecurityEvent (../src/shared/monitoring/metrics-collector.service.ts:107:15)

  console.error
    ÔØî APPLICATION FAILURE: POST /doctor-units - Erro de valida├º├úo nos campos: doctorId

    [0m [90m 59 |[39m       })[33m;[39m
     [90m 60 |[39m
    [31m[1m>[22m[39m[90m 61 |[39m       console[33m.[39merror(
     [90m    |[39m               [31m[1m^[22m[39m
     [90m 62 |[39m         [32m`ÔØî APPLICATION FAILURE: ${failure.operation} - ${failure.error}`[39m[33m,[39m
     [90m 63 |[39m       )[33m;[39m
     [90m 64 |[39m     } [36mcatch[39m (error) {[0m

      at SystemHealthService.logApplicationFailure (../src/shared/monitoring/system-health.service.ts:61:15)
      at GlobalExceptionFilter.logErrorToMonitoringSystem (../src/shared/execeptions/filters/global-exception.filter.ts:132:9)
      at GlobalExceptionFilter.catch (../src/shared/execeptions/filters/global-exception.filter.ts:80:5)

  console.log
    prisma:query INSERT INTO "public"."error_logs" ("id","errorType","errorMessage","stackTrace","userId","context","timestamp","resolved") VALUES ($1,$2,$3,$4,$5,$6,$7,$8) RETURNING "public"."error_logs"."id", "public"."error_logs"."errorType", "public"."error_logs"."errorMessage", "public"."error_logs"."stackTrace", "public"."error_logs"."userId", "public"."error_logs"."requestId", "public"."error_logs"."context", "public"."error_logs"."metadata", "public"."error_logs"."timestamp", "public"."error_logs"."resolved", "public"."error_logs"."resolvedAt", "public"."error_logs"."resolvedBy"

      at Object.Kl (../node_modules/@prisma/internals/src/logger.ts:13:11)

  console.error
    Error logged: VALIDATION_ERROR - Erro de valida├º├úo nos campos: doctorId

    [0m [90m 157 |[39m         }[33m,[39m
     [90m 158 |[39m       })[33m;[39m
    [31m[1m>[22m[39m[90m 159 |[39m       console[33m.[39merror([32m`Error logged: ${data.errorType} - ${data.errorMessage}`[39m)[33m;[39m
     [90m     |[39m               [31m[1m^[22m[39m
     [90m 160 |[39m     } [36mcatch[39m (error) {
     [90m 161 |[39m       console[33m.[39merror([32m'Failed to log error:'[39m[33m,[39m error)[33m;[39m
     [90m 162 |[39m     }[0m

      at MetricsCollectorService.logError (../src/shared/monitoring/metrics-collector.service.ts:159:15)
      at GlobalExceptionFilter.logErrorToMonitoringSystem (../src/shared/execeptions/filters/global-exception.filter.ts:174:7)
      at GlobalExceptionFilter.catch (../src/shared/execeptions/filters/global-exception.filter.ts:80:5)

  console.log
    prisma:query DELETE FROM "public"."doctor_units" WHERE EXISTS(SELECT "t0"."id" FROM "public"."doctors" AS "t0" WHERE ("t0"."crm"::text LIKE $1 AND ("public"."doctor_units"."doctorId") = ("t0"."id") AND "t0"."id" IS NOT NULL))

      at Object.Kl (../node_modules/@prisma/internals/src/logger.ts:13:11)

  console.log
    prisma:query DELETE FROM "public"."doctors" WHERE "public"."doctors"."crm"::text LIKE $1

      at Object.Kl (../node_modules/@prisma/internals/src/logger.ts:13:11)

  console.log
    prisma:query DELETE FROM "public"."units" WHERE "public"."units"."name"::text LIKE $1

      at Object.Kl (../node_modules/@prisma/internals/src/logger.ts:13:11)

  console.log
    prisma:query DELETE FROM "public"."users" WHERE "public"."users"."email"::text LIKE $1

      at Object.Kl (../node_modules/@prisma/internals/src/logger.ts:13:11)

  console.log
    prisma:query INSERT INTO "public"."users" ("id","email","password","firstName","lastName","isActive","role","createdAt","updatedAt") VALUES ($1,$2,$3,$4,$5,$6,CAST($7::text AS "public"."UserRole"),$8,$9) RETURNING "public"."users"."id", "public"."users"."email", "public"."users"."password", "public"."users"."firstName", "public"."users"."lastName", "public"."users"."phone", "public"."users"."avatar", "public"."users"."isActive", "public"."users"."role"::text, "public"."users"."createdAt", "public"."users"."updatedAt"

      at Object.Kl (../node_modules/@prisma/internals/src/logger.ts:13:11)

  console.log
    prisma:query INSERT INTO "public"."doctors" ("id","userId","crm","crmState","isActive","createdAt","updatedAt") VALUES ($1,$2,$3,$4,$5,$6,$7) RETURNING "public"."doctors"."id", "public"."doctors"."userId", "public"."doctors"."crm", "public"."doctors"."crmState", "public"."doctors"."isActive", "public"."doctors"."createdAt", "public"."doctors"."updatedAt"

      at Object.Kl (../node_modules/@prisma/internals/src/logger.ts:13:11)

  console.log
    prisma:query INSERT INTO "public"."units" ("id","name","type","cnpj","email","address","city","state","zipCode","isActive","createdAt","updatedAt") VALUES ($1,$2,CAST($3::text AS "public"."UnitType"),$4,$5,$6,$7,$8,$9,$10,$11,$12) RETURNING "public"."units"."id", "public"."units"."name", "public"."units"."type"::text, "public"."units"."cnpj", "public"."units"."phone", "public"."units"."email", "public"."units"."address", "public"."units"."city", "public"."units"."state", "public"."units"."zipCode", "public"."units"."isActive", "public"."units"."createdAt", "public"."units"."updatedAt"

      at Object.Kl (../node_modules/@prisma/internals/src/logger.ts:13:11)

  console.log
    prisma:query SELECT "public"."doctors"."id", "public"."doctors"."userId", "public"."doctors"."crm", "public"."doctors"."crmState", "public"."doctors"."isActive", "public"."doctors"."createdAt", "public"."doctors"."updatedAt" FROM "public"."doctors" WHERE ("public"."doctors"."id" = $1 AND "public"."doctors"."isActive" = $2) LIMIT $3 OFFSET $4

      at Object.Kl (../node_modules/@prisma/internals/src/logger.ts:13:11)

  console.log
    prisma:query SELECT "public"."doctor_units"."id", "public"."doctor_units"."doctorId", "public"."doctor_units"."unitId", "public"."doctor_units"."consultationPrice", "public"."doctor_units"."isPrimary", "public"."doctor_units"."isActive", "public"."doctor_units"."createdAt" FROM "public"."doctor_units" WHERE ("public"."doctor_units"."isActive" = $1 AND "public"."doctor_units"."doctorId" IN ($2)) OFFSET $3

      at Object.Kl (../node_modules/@prisma/internals/src/logger.ts:13:11)
          at async Promise.all (index 1)

  console.log
    prisma:query SELECT "public"."users"."id", "public"."users"."email", "public"."users"."password", "public"."users"."firstName", "public"."users"."lastName", "public"."users"."phone", "public"."users"."avatar", "public"."users"."isActive", "public"."users"."role"::text, "public"."users"."createdAt", "public"."users"."updatedAt" FROM "public"."users" WHERE "public"."users"."id" IN ($1) OFFSET $2

      at Object.Kl (../node_modules/@prisma/internals/src/logger.ts:13:11)
          at async Promise.all (index 0)

  console.log
    prisma:query SELECT "public"."units"."id", "public"."units"."name", "public"."units"."type"::text, "public"."units"."cnpj", "public"."units"."phone", "public"."units"."email", "public"."units"."address", "public"."units"."city", "public"."units"."state", "public"."units"."zipCode", "public"."units"."isActive", "public"."units"."createdAt", "public"."units"."updatedAt" FROM "public"."units" WHERE "public"."units"."id" IN (NULL) OFFSET $1

      at Object.Kl (../node_modules/@prisma/internals/src/logger.ts:13:11)
          at async Promise.all (index 0)
          at async Promise.all (index 1)

  console.log
    prisma:query SELECT "public"."units"."id", "public"."units"."name", "public"."units"."type"::text, "public"."units"."cnpj", "public"."units"."phone", "public"."units"."email", "public"."units"."address", "public"."units"."city", "public"."units"."state", "public"."units"."zipCode", "public"."units"."isActive", "public"."units"."createdAt", "public"."units"."updatedAt" FROM "public"."units" WHERE ("public"."units"."id" = $1 AND 1=1) LIMIT $2 OFFSET $3

      at Object.Kl (../node_modules/@prisma/internals/src/logger.ts:13:11)

[31m[Nest] 133076  - [39m10/02/2026, 12:08:30 [31m  ERROR[39m [38;5;3m[GlobalExceptionFilter] [39m[31mHTTP 400 Error: Unidade inv├ílida[39m
{"statusCode":400,"message":"Unidade inv├ílida","errorCode":"UNIT_INVALID","timestamp":"2026-02-10T15:08:30.891Z","path":"/doctor-units","method":"POST","context
":{"reason":"non-existent-unit-id"},"ip":"::ffff:127.0.0.1"}
  console.log
    prisma:query INSERT INTO "public"."security_logs" ("id","event","severity","description","metadata","timestamp") VALUES ($1,$2,CAST($3::text AS "public"."SecurityLevel"),$4,$5,$6) RETURNING "public"."security_logs"."id", "public"."security_logs"."event", "public"."security_logs"."severity"::text, "public"."security_logs"."description", "public"."security_logs"."userId", "public"."security_logs"."ip", "public"."security_logs"."userAgent", "public"."security_logs"."metadata", "public"."security_logs"."timestamp"

      at Object.Kl (../node_modules/@prisma/internals/src/logger.ts:13:11)

  console.log
    Security event logged: APPLICATION_FAILURE - HIGH

      at MetricsCollectorService.logSecurityEvent (../src/shared/monitoring/metrics-collector.service.ts:107:15)

  console.error
    ÔØî APPLICATION FAILURE: POST /doctor-units - Unidade inv├ílida

    [0m [90m 59 |[39m       })[33m;[39m
     [90m 60 |[39m
    [31m[1m>[22m[39m[90m 61 |[39m       console[33m.[39merror(
     [90m    |[39m               [31m[1m^[22m[39m
     [90m 62 |[39m         [32m`ÔØî APPLICATION FAILURE: ${failure.operation} - ${failure.error}`[39m[33m,[39m
     [90m 63 |[39m       )[33m;[39m
     [90m 64 |[39m     } [36mcatch[39m (error) {[0m

      at SystemHealthService.logApplicationFailure (../src/shared/monitoring/system-health.service.ts:61:15)
      at GlobalExceptionFilter.logErrorToMonitoringSystem (../src/shared/execeptions/filters/global-exception.filter.ts:132:9)
      at GlobalExceptionFilter.catch (../src/shared/execeptions/filters/global-exception.filter.ts:80:5)

  console.log
    prisma:query INSERT INTO "public"."error_logs" ("id","errorType","errorMessage","stackTrace","userId","context","timestamp","resolved") VALUES ($1,$2,$3,$4,$5,$6,$7,$8) RETURNING "public"."error_logs"."id", "public"."error_logs"."errorType", "public"."error_logs"."errorMessage", "public"."error_logs"."stackTrace", "public"."error_logs"."userId", "public"."error_logs"."requestId", "public"."error_logs"."context", "public"."error_logs"."metadata", "public"."error_logs"."timestamp", "public"."error_logs"."resolved", "public"."error_logs"."resolvedAt", "public"."error_logs"."resolvedBy"

      at Object.Kl (../node_modules/@prisma/internals/src/logger.ts:13:11)

  console.error
    Error logged: UNIT_INVALID - Unidade inv├ílida

    [0m [90m 157 |[39m         }[33m,[39m
     [90m 158 |[39m       })[33m;[39m
    [31m[1m>[22m[39m[90m 159 |[39m       console[33m.[39merror([32m`Error logged: ${data.errorType} - ${data.errorMessage}`[39m)[33m;[39m
     [90m     |[39m               [31m[1m^[22m[39m
     [90m 160 |[39m     } [36mcatch[39m (error) {
     [90m 161 |[39m       console[33m.[39merror([32m'Failed to log error:'[39m[33m,[39m error)[33m;[39m
     [90m 162 |[39m     }[0m

      at MetricsCollectorService.logError (../src/shared/monitoring/metrics-collector.service.ts:159:15)
      at GlobalExceptionFilter.logErrorToMonitoringSystem (../src/shared/execeptions/filters/global-exception.filter.ts:174:7)
      at GlobalExceptionFilter.catch (../src/shared/execeptions/filters/global-exception.filter.ts:80:5)

  console.log
    prisma:query DELETE FROM "public"."doctor_units" WHERE EXISTS(SELECT "t0"."id" FROM "public"."doctors" AS "t0" WHERE ("t0"."crm"::text LIKE $1 AND ("public"."doctor_units"."doctorId") = ("t0"."id") AND "t0"."id" IS NOT NULL))

      at Object.Kl (../node_modules/@prisma/internals/src/logger.ts:13:11)

  console.log
    prisma:query DELETE FROM "public"."doctors" WHERE "public"."doctors"."crm"::text LIKE $1

      at Object.Kl (../node_modules/@prisma/internals/src/logger.ts:13:11)

  console.log
    prisma:query DELETE FROM "public"."units" WHERE "public"."units"."name"::text LIKE $1

      at Object.Kl (../node_modules/@prisma/internals/src/logger.ts:13:11)

  console.log
    prisma:query DELETE FROM "public"."users" WHERE "public"."users"."email"::text LIKE $1

      at Object.Kl (../node_modules/@prisma/internals/src/logger.ts:13:11)

  console.log
    prisma:query INSERT INTO "public"."users" ("id","email","password","firstName","lastName","isActive","role","createdAt","updatedAt") VALUES ($1,$2,$3,$4,$5,$6,CAST($7::text AS "public"."UserRole"),$8,$9) RETURNING "public"."users"."id", "public"."users"."email", "public"."users"."password", "public"."users"."firstName", "public"."users"."lastName", "public"."users"."phone", "public"."users"."avatar", "public"."users"."isActive", "public"."users"."role"::text, "public"."users"."createdAt", "public"."users"."updatedAt"

      at Object.Kl (../node_modules/@prisma/internals/src/logger.ts:13:11)

  console.log
    prisma:query INSERT INTO "public"."doctors" ("id","userId","crm","crmState","isActive","createdAt","updatedAt") VALUES ($1,$2,$3,$4,$5,$6,$7) RETURNING "public"."doctors"."id", "public"."doctors"."userId", "public"."doctors"."crm", "public"."doctors"."crmState", "public"."doctors"."isActive", "public"."doctors"."createdAt", "public"."doctors"."updatedAt"

      at Object.Kl (../node_modules/@prisma/internals/src/logger.ts:13:11)

  console.log
    prisma:query INSERT INTO "public"."units" ("id","name","type","cnpj","email","address","city","state","zipCode","isActive","createdAt","updatedAt") VALUES ($1,$2,CAST($3::text AS "public"."UnitType"),$4,$5,$6,$7,$8,$9,$10,$11,$12) RETURNING "public"."units"."id", "public"."units"."name", "public"."units"."type"::text, "public"."units"."cnpj", "public"."units"."phone", "public"."units"."email", "public"."units"."address", "public"."units"."city", "public"."units"."state", "public"."units"."zipCode", "public"."units"."isActive", "public"."units"."createdAt", "public"."units"."updatedAt"

      at Object.Kl (../node_modules/@prisma/internals/src/logger.ts:13:11)

  console.log
    prisma:query SELECT "public"."doctors"."id", "public"."doctors"."userId", "public"."doctors"."crm", "public"."doctors"."crmState", "public"."doctors"."isActive", "public"."doctors"."createdAt", "public"."doctors"."updatedAt" FROM "public"."doctors" WHERE ("public"."doctors"."id" = $1 AND "public"."doctors"."isActive" = $2) LIMIT $3 OFFSET $4

      at Object.Kl (../node_modules/@prisma/internals/src/logger.ts:13:11)

  console.log
    prisma:query SELECT "public"."users"."id", "public"."users"."email", "public"."users"."password", "public"."users"."firstName", "public"."users"."lastName", "public"."users"."phone", "public"."users"."avatar", "public"."users"."isActive", "public"."users"."role"::text, "public"."users"."createdAt", "public"."users"."updatedAt" FROM "public"."users" WHERE "public"."users"."id" IN ($1) OFFSET $2

      at Object.Kl (../node_modules/@prisma/internals/src/logger.ts:13:11)
          at async Promise.all (index 0)

  console.log
    prisma:query SELECT "public"."doctor_units"."id", "public"."doctor_units"."doctorId", "public"."doctor_units"."unitId", "public"."doctor_units"."consultationPrice", "public"."doctor_units"."isPrimary", "public"."doctor_units"."isActive", "public"."doctor_units"."createdAt" FROM "public"."doctor_units" WHERE ("public"."doctor_units"."isActive" = $1 AND "public"."doctor_units"."doctorId" IN ($2)) OFFSET $3

      at Object.Kl (../node_modules/@prisma/internals/src/logger.ts:13:11)
          at async Promise.all (index 1)

  console.log
    prisma:query SELECT "public"."units"."id", "public"."units"."name", "public"."units"."type"::text, "public"."units"."cnpj", "public"."units"."phone", "public"."units"."email", "public"."units"."address", "public"."units"."city", "public"."units"."state", "public"."units"."zipCode", "public"."units"."isActive", "public"."units"."createdAt", "public"."units"."updatedAt" FROM "public"."units" WHERE "public"."units"."id" IN (NULL) OFFSET $1

      at Object.Kl (../node_modules/@prisma/internals/src/logger.ts:13:11)
          at async Promise.all (index 0)
          at async Promise.all (index 1)

  console.log
    prisma:query SELECT "public"."units"."id", "public"."units"."name", "public"."units"."type"::text, "public"."units"."cnpj", "public"."units"."phone", "public"."units"."email", "public"."units"."address", "public"."units"."city", "public"."units"."state", "public"."units"."zipCode", "public"."units"."isActive", "public"."units"."createdAt", "public"."units"."updatedAt" FROM "public"."units" WHERE ("public"."units"."id" = $1 AND 1=1) LIMIT $2 OFFSET $3

      at Object.Kl (../node_modules/@prisma/internals/src/logger.ts:13:11)

  console.log
    prisma:query INSERT INTO "public"."doctor_units" ("id","doctorId","unitId","consultationPrice","isPrimary","isActive","createdAt") VALUES ($1,$2,$3,$4,$5,$6,$7) RETURNING "public"."doctor_units"."id"

      at Object.Kl (../node_modules/@prisma/internals/src/logger.ts:13:11)

  console.log
    prisma:query SELECT "public"."doctor_units"."id", "public"."doctor_units"."doctorId", "public"."doctor_units"."unitId", "public"."doctor_units"."consultationPrice", "public"."doctor_units"."isPrimary", "public"."doctor_units"."isActive", "public"."doctor_units"."createdAt" FROM "public"."doctor_units" WHERE "public"."doctor_units"."id" = $1 LIMIT $2 OFFSET $3

      at Object.Kl (../node_modules/@prisma/internals/src/logger.ts:13:11)

  console.log
    prisma:query SELECT "public"."units"."id", "public"."units"."name", "public"."units"."type"::text, "public"."units"."city", "public"."units"."state" FROM "public"."units" WHERE "public"."units"."id" = $1 OFFSET $2

      at Object.Kl (../node_modules/@prisma/internals/src/logger.ts:13:11)
          at async Promise.all (index 0)

  console.log
    prisma:query COMMIT

      at Object.Kl (../node_modules/@prisma/internals/src/logger.ts:13:11)

  console.log
    prisma:query SELECT "public"."doctors"."id", "public"."doctors"."userId", "public"."doctors"."crm", "public"."doctors"."crmState", "public"."doctors"."isActive", "public"."doctors"."createdAt", "public"."doctors"."updatedAt" FROM "public"."doctors" WHERE ("public"."doctors"."id" = $1 AND "public"."doctors"."isActive" = $2) LIMIT $3 OFFSET $4

      at Object.Kl (../node_modules/@prisma/internals/src/logger.ts:13:11)

  console.log
    prisma:query SELECT "public"."users"."id", "public"."users"."email", "public"."users"."password", "public"."users"."firstName", "public"."users"."lastName", "public"."users"."phone", "public"."users"."avatar", "public"."users"."isActive", "public"."users"."role"::text, "public"."users"."createdAt", "public"."users"."updatedAt" FROM "public"."users" WHERE "public"."users"."id" IN ($1) OFFSET $2

      at Object.Kl (../node_modules/@prisma/internals/src/logger.ts:13:11)
          at async Promise.all (index 0)

  console.log
    prisma:query SELECT "public"."doctor_units"."id", "public"."doctor_units"."doctorId", "public"."doctor_units"."unitId", "public"."doctor_units"."consultationPrice", "public"."doctor_units"."isPrimary", "public"."doctor_units"."isActive", "public"."doctor_units"."createdAt" FROM "public"."doctor_units" WHERE ("public"."doctor_units"."isActive" = $1 AND "public"."doctor_units"."doctorId" IN ($2)) OFFSET $3

      at Object.Kl (../node_modules/@prisma/internals/src/logger.ts:13:11)
          at async Promise.all (index 1)

  console.log
    prisma:query SELECT "public"."units"."id", "public"."units"."name", "public"."units"."type"::text, "public"."units"."cnpj", "public"."units"."phone", "public"."units"."email", "public"."units"."address", "public"."units"."city", "public"."units"."state", "public"."units"."zipCode", "public"."units"."isActive", "public"."units"."createdAt", "public"."units"."updatedAt" FROM "public"."units" WHERE "public"."units"."id" IN ($1) OFFSET $2

      at Object.Kl (../node_modules/@prisma/internals/src/logger.ts:13:11)
          at async Promise.all (index 0)
          at async Promise.all (index 1)

  console.log
    prisma:query SELECT "public"."units"."id", "public"."units"."name", "public"."units"."type"::text, "public"."units"."cnpj", "public"."units"."phone", "public"."units"."email", "public"."units"."address", "public"."units"."city", "public"."units"."state", "public"."units"."zipCode", "public"."units"."isActive", "public"."units"."createdAt", "public"."units"."updatedAt" FROM "public"."units" WHERE ("public"."units"."id" = $1 AND 1=1) LIMIT $2 OFFSET $3

      at Object.Kl (../node_modules/@prisma/internals/src/logger.ts:13:11)

  console.log
    prisma:query ROLLBACK

      at Object.Kl (../node_modules/@prisma/internals/src/logger.ts:13:11)

  console.log
    prisma:error 
    Invalid `this.prisma.doctorUnit.create()` invocation in
    E:\vitalium-backend\src\infrastructure\repositories\doctor-unit\doctor-unit.repository.ts:20:53
    
      17   consultationPrice?: number;
      18   isPrimary?: boolean;
      19 }): Promise<DoctorUnit> {
    ÔåÆ 20   const doctorUnit = await this.prisma.doctorUnit.create(
    Unique constraint failed on the fields: (`"doctorId"`, `"unitId"`)

      at Object.Kl (../node_modules/@prisma/internals/src/logger.ts:13:11)

[31m[Nest] 133076  - [39m10/02/2026, 12:08:31 [31m  ERROR[39m [38;5;3m[GlobalExceptionFilter] [39m[31mHTTP 500 Error: Erro na opera├º├úo de banco de 
dados: criar associa├º├úo m├®dico-unidade[39m
{"statusCode":500,"message":"Erro na opera├º├úo de banco de dados: criar associa├º├úo 
m├®dico-unidade","errorCode":"DATABASE_ERROR","timestamp":"2026-02-10T15:08:31.021Z","path":"/doctor-units","method":"POST","context":{"operation":"criar 
associa├º├úo m├®dico-unidade","originalError":"\nInvalid `this.prisma.doctorUnit.create()` invocation 
in\nE:\\vitalium-backend\\src\\infrastructure\\repositories\\doctor-unit\\doctor-unit.repository.ts:20:53\n\n  17   consultationPrice?: number;\n  18   
isPrimary?: boolean;\n  19 }): Promise<DoctorUnit> {\nÔåÆ 20   const doctorUnit = await this.prisma.doctorUnit.create(\nUnique constraint failed on the fields: 
(`\"doctorId\"`, `\"unitId\"`)"},"ip":"::ffff:127.0.0.1"}
  console.log
    prisma:query INSERT INTO "public"."error_logs" ("id","errorType","errorMessage","stackTrace","userId","context","timestamp","resolved") VALUES ($1,$2,$3,$4,$5,$6,$7,$8) RETURNING "public"."error_logs"."id", "public"."error_logs"."errorType", "public"."error_logs"."errorMessage", "public"."error_logs"."stackTrace", "public"."error_logs"."userId", "public"."error_logs"."requestId", "public"."error_logs"."context", "public"."error_logs"."metadata", "public"."error_logs"."timestamp", "public"."error_logs"."resolved", "public"."error_logs"."resolvedAt", "public"."error_logs"."resolvedBy"

      at Object.Kl (../node_modules/@prisma/internals/src/logger.ts:13:11)

  console.error
    Error logged: DATABASE_ERROR - HTTP 500: Erro na opera├º├úo de banco de dados: criar associa├º├úo m├®dico-unidade

    [0m [90m 157 |[39m         }[33m,[39m
     [90m 158 |[39m       })[33m;[39m
    [31m[1m>[22m[39m[90m 159 |[39m       console[33m.[39merror([32m`Error logged: ${data.errorType} - ${data.errorMessage}`[39m)[33m;[39m
     [90m     |[39m               [31m[1m^[22m[39m
     [90m 160 |[39m     } [36mcatch[39m (error) {
     [90m 161 |[39m       console[33m.[39merror([32m'Failed to log error:'[39m[33m,[39m error)[33m;[39m
     [90m 162 |[39m     }[0m

      at MetricsCollectorService.logError (../src/shared/monitoring/metrics-collector.service.ts:159:15)
      at SystemHealthService.logCriticalError (../src/shared/monitoring/system-health.service.ts:18:7)
      at GlobalExceptionFilter.logErrorToMonitoringSystem (../src/shared/execeptions/filters/global-exception.filter.ts:115:9)
      at GlobalExceptionFilter.catch (../src/shared/execeptions/filters/global-exception.filter.ts:80:5)

  console.log
    prisma:query INSERT INTO "public"."security_logs" ("id","event","severity","description","metadata","timestamp") VALUES ($1,$2,CAST($3::text AS "public"."SecurityLevel"),$4,$5,$6) RETURNING "public"."security_logs"."id", "public"."security_logs"."event", "public"."security_logs"."severity"::text, "public"."security_logs"."description", "public"."security_logs"."userId", "public"."security_logs"."ip", "public"."security_logs"."userAgent", "public"."security_logs"."metadata", "public"."security_logs"."timestamp"

      at Object.Kl (../node_modules/@prisma/internals/src/logger.ts:13:11)

  console.log
    Security event logged: CRITICAL_APPLICATION_ERROR - CRITICAL

      at MetricsCollectorService.logSecurityEvent (../src/shared/monitoring/metrics-collector.service.ts:107:15)

  console.error
    ­ƒÜ¿ CRITICAL ERROR: DATABASE_ERROR - HTTP 500: Erro na opera├º├úo de banco de dados: criar associa├º├úo m├®dico-unidade

    [0m [90m 37 |[39m       })[33m;[39m
     [90m 38 |[39m
    [31m[1m>[22m[39m[90m 39 |[39m       console[33m.[39merror([32m`­ƒÜ¿ CRITICAL ERROR: ${error.type} - ${error.message}`[39m)[33m;[39m
     [90m    |[39m               [31m[1m^[22m[39m
     [90m 40 |[39m     } [36mcatch[39m (logError) {
     [90m 41 |[39m       console[33m.[39merror([32m'Failed to log critical error:'[39m[33m,[39m logError)[33m;[39m
     [90m 42 |[39m     }[0m

      at SystemHealthService.logCriticalError (../src/shared/monitoring/system-health.service.ts:39:15)
      at GlobalExceptionFilter.logErrorToMonitoringSystem (../src/shared/execeptions/filters/global-exception.filter.ts:115:9)
      at GlobalExceptionFilter.catch (../src/shared/execeptions/filters/global-exception.filter.ts:80:5)

  console.log
    prisma:query INSERT INTO "public"."error_logs" ("id","errorType","errorMessage","stackTrace","userId","context","timestamp","resolved") VALUES ($1,$2,$3,$4,$5,$6,$7,$8) RETURNING "public"."error_logs"."id", "public"."error_logs"."errorType", "public"."error_logs"."errorMessage", "public"."error_logs"."stackTrace", "public"."error_logs"."userId", "public"."error_logs"."requestId", "public"."error_logs"."context", "public"."error_logs"."metadata", "public"."error_logs"."timestamp", "public"."error_logs"."resolved", "public"."error_logs"."resolvedAt", "public"."error_logs"."resolvedBy"

      at Object.Kl (../node_modules/@prisma/internals/src/logger.ts:13:11)

  console.error
    Error logged: DATABASE_ERROR - Erro na opera├º├úo de banco de dados: criar associa├º├úo m├®dico-unidade

    [0m [90m 157 |[39m         }[33m,[39m
     [90m 158 |[39m       })[33m;[39m
    [31m[1m>[22m[39m[90m 159 |[39m       console[33m.[39merror([32m`Error logged: ${data.errorType} - ${data.errorMessage}`[39m)[33m;[39m
     [90m     |[39m               [31m[1m^[22m[39m
     [90m 160 |[39m     } [36mcatch[39m (error) {
     [90m 161 |[39m       console[33m.[39merror([32m'Failed to log error:'[39m[33m,[39m error)[33m;[39m
     [90m 162 |[39m     }[0m

      at MetricsCollectorService.logError (../src/shared/monitoring/metrics-collector.service.ts:159:15)
      at GlobalExceptionFilter.logErrorToMonitoringSystem (../src/shared/execeptions/filters/global-exception.filter.ts:174:7)
      at GlobalExceptionFilter.catch (../src/shared/execeptions/filters/global-exception.filter.ts:80:5)

  console.log
    prisma:query DELETE FROM "public"."doctor_units" WHERE EXISTS(SELECT "t0"."id" FROM "public"."doctors" AS "t0" WHERE ("t0"."crm"::text LIKE $1 AND ("public"."doctor_units"."doctorId") = ("t0"."id") AND "t0"."id" IS NOT NULL))

      at Object.Kl (../node_modules/@prisma/internals/src/logger.ts:13:11)

  console.log
    prisma:query DELETE FROM "public"."doctors" WHERE "public"."doctors"."crm"::text LIKE $1

      at Object.Kl (../node_modules/@prisma/internals/src/logger.ts:13:11)

  console.log
    prisma:query DELETE FROM "public"."units" WHERE "public"."units"."name"::text LIKE $1

      at Object.Kl (../node_modules/@prisma/internals/src/logger.ts:13:11)

  console.log
    prisma:query DELETE FROM "public"."users" WHERE "public"."users"."email"::text LIKE $1

      at Object.Kl (../node_modules/@prisma/internals/src/logger.ts:13:11)

  console.log
    prisma:query INSERT INTO "public"."users" ("id","email","password","firstName","lastName","isActive","role","createdAt","updatedAt") VALUES ($1,$2,$3,$4,$5,$6,CAST($7::text AS "public"."UserRole"),$8,$9) RETURNING "public"."users"."id", "public"."users"."email", "public"."users"."password", "public"."users"."firstName", "public"."users"."lastName", "public"."users"."phone", "public"."users"."avatar", "public"."users"."isActive", "public"."users"."role"::text, "public"."users"."createdAt", "public"."users"."updatedAt"

      at Object.Kl (../node_modules/@prisma/internals/src/logger.ts:13:11)

  console.log
    prisma:query INSERT INTO "public"."doctors" ("id","userId","crm","crmState","isActive","createdAt","updatedAt") VALUES ($1,$2,$3,$4,$5,$6,$7) RETURNING "public"."doctors"."id", "public"."doctors"."userId", "public"."doctors"."crm", "public"."doctors"."crmState", "public"."doctors"."isActive", "public"."doctors"."createdAt", "public"."doctors"."updatedAt"

      at Object.Kl (../node_modules/@prisma/internals/src/logger.ts:13:11)

  console.log
    prisma:query INSERT INTO "public"."units" ("id","name","type","cnpj","email","address","city","state","zipCode","isActive","createdAt","updatedAt") VALUES ($1,$2,CAST($3::text AS "public"."UnitType"),$4,$5,$6,$7,$8,$9,$10,$11,$12) RETURNING "public"."units"."id", "public"."units"."name", "public"."units"."type"::text, "public"."units"."cnpj", "public"."units"."phone", "public"."units"."email", "public"."units"."address", "public"."units"."city", "public"."units"."state", "public"."units"."zipCode", "public"."units"."isActive", "public"."units"."createdAt", "public"."units"."updatedAt"

      at Object.Kl (../node_modules/@prisma/internals/src/logger.ts:13:11)

  console.log
    prisma:query INSERT INTO "public"."units" ("id","name","type","cnpj","email","address","city","state","zipCode","isActive","createdAt","updatedAt") VALUES ($1,$2,CAST($3::text AS "public"."UnitType"),$4,$5,$6,$7,$8,$9,$10,$11,$12) RETURNING "public"."units"."id", "public"."units"."name", "public"."units"."type"::text, "public"."units"."cnpj", "public"."units"."phone", "public"."units"."email", "public"."units"."address", "public"."units"."city", "public"."units"."state", "public"."units"."zipCode", "public"."units"."isActive", "public"."units"."createdAt", "public"."units"."updatedAt"

      at Object.Kl (../node_modules/@prisma/internals/src/logger.ts:13:11)

  console.log
    prisma:query SELECT "public"."doctors"."id", "public"."doctors"."userId", "public"."doctors"."crm", "public"."doctors"."crmState", "public"."doctors"."isActive", "public"."doctors"."createdAt", "public"."doctors"."updatedAt" FROM "public"."doctors" WHERE ("public"."doctors"."id" = $1 AND "public"."doctors"."isActive" = $2) LIMIT $3 OFFSET $4

      at Object.Kl (../node_modules/@prisma/internals/src/logger.ts:13:11)

  console.log
    prisma:query SELECT "public"."doctor_units"."id", "public"."doctor_units"."doctorId", "public"."doctor_units"."unitId", "public"."doctor_units"."consultationPrice", "public"."doctor_units"."isPrimary", "public"."doctor_units"."isActive", "public"."doctor_units"."createdAt" FROM "public"."doctor_units" WHERE ("public"."doctor_units"."isActive" = $1 AND "public"."doctor_units"."doctorId" IN ($2)) OFFSET $3

      at Object.Kl (../node_modules/@prisma/internals/src/logger.ts:13:11)
          at async Promise.all (index 1)

  console.log
    prisma:query SELECT "public"."users"."id", "public"."users"."email", "public"."users"."password", "public"."users"."firstName", "public"."users"."lastName", "public"."users"."phone", "public"."users"."avatar", "public"."users"."isActive", "public"."users"."role"::text, "public"."users"."createdAt", "public"."users"."updatedAt" FROM "public"."users" WHERE "public"."users"."id" IN ($1) OFFSET $2

      at Object.Kl (../node_modules/@prisma/internals/src/logger.ts:13:11)
          at async Promise.all (index 0)

  console.log
    prisma:query SELECT "public"."units"."id", "public"."units"."name", "public"."units"."type"::text, "public"."units"."cnpj", "public"."units"."phone", "public"."units"."email", "public"."units"."address", "public"."units"."city", "public"."units"."state", "public"."units"."zipCode", "public"."units"."isActive", "public"."units"."createdAt", "public"."units"."updatedAt" FROM "public"."units" WHERE "public"."units"."id" IN (NULL) OFFSET $1

      at Object.Kl (../node_modules/@prisma/internals/src/logger.ts:13:11)
          at async Promise.all (index 0)
          at async Promise.all (index 1)

  console.log
    prisma:query SELECT "public"."units"."id", "public"."units"."name", "public"."units"."type"::text, "public"."units"."cnpj", "public"."units"."phone", "public"."units"."email", "public"."units"."address", "public"."units"."city", "public"."units"."state", "public"."units"."zipCode", "public"."units"."isActive", "public"."units"."createdAt", "public"."units"."updatedAt" FROM "public"."units" WHERE ("public"."units"."id" = $1 AND 1=1) LIMIT $2 OFFSET $3

      at Object.Kl (../node_modules/@prisma/internals/src/logger.ts:13:11)

  console.log
    prisma:query INSERT INTO "public"."doctor_units" ("id","doctorId","unitId","consultationPrice","isPrimary","isActive","createdAt") VALUES ($1,$2,$3,$4,$5,$6,$7) RETURNING "public"."doctor_units"."id"

      at Object.Kl (../node_modules/@prisma/internals/src/logger.ts:13:11)

  console.log
    prisma:query SELECT "public"."doctor_units"."id", "public"."doctor_units"."doctorId", "public"."doctor_units"."unitId", "public"."doctor_units"."consultationPrice", "public"."doctor_units"."isPrimary", "public"."doctor_units"."isActive", "public"."doctor_units"."createdAt" FROM "public"."doctor_units" WHERE "public"."doctor_units"."id" = $1 LIMIT $2 OFFSET $3

      at Object.Kl (../node_modules/@prisma/internals/src/logger.ts:13:11)

  console.log
    prisma:query SELECT "public"."units"."id", "public"."units"."name", "public"."units"."type"::text, "public"."units"."city", "public"."units"."state" FROM "public"."units" WHERE "public"."units"."id" = $1 OFFSET $2

      at Object.Kl (../node_modules/@prisma/internals/src/logger.ts:13:11)
          at async Promise.all (index 0)

  console.log
    prisma:query COMMIT

      at Object.Kl (../node_modules/@prisma/internals/src/logger.ts:13:11)

  console.log
    prisma:query SELECT "public"."doctors"."id", "public"."doctors"."userId", "public"."doctors"."crm", "public"."doctors"."crmState", "public"."doctors"."isActive", "public"."doctors"."createdAt", "public"."doctors"."updatedAt" FROM "public"."doctors" WHERE ("public"."doctors"."id" = $1 AND "public"."doctors"."isActive" = $2) LIMIT $3 OFFSET $4

      at Object.Kl (../node_modules/@prisma/internals/src/logger.ts:13:11)

  console.log
    prisma:query SELECT "public"."users"."id", "public"."users"."email", "public"."users"."password", "public"."users"."firstName", "public"."users"."lastName", "public"."users"."phone", "public"."users"."avatar", "public"."users"."isActive", "public"."users"."role"::text, "public"."users"."createdAt", "public"."users"."updatedAt" FROM "public"."users" WHERE "public"."users"."id" IN ($1) OFFSET $2

      at Object.Kl (../node_modules/@prisma/internals/src/logger.ts:13:11)
          at async Promise.all (index 0)

  console.log
    prisma:query SELECT "public"."doctor_units"."id", "public"."doctor_units"."doctorId", "public"."doctor_units"."unitId", "public"."doctor_units"."consultationPrice", "public"."doctor_units"."isPrimary", "public"."doctor_units"."isActive", "public"."doctor_units"."createdAt" FROM "public"."doctor_units" WHERE ("public"."doctor_units"."isActive" = $1 AND "public"."doctor_units"."doctorId" IN ($2)) OFFSET $3

      at Object.Kl (../node_modules/@prisma/internals/src/logger.ts:13:11)
          at async Promise.all (index 1)

  console.log
    prisma:query SELECT "public"."units"."id", "public"."units"."name", "public"."units"."type"::text, "public"."units"."cnpj", "public"."units"."phone", "public"."units"."email", "public"."units"."address", "public"."units"."city", "public"."units"."state", "public"."units"."zipCode", "public"."units"."isActive", "public"."units"."createdAt", "public"."units"."updatedAt" FROM "public"."units" WHERE "public"."units"."id" IN ($1) OFFSET $2

      at Object.Kl (../node_modules/@prisma/internals/src/logger.ts:13:11)
          at async Promise.all (index 0)
          at async Promise.all (index 1)

  console.log
    prisma:query SELECT "public"."units"."id", "public"."units"."name", "public"."units"."type"::text, "public"."units"."cnpj", "public"."units"."phone", "public"."units"."email", "public"."units"."address", "public"."units"."city", "public"."units"."state", "public"."units"."zipCode", "public"."units"."isActive", "public"."units"."createdAt", "public"."units"."updatedAt" FROM "public"."units" WHERE ("public"."units"."id" = $1 AND 1=1) LIMIT $2 OFFSET $3

      at Object.Kl (../node_modules/@prisma/internals/src/logger.ts:13:11)

  console.log
    prisma:query INSERT INTO "public"."doctor_units" ("id","doctorId","unitId","consultationPrice","isPrimary","isActive","createdAt") VALUES ($1,$2,$3,$4,$5,$6,$7) RETURNING "public"."doctor_units"."id"

      at Object.Kl (../node_modules/@prisma/internals/src/logger.ts:13:11)

  console.log
    prisma:query SELECT "public"."doctor_units"."id", "public"."doctor_units"."doctorId", "public"."doctor_units"."unitId", "public"."doctor_units"."consultationPrice", "public"."doctor_units"."isPrimary", "public"."doctor_units"."isActive", "public"."doctor_units"."createdAt" FROM "public"."doctor_units" WHERE "public"."doctor_units"."id" = $1 LIMIT $2 OFFSET $3

      at Object.Kl (../node_modules/@prisma/internals/src/logger.ts:13:11)

  console.log
    prisma:query SELECT "public"."units"."id", "public"."units"."name", "public"."units"."type"::text, "public"."units"."city", "public"."units"."state" FROM "public"."units" WHERE "public"."units"."id" = $1 OFFSET $2

      at Object.Kl (../node_modules/@prisma/internals/src/logger.ts:13:11)
          at async Promise.all (index 0)

  console.log
    prisma:query COMMIT

      at Object.Kl (../node_modules/@prisma/internals/src/logger.ts:13:11)

  console.log
    prisma:query DELETE FROM "public"."doctor_units" WHERE EXISTS(SELECT "t0"."id" FROM "public"."doctors" AS "t0" WHERE ("t0"."crm"::text LIKE $1 AND ("public"."doctor_units"."doctorId") = ("t0"."id") AND "t0"."id" IS NOT NULL))

      at Object.Kl (../node_modules/@prisma/internals/src/logger.ts:13:11)

  console.log
    prisma:query DELETE FROM "public"."doctors" WHERE "public"."doctors"."crm"::text LIKE $1

      at Object.Kl (../node_modules/@prisma/internals/src/logger.ts:13:11)

  console.log
    prisma:query DELETE FROM "public"."units" WHERE "public"."units"."name"::text LIKE $1

      at Object.Kl (../node_modules/@prisma/internals/src/logger.ts:13:11)

  console.log
    prisma:query DELETE FROM "public"."users" WHERE "public"."users"."email"::text LIKE $1

      at Object.Kl (../node_modules/@prisma/internals/src/logger.ts:13:11)

PASS test/e2e/doctor-units.e2e-spec.ts (5.411 s)
  Doctor-Units API (e2e)
    POST /doctor-units
      ÔêÜ should create a doctor-unit relationship with all fields (323 ms)
      ÔêÜ should create a doctor-unit without optional fields (102 ms)
      ÔêÜ should create a non-primary doctor-unit relationship (85 ms)
      ÔêÜ should create an inactive doctor-unit relationship (67 ms)
      ÔêÜ should create doctor-unit with different consultation prices (202 ms)
      ÔêÜ should return 400 for missing required fields (69 ms)
      ÔêÜ should return 400 for non-existent doctorId (64 ms)
      ÔêÜ should return 400 for non-existent unitId (54 ms)
      ÔêÜ should return error for duplicate doctor-unit relationship (134 ms)
      ÔêÜ should allow same doctor in different units (72 ms)

A worker process has failed to exit gracefully and has been force exited. This is likely caused by tests leaking due to improper teardown. Try running with 
--detectOpenHandles to find leaks. Active timers can also cause this, ensure that .unref() was called on them.
Test Suites: 3 failed, 2 passed, 5 total
Tests:       11 failed, 26 passed, 37 total
Snapshots:   0 total
Time:        6.569 s
Ran all test suites.
